******************************************************************************
                  TI ARM Linker PC v18.1.3                     
******************************************************************************
>> Linked Sat Mar 30 12:47:05 2019

OUTPUT FILE NAME:   <gimbal_master.out>
ENTRY POINT SYMBOL: "_c_int00_noargs"  address: 000034e5


MEMORY CONFIGURATION

         name            origin    length      used     unused   attr    fill
----------------------  --------  ---------  --------  --------  ----  --------
  FLASH                 00000000   00040000  0000398e  0003c672  R  X
  SRAM                  20000000   00008000  00000895  0000776b  RW X


SEGMENT ALLOCATION MAP

run origin  load origin   length   init length attrs members
----------  ----------- ---------- ----------- ----- -------
00000000    00000000    00003998   00003998    r-x
  00000000    00000000    0000026c   0000026c    r-- .intvecs
  0000026c    0000026c    00003486   00003486    r-x .text
  000036f8    000036f8    00000264   00000264    r-- .const
  00003960    00003960    00000038   00000038    r-- .cinit
20000000    20000000    0000089c   00000000    rw-
  20000000    20000000    00000681   00000000    rw- .bss
  20000688    20000688    00000200   00000000    rw- .stack
  20000888    20000888    00000014   00000000    rw- .data


SECTION ALLOCATION MAP

 output                                  attributes/
section   page    origin      length       input sections
--------  ----  ----------  ----------   ----------------
.intvecs   0    00000000    0000026c     
                  00000000    0000026c     tm4c123gh6pm_startup_ccs.obj (.intvecs)

.text      0    0000026c    00003486     
                  0000026c    00001694     LSM9DS1.obj (.text)
                  00001900    0000049c     uartstdio.obj (.text)
                  00001d9c    00000464     i2c.obj (.text)
                  00002200    000002ec     rtsv7M4_T_le_v4SPD16_eabi.lib : s_atan.c.obj (.text:atan)
                  000024ec    000001ec                                   : e_atan2.c.obj (.text:atan2)
                  000026d8    000001b6                                   : fd_add_t2.asm.obj (.text)
                  0000288e    00000002                                   : div0.asm.obj (.text)
                  00002890    00000158                                   : e_sqrt.c.obj (.text:sqrt)
                  000029e8    00000136                                   : fd_div_t2.asm.obj (.text)
                  00002b1e    00000132     driverlib.lib : gpio.obj (.text:GPIOPadConfigSet)
                  00002c50    00000114     main.obj (.text)
                  00002d64    00000110     driverlib.lib : sysctl.obj (.text:SysCtlClockGet)
                  00002e74    000000fc     rtsv7M4_T_le_v4SPD16_eabi.lib : fd_mul_t2.asm.obj (.text)
                  00002f70    000000f4     driverlib.lib : sysctl.obj (.text:SysCtlClockSet)
                  00003064    0000009c     rtsv7M4_T_le_v4SPD16_eabi.lib : memcpy_t2.asm.obj (.text)
                  00003100    00000086                                   : fd_cmp_t2.asm.obj (.text:__aeabi_cdrcmple)
                  00003186    0000007a                                   : memset_t2.asm.obj (.text)
                  00003200    0000006e                                   : fd_tos_t2.asm.obj (.text)
                  0000326e    00000002     --HOLE-- [fill = 0]
                  00003270    00000068     driverlib.lib : interrupt.obj (.text:IntEnable)
                  000032d8    00000068     rtsv7M4_T_le_v4SPD16_eabi.lib : copy_decompress_lzss.c.obj (.text:decompress:lzss:__TI_decompress_lzss)
                  00003340    00000058     basic_functions.obj (.text)
                  00003398    00000048     driverlib.lib : gpio.obj (.text:GPIOPinConfigure)
                  000033e0    00000046                   : uart.obj (.text:UARTConfigSetExpClk)
                  00003426    00000002     --HOLE-- [fill = 0]
                  00003428    00000044     rtsv7M4_T_le_v4SPD16_eabi.lib : autoinit.c.obj (.text:__TI_auto_init_nobinit_nopinit:__TI_auto_init_nobinit_nopinit)
                  0000346c    00000040                                   : u_divt2.asm.obj (.text)
                  000034ac    00000038     driverlib.lib : sysctl.obj (.text:SysCtlPeripheralPresent)
                  000034e4    00000038     rtsv7M4_T_le_v4SPD16_eabi.lib : boot_cortex_m.c.obj (.text:_c_int00_noargs:_c_int00_noargs)
                  0000351c    00000038                                   : fs_tod_t2.asm.obj (.text)
                  00003554    00000034     driverlib.lib : sysctl.obj (.text:SysCtlPeripheralEnable)
                  00003588    0000002e     rtsv7M4_T_le_v4SPD16_eabi.lib : i_tofd_t2.asm.obj (.text)
                  000035b6    0000002a     driverlib.lib : gpio.obj (.text:GPIODirModeSet)
                  000035e0    00000020                   : uart.obj (.text:UARTDisable)
                  00003600    00000020     rtsv7M4_T_le_v4SPD16_eabi.lib : u_tofd_t2.asm.obj (.text)
                  00003620    00000014     driverlib.lib : uart.obj (.text:UARTEnable)
                  00003634    00000012                   : gpio.obj (.text:GPIOPinTypeUART)
                  00003646    00000010                   : interrupt.obj (.text:IntMasterDisable)
                  00003656    00000010                   : interrupt.obj (.text:IntMasterEnable)
                  00003666    0000000e     rtsv7M4_T_le_v4SPD16_eabi.lib : copy_decompress_none.c.obj (.text:decompress:none:__TI_decompress_none)
                  00003674    0000000c     driverlib.lib : cpu.obj (.text:CPUcpsid)
                  00003680    0000000c                   : cpu.obj (.text:CPUcpsie)
                  0000368c    0000000c     rtsv7M4_T_le_v4SPD16_eabi.lib : copy_zero_init.c.obj (.text:decompress:ZI:__TI_zero_init)
                  00003698    0000000c     tm4c123gh6pm_startup_ccs.obj (.text)
                  000036a4    0000000a     driverlib.lib : uart.obj (.text:UARTCharGet)
                  000036ae    0000000a                   : uart.obj (.text:UARTCharPut)
                  000036b8    00000008                   : i2c.obj (.text:I2CMasterBusy)
                  000036c0    00000008                   : i2c.obj (.text:I2CMasterSlaveAddrSet)
                  000036c8    00000008                   : uart.obj (.text:UARTIntEnable)
                  000036d0    00000008     rtsv7M4_T_le_v4SPD16_eabi.lib : errno.c.obj (.text:__aeabi_errno_addr)
                  000036d8    00000006     driverlib.lib : sysctl.obj (.text:SysCtlDelay)
                  000036de    00000004                   : i2c.obj (.text:I2CMasterControl)
                  000036e2    00000004                   : i2c.obj (.text:I2CMasterDataGet)
                  000036e6    00000004                   : i2c.obj (.text:I2CMasterDataPut)
                  000036ea    00000004     rtsv7M4_T_le_v4SPD16_eabi.lib : pre_init.c.obj (.text:_system_pre_init)
                  000036ee    00000004                                   : exit.c.obj (.text:abort:abort)

.const     0    000036f8    00000264     
                  000036f8    00000098     rtsv7M4_T_le_v4SPD16_eabi.lib : s_atan.c.obj (.const:$O1$$)
                  00003790    00000090     driverlib.lib : gpio.obj (.const:g_pui32GPIOBaseAddrs)
                  00003820    00000070                   : interrupt.obj (.const)
                  00003890    0000006c                   : sysctl.obj (.const:g_pui32Xtals)
                  000038fc    00000012     uartstdio.obj (.const:.string)
                  0000390e    00000002     --HOLE-- [fill = 0]
                  00003910    00000010     LSM9DS1.obj (.const:magSensitivity)
                  00003920    0000000c     LSM9DS1.obj (.const:$P$T0$1)
                  0000392c    0000000c     LSM9DS1.obj (.const:$P$T1$2)
                  00003938    0000000c     uartstdio.obj (.const:g_ui32UARTBase)
                  00003944    0000000c     uartstdio.obj (.const:g_ui32UARTPeriph)
                  00003950    00000008     LSM9DS1.obj (.const)
                  00003958    00000004     uartstdio.obj (.const)

.cinit     0    00003960    00000038     
                  00003960    0000000d     (.cinit..data.load) [load image, compression = lzss]
                  0000396d    00000003     --HOLE-- [fill = 0]
                  00003970    0000000c     (__TI_handler_table)
                  0000397c    00000004     --HOLE-- [fill = 0]
                  00003980    00000008     (.cinit..bss.load) [load image, compression = zero_init]
                  00003988    00000010     (__TI_cinit_table)

.init_array 
*          0    00000000    00000000     UNINITIALIZED

.bss       0    20000000    00000681     UNINITIALIZED
                  20000000    000005d8     (.common:dev)
                  200005d8    000000a8     main.obj (.bss:imu)
                  20000680    00000001     (.common:imu_error_flag)

.data      0    20000888    00000014     UNINITIALIZED
                  20000888    00000006     main.obj (.data:imu_config)
                  2000088e    00000002     --HOLE--
                  20000890    00000005     uartstdio.obj (.data)
                  20000895    00000003     --HOLE--
                  20000898    00000004     rtsv7M4_T_le_v4SPD16_eabi.lib : errno.c.obj (.data)

.stack     0    20000688    00000200     UNINITIALIZED
                  20000688    00000004     rtsv7M4_T_le_v4SPD16_eabi.lib : boot_cortex_m.c.obj (.stack)
                  2000068c    000001fc     --HOLE--

MODULE SUMMARY

       Module                         code    ro data   rw data
       ------                         ----    -------   -------
    .\
       LSM9DS1.obj                    5780    48        1      
       main.obj                       276     0         1670   
       uartstdio.obj                  1180    46        5      
       i2c.obj                        1124    0         0      
       tm4c123gh6pm_startup_ccs.obj   12      620       0      
       basic_functions.obj            88      0         0      
    +--+------------------------------+-------+---------+---------+
       Total:                         8460    714       1676   
                                                               
    C:/ti/TivaWare_C_Series-2.1.4.178/driverlib/ccs/Debug/driverlib.lib
       sysctl.obj                     630     108       0      
       gpio.obj                       438     144       0      
       interrupt.obj                  136     112       0      
       uart.obj                       150     0         0      
       i2c.obj                        28      0         0      
       cpu.obj                        24      0         0      
    +--+------------------------------+-------+---------+---------+
       Total:                         1406    364       0      
                                                               
    C:\ti\ccsv8\tools\compiler\ti-cgt-arm_18.1.3.LTS\lib\rtsv7M4_T_le_v4SPD16_eabi.lib
       s_atan.c.obj                   748     152       0      
       e_atan2.c.obj                  492     0         0      
       fd_add_t2.asm.obj              438     0         0      
       e_sqrt.c.obj                   344     0         0      
       fd_div_t2.asm.obj              310     0         0      
       fd_mul_t2.asm.obj              252     0         0      
       memcpy_t2.asm.obj              156     0         0      
       fd_cmp_t2.asm.obj              134     0         0      
       memset_t2.asm.obj              122     0         0      
       fd_tos_t2.asm.obj              110     0         0      
       copy_decompress_lzss.c.obj     104     0         0      
       autoinit.c.obj                 68      0         0      
       u_divt2.asm.obj                64      0         0      
       boot_cortex_m.c.obj            56      0         0      
       fs_tod_t2.asm.obj              56      0         0      
       i_tofd_t2.asm.obj              46      0         0      
       u_tofd_t2.asm.obj              32      0         0      
       copy_decompress_none.c.obj     14      0         0      
       copy_zero_init.c.obj           12      0         0      
       errno.c.obj                    8       0         4      
       exit.c.obj                     4       0         0      
       pre_init.c.obj                 4       0         0      
       div0.asm.obj                   2       0         0      
    +--+------------------------------+-------+---------+---------+
       Total:                         3576    152       4      
                                                               
       Stack:                         0       0         512    
       Linker Generated:              0       49        0      
    +--+------------------------------+-------+---------+---------+
       Grand Total:                   13442   1279      2192   


LINKER GENERATED COPY TABLES

__TI_cinit_table @ 00003988 records: 2, size/record: 8, table size: 16
	.data: load addr=00003960, load size=0000000d bytes, run addr=20000888, run size=00000014 bytes, compression=lzss
	.bss: load addr=00003980, load size=00000008 bytes, run addr=20000000, run size=00000681 bytes, compression=zero_init


LINKER GENERATED HANDLER TABLE

__TI_handler_table @ 00003970 records: 3, size/record: 4, table size: 12
	index: 0, handler: __TI_decompress_lzss
	index: 1, handler: __TI_decompress_none
	index: 2, handler: __TI_zero_init


GLOBAL SYMBOLS: SORTED ALPHABETICALLY BY Name 

address   name                          
-------   ----                          
000036ef  C$$EXIT                       
00003675  CPUcpsid                      
00003681  CPUcpsie                      
000035b7  GPIODirModeSet                
00002b1f  GPIOPadConfigSet              
00003399  GPIOPinConfigure              
00003635  GPIOPinTypeUART               
000036b9  I2CMasterBusy                 
000036df  I2CMasterControl              
000036e3  I2CMasterDataGet              
000036e7  I2CMasterDataPut              
000036c1  I2CMasterSlaveAddrSet         
00001d9d  I2C_Init                      
000020b5  I2C_Read                      
00001fc9  I2C_Write                     
00003271  IntEnable                     
00003647  IntMasterDisable              
00003657  IntMasterEnable               
000018a1  LSM9DS1_I2CreadByte           
000018cb  LSM9DS1_I2CreadBytes          
0000187b  LSM9DS1_I2CwriteByte          
00000ec9  LSM9DS1_accelAvailable        
000004cd  LSM9DS1_calcAttitude          
0000103f  LSM9DS1_calcTemp              
00001321  LSM9DS1_calcaRes              
000012fb  LSM9DS1_calcgRes              
00001359  LSM9DS1_calcmRes              
00000855  LSM9DS1_calibratePosture      
0000141b  LSM9DS1_configAccelInt        
0000144f  LSM9DS1_configAccelThs        
000014c3  LSM9DS1_configGyroInt         
0000150d  LSM9DS1_configGyroThs         
000013ab  LSM9DS1_configInactivity      
000015b7  LSM9DS1_configMagInt          
0000161d  LSM9DS1_configMagThs          
00001757  LSM9DS1_constrainScales       
000016c3  LSM9DS1_enableFIFO            
0000149d  LSM9DS1_getAccelIntSrc        
00001745  LSM9DS1_getFIFOSamples        
00001591  LSM9DS1_getGyroIntSrc         
000013f9  LSM9DS1_getInactivity         
0000164b  LSM9DS1_getMagIntSrc          
00000ee3  LSM9DS1_gyroAvailable         
0000026d  LSM9DS1_init                  
0000072f  LSM9DS1_initAccel             
000005dd  LSM9DS1_initGyro              
00000db7  LSM9DS1_initMag               
00000c31  LSM9DS1_mAverage              
00001843  LSM9DS1_mReadByte             
00001859  LSM9DS1_mReadBytes            
000017ed  LSM9DS1_mWriteByte            
00000f1b  LSM9DS1_magAvailable          
00000d5b  LSM9DS1_magOffset             
00000f49  LSM9DS1_readAccel             
00000ffd  LSM9DS1_readGyro              
00000f8b  LSM9DS1_readMag               
00000fcd  LSM9DS1_readTemp              
00001255  LSM9DS1_setAccelODR           
000010e5  LSM9DS1_setAccelScale         
00001705  LSM9DS1_setFIFO               
000011fd  LSM9DS1_setGyroODR            
00001067  LSM9DS1_setGyroScale          
000012ad  LSM9DS1_setMagODR             
00001171  LSM9DS1_setMagScale           
00000489  LSM9DS1_sleep                 
00001681  LSM9DS1_sleepGyro             
0000044f  LSM9DS1_step                  
00000eff  LSM9DS1_tempAvailable         
00000b01  LSM9DS1_xgAverage             
0000180b  LSM9DS1_xgReadByte            
00001821  LSM9DS1_xgReadBytes           
000017cf  LSM9DS1_xgWriteByte           
00003950  NUM_RETRIES                   
00003954  PI                            
00003699  ResetISR                      
00002d65  SysCtlClockGet                
00002f71  SysCtlClockSet                
000036d9  SysCtlDelay                   
00003555  SysCtlPeripheralEnable        
000034ad  SysCtlPeripheralPresent       
000036a5  UARTCharGet                   
000036af  UARTCharPut                   
000033e1  UARTConfigSetExpClk           
000035e1  UARTDisable                   
00003621  UARTEnable                    
000036c9  UARTIntEnable                 
00001901  UARTStdioConfig               
00003341  UART_init                     
00001a47  UARTgetc                      
0000198d  UARTgets                      
00001d67  UARTprintf                    
00001a6d  UARTvprintf                   
00001947  UARTwrite                     
20000888  __STACK_END                   
00000200  __STACK_SIZE                  
20000888  __STACK_TOP                   
00003988  __TI_CINIT_Base               
00003998  __TI_CINIT_Limit              
00003970  __TI_Handler_Table_Base       
0000397c  __TI_Handler_Table_Limit      
00003429  __TI_auto_init_nobinit_nopinit
000032d9  __TI_decompress_lzss          
00003667  __TI_decompress_none          
ffffffff  __TI_pprof_out_hndl           
ffffffff  __TI_prof_data_size           
ffffffff  __TI_prof_data_start          
00000000  __TI_static_base__            
0000368d  __TI_zero_init                
00003101  __aeabi_cdrcmple              
00003201  __aeabi_d2f                   
000026e3  __aeabi_dadd                  
000029e9  __aeabi_ddiv                  
00002e75  __aeabi_dmul                  
000026d9  __aeabi_dsub                  
000036d1  __aeabi_errno_addr            
0000351d  __aeabi_f2d                   
00003589  __aeabi_i2d                   
0000288f  __aeabi_idiv0                 
0000288f  __aeabi_ldiv0                 
00003187  __aeabi_memclr                
00003187  __aeabi_memclr4               
00003187  __aeabi_memclr8               
00003065  __aeabi_memcpy                
00003065  __aeabi_memcpy4               
00003065  __aeabi_memcpy8               
00003189  __aeabi_memset                
00003189  __aeabi_memset4               
00003189  __aeabi_memset8               
00003601  __aeabi_ui2d                  
0000346d  __aeabi_uidiv                 
0000346d  __aeabi_uidivmod              
ffffffff  __binit__                     
ffffffff  __c_args__                    
UNDEFED   __mpu_init                    
20000688  __stack                       
000034e5  _c_int00_noargs               
UNDEFED   _system_post_cinit            
000036eb  _system_pre_init              
000036ef  abort                         
00002201  atan                          
000024ed  atan2                         
000024ed  atan2l                        
00002201  atanl                         
ffffffff  binit                         
20000000  dev                           
20000898  errno                         
00000000  g_pfnVectors                  
20000888  imu_config                    
20000680  imu_error_flag                
00003910  magSensitivity                
00002c51  main                          
00003065  memcpy                        
0000318f  memset                        
00002c87  printAccel                    
00002cb5  printAttitude                 
00002891  sqrt                          
00002891  sqrtl                         


GLOBAL SYMBOLS: SORTED BY Symbol Address 

address   name                          
-------   ----                          
00000000  __TI_static_base__            
00000000  g_pfnVectors                  
00000200  __STACK_SIZE                  
0000026d  LSM9DS1_init                  
0000044f  LSM9DS1_step                  
00000489  LSM9DS1_sleep                 
000004cd  LSM9DS1_calcAttitude          
000005dd  LSM9DS1_initGyro              
0000072f  LSM9DS1_initAccel             
00000855  LSM9DS1_calibratePosture      
00000b01  LSM9DS1_xgAverage             
00000c31  LSM9DS1_mAverage              
00000d5b  LSM9DS1_magOffset             
00000db7  LSM9DS1_initMag               
00000ec9  LSM9DS1_accelAvailable        
00000ee3  LSM9DS1_gyroAvailable         
00000eff  LSM9DS1_tempAvailable         
00000f1b  LSM9DS1_magAvailable          
00000f49  LSM9DS1_readAccel             
00000f8b  LSM9DS1_readMag               
00000fcd  LSM9DS1_readTemp              
00000ffd  LSM9DS1_readGyro              
0000103f  LSM9DS1_calcTemp              
00001067  LSM9DS1_setGyroScale          
000010e5  LSM9DS1_setAccelScale         
00001171  LSM9DS1_setMagScale           
000011fd  LSM9DS1_setGyroODR            
00001255  LSM9DS1_setAccelODR           
000012ad  LSM9DS1_setMagODR             
000012fb  LSM9DS1_calcgRes              
00001321  LSM9DS1_calcaRes              
00001359  LSM9DS1_calcmRes              
000013ab  LSM9DS1_configInactivity      
000013f9  LSM9DS1_getInactivity         
0000141b  LSM9DS1_configAccelInt        
0000144f  LSM9DS1_configAccelThs        
0000149d  LSM9DS1_getAccelIntSrc        
000014c3  LSM9DS1_configGyroInt         
0000150d  LSM9DS1_configGyroThs         
00001591  LSM9DS1_getGyroIntSrc         
000015b7  LSM9DS1_configMagInt          
0000161d  LSM9DS1_configMagThs          
0000164b  LSM9DS1_getMagIntSrc          
00001681  LSM9DS1_sleepGyro             
000016c3  LSM9DS1_enableFIFO            
00001705  LSM9DS1_setFIFO               
00001745  LSM9DS1_getFIFOSamples        
00001757  LSM9DS1_constrainScales       
000017cf  LSM9DS1_xgWriteByte           
000017ed  LSM9DS1_mWriteByte            
0000180b  LSM9DS1_xgReadByte            
00001821  LSM9DS1_xgReadBytes           
00001843  LSM9DS1_mReadByte             
00001859  LSM9DS1_mReadBytes            
0000187b  LSM9DS1_I2CwriteByte          
000018a1  LSM9DS1_I2CreadByte           
000018cb  LSM9DS1_I2CreadBytes          
00001901  UARTStdioConfig               
00001947  UARTwrite                     
0000198d  UARTgets                      
00001a47  UARTgetc                      
00001a6d  UARTvprintf                   
00001d67  UARTprintf                    
00001d9d  I2C_Init                      
00001fc9  I2C_Write                     
000020b5  I2C_Read                      
00002201  atan                          
00002201  atanl                         
000024ed  atan2                         
000024ed  atan2l                        
000026d9  __aeabi_dsub                  
000026e3  __aeabi_dadd                  
0000288f  __aeabi_idiv0                 
0000288f  __aeabi_ldiv0                 
00002891  sqrt                          
00002891  sqrtl                         
000029e9  __aeabi_ddiv                  
00002b1f  GPIOPadConfigSet              
00002c51  main                          
00002c87  printAccel                    
00002cb5  printAttitude                 
00002d65  SysCtlClockGet                
00002e75  __aeabi_dmul                  
00002f71  SysCtlClockSet                
00003065  __aeabi_memcpy                
00003065  __aeabi_memcpy4               
00003065  __aeabi_memcpy8               
00003065  memcpy                        
00003101  __aeabi_cdrcmple              
00003187  __aeabi_memclr                
00003187  __aeabi_memclr4               
00003187  __aeabi_memclr8               
00003189  __aeabi_memset                
00003189  __aeabi_memset4               
00003189  __aeabi_memset8               
0000318f  memset                        
00003201  __aeabi_d2f                   
00003271  IntEnable                     
000032d9  __TI_decompress_lzss          
00003341  UART_init                     
00003399  GPIOPinConfigure              
000033e1  UARTConfigSetExpClk           
00003429  __TI_auto_init_nobinit_nopinit
0000346d  __aeabi_uidiv                 
0000346d  __aeabi_uidivmod              
000034ad  SysCtlPeripheralPresent       
000034e5  _c_int00_noargs               
0000351d  __aeabi_f2d                   
00003555  SysCtlPeripheralEnable        
00003589  __aeabi_i2d                   
000035b7  GPIODirModeSet                
000035e1  UARTDisable                   
00003601  __aeabi_ui2d                  
00003621  UARTEnable                    
00003635  GPIOPinTypeUART               
00003647  IntMasterDisable              
00003657  IntMasterEnable               
00003667  __TI_decompress_none          
00003675  CPUcpsid                      
00003681  CPUcpsie                      
0000368d  __TI_zero_init                
00003699  ResetISR                      
000036a5  UARTCharGet                   
000036af  UARTCharPut                   
000036b9  I2CMasterBusy                 
000036c1  I2CMasterSlaveAddrSet         
000036c9  UARTIntEnable                 
000036d1  __aeabi_errno_addr            
000036d9  SysCtlDelay                   
000036df  I2CMasterControl              
000036e3  I2CMasterDataGet              
000036e7  I2CMasterDataPut              
000036eb  _system_pre_init              
000036ef  C$$EXIT                       
000036ef  abort                         
00003910  magSensitivity                
00003950  NUM_RETRIES                   
00003954  PI                            
00003970  __TI_Handler_Table_Base       
0000397c  __TI_Handler_Table_Limit      
00003988  __TI_CINIT_Base               
00003998  __TI_CINIT_Limit              
20000000  dev                           
20000680  imu_error_flag                
20000688  __stack                       
20000888  __STACK_END                   
20000888  __STACK_TOP                   
20000888  imu_config                    
20000898  errno                         
ffffffff  __TI_pprof_out_hndl           
ffffffff  __TI_prof_data_size           
ffffffff  __TI_prof_data_start          
ffffffff  __binit__                     
ffffffff  __c_args__                    
ffffffff  binit                         
UNDEFED   __mpu_init                    
UNDEFED   _system_post_cinit            

[157 symbols]
