******************************************************************************
                  TI ARM Linker PC v18.1.3                     
******************************************************************************
>> Linked Sat Mar 30 12:18:27 2019

OUTPUT FILE NAME:   <gimbal_master.out>
ENTRY POINT SYMBOL: "_c_int00_noargs"  address: 00003535


MEMORY CONFIGURATION

         name            origin    length      used     unused   attr    fill
----------------------  --------  ---------  --------  --------  ----  --------
  FLASH                 00000000   00040000  000039da  0003c626  R  X
  SRAM                  20000000   00008000  00000895  0000776b  RW X


SEGMENT ALLOCATION MAP

run origin  load origin   length   init length attrs members
----------  ----------- ---------- ----------- ----- -------
00000000    00000000    000039e0   000039e0    r-x
  00000000    00000000    0000026c   0000026c    r-- .intvecs
  0000026c    0000026c    000034d6   000034d6    r-x .text
  00003748    00003748    00000260   00000260    r-- .const
  000039a8    000039a8    00000038   00000038    r-- .cinit
20000000    20000000    0000089c   00000000    rw-
  20000000    20000000    00000681   00000000    rw- .bss
  20000688    20000688    00000200   00000000    rw- .stack
  20000888    20000888    00000014   00000000    rw- .data


SECTION ALLOCATION MAP

 output                                  attributes/
section   page    origin      length       input sections
--------  ----  ----------  ----------   ----------------
.intvecs   0    00000000    0000026c     
                  00000000    0000026c     tm4c123gh6pm_startup_ccs.obj (.intvecs)

.text      0    0000026c    000034d6     
                  0000026c    000015bc     LSM9DS1.obj (.text)
                  00001828    0000049c     uartstdio.obj (.text)
                  00001cc4    00000464     i2c.obj (.text)
                  00002128    000002ec     rtsv7M4_T_le_v4SPD16_eabi.lib : s_atan.c.obj (.text:atan)
                  00002414    0000023c     main.obj (.text)
                  00002650    000001ec     rtsv7M4_T_le_v4SPD16_eabi.lib : e_atan2.c.obj (.text:atan2)
                  0000283c    000001b6                                   : fd_add_t2.asm.obj (.text)
                  000029f2    00000002                                   : div0.asm.obj (.text)
                  000029f4    00000158                                   : e_sqrt.c.obj (.text:sqrt)
                  00002b4c    00000136                                   : fd_div_t2.asm.obj (.text)
                  00002c82    00000132     driverlib.lib : gpio.obj (.text:GPIOPadConfigSet)
                  00002db4    00000110                   : sysctl.obj (.text:SysCtlClockGet)
                  00002ec4    000000fc     rtsv7M4_T_le_v4SPD16_eabi.lib : fd_mul_t2.asm.obj (.text)
                  00002fc0    000000f4     driverlib.lib : sysctl.obj (.text:SysCtlClockSet)
                  000030b4    0000009c     rtsv7M4_T_le_v4SPD16_eabi.lib : memcpy_t2.asm.obj (.text)
                  00003150    00000086                                   : fd_cmp_t2.asm.obj (.text:__aeabi_cdrcmple)
                  000031d6    0000007a                                   : memset_t2.asm.obj (.text)
                  00003250    0000006e                                   : fd_tos_t2.asm.obj (.text)
                  000032be    00000002     --HOLE-- [fill = 0]
                  000032c0    00000068     driverlib.lib : interrupt.obj (.text:IntEnable)
                  00003328    00000068     rtsv7M4_T_le_v4SPD16_eabi.lib : copy_decompress_lzss.c.obj (.text:decompress:lzss:__TI_decompress_lzss)
                  00003390    00000058     basic_functions.obj (.text)
                  000033e8    00000048     driverlib.lib : gpio.obj (.text:GPIOPinConfigure)
                  00003430    00000046                   : uart.obj (.text:UARTConfigSetExpClk)
                  00003476    00000002     --HOLE-- [fill = 0]
                  00003478    00000044     rtsv7M4_T_le_v4SPD16_eabi.lib : autoinit.c.obj (.text:__TI_auto_init_nobinit_nopinit:__TI_auto_init_nobinit_nopinit)
                  000034bc    00000040                                   : u_divt2.asm.obj (.text)
                  000034fc    00000038     driverlib.lib : sysctl.obj (.text:SysCtlPeripheralPresent)
                  00003534    00000038     rtsv7M4_T_le_v4SPD16_eabi.lib : boot_cortex_m.c.obj (.text:_c_int00_noargs:_c_int00_noargs)
                  0000356c    00000038                                   : fs_tod_t2.asm.obj (.text)
                  000035a4    00000034     driverlib.lib : sysctl.obj (.text:SysCtlPeripheralEnable)
                  000035d8    0000002e     rtsv7M4_T_le_v4SPD16_eabi.lib : i_tofd_t2.asm.obj (.text)
                  00003606    0000002a     driverlib.lib : gpio.obj (.text:GPIODirModeSet)
                  00003630    00000020                   : uart.obj (.text:UARTDisable)
                  00003650    00000020     rtsv7M4_T_le_v4SPD16_eabi.lib : u_tofd_t2.asm.obj (.text)
                  00003670    00000014     driverlib.lib : uart.obj (.text:UARTEnable)
                  00003684    00000012                   : gpio.obj (.text:GPIOPinTypeUART)
                  00003696    00000010                   : interrupt.obj (.text:IntMasterDisable)
                  000036a6    00000010                   : interrupt.obj (.text:IntMasterEnable)
                  000036b6    0000000e     rtsv7M4_T_le_v4SPD16_eabi.lib : copy_decompress_none.c.obj (.text:decompress:none:__TI_decompress_none)
                  000036c4    0000000c     driverlib.lib : cpu.obj (.text:CPUcpsid)
                  000036d0    0000000c                   : cpu.obj (.text:CPUcpsie)
                  000036dc    0000000c     rtsv7M4_T_le_v4SPD16_eabi.lib : copy_zero_init.c.obj (.text:decompress:ZI:__TI_zero_init)
                  000036e8    0000000c     tm4c123gh6pm_startup_ccs.obj (.text)
                  000036f4    0000000a     driverlib.lib : uart.obj (.text:UARTCharGet)
                  000036fe    0000000a                   : uart.obj (.text:UARTCharPut)
                  00003708    00000008                   : i2c.obj (.text:I2CMasterBusy)
                  00003710    00000008                   : i2c.obj (.text:I2CMasterSlaveAddrSet)
                  00003718    00000008                   : uart.obj (.text:UARTIntEnable)
                  00003720    00000008     rtsv7M4_T_le_v4SPD16_eabi.lib : errno.c.obj (.text:__aeabi_errno_addr)
                  00003728    00000006     driverlib.lib : sysctl.obj (.text:SysCtlDelay)
                  0000372e    00000004                   : i2c.obj (.text:I2CMasterControl)
                  00003732    00000004                   : i2c.obj (.text:I2CMasterDataGet)
                  00003736    00000004                   : i2c.obj (.text:I2CMasterDataPut)
                  0000373a    00000004     rtsv7M4_T_le_v4SPD16_eabi.lib : pre_init.c.obj (.text:_system_pre_init)
                  0000373e    00000004                                   : exit.c.obj (.text:abort:abort)

.const     0    00003748    00000260     
                  00003748    00000098     rtsv7M4_T_le_v4SPD16_eabi.lib : s_atan.c.obj (.const:$O1$$)
                  000037e0    00000090     driverlib.lib : gpio.obj (.const:g_pui32GPIOBaseAddrs)
                  00003870    00000070                   : interrupt.obj (.const)
                  000038e0    0000006c                   : sysctl.obj (.const:g_pui32Xtals)
                  0000394c    00000012     uartstdio.obj (.const:.string)
                  0000395e    00000002     --HOLE-- [fill = 0]
                  00003960    00000010     LSM9DS1.obj (.const:magSensitivity)
                  00003970    0000000c     LSM9DS1.obj (.const:$P$T0$1)
                  0000397c    0000000c     LSM9DS1.obj (.const:$P$T1$2)
                  00003988    0000000c     uartstdio.obj (.const:g_ui32UARTBase)
                  00003994    0000000c     uartstdio.obj (.const:g_ui32UARTPeriph)
                  000039a0    00000004     main.obj (.const)
                  000039a4    00000004     uartstdio.obj (.const)

.cinit     0    000039a8    00000038     
                  000039a8    0000000d     (.cinit..data.load) [load image, compression = lzss]
                  000039b5    00000003     --HOLE-- [fill = 0]
                  000039b8    0000000c     (__TI_handler_table)
                  000039c4    00000004     --HOLE-- [fill = 0]
                  000039c8    00000008     (.cinit..bss.load) [load image, compression = zero_init]
                  000039d0    00000010     (__TI_cinit_table)

.init_array 
*          0    00000000    00000000     UNINITIALIZED

.bss       0    20000000    00000681     UNINITIALIZED
                  20000000    000005d8     (.common:dev)
                  200005d8    000000a8     main.obj (.bss:imu)
                  20000680    00000001     (.common:imu_error_flag)

.data      0    20000888    00000014     UNINITIALIZED
                  20000888    00000006     main.obj (.data:imu_config)
                  2000088e    00000002     --HOLE--
                  20000890    00000005     uartstdio.obj (.data)
                  20000895    00000003     --HOLE--
                  20000898    00000004     rtsv7M4_T_le_v4SPD16_eabi.lib : errno.c.obj (.data)

.stack     0    20000688    00000200     UNINITIALIZED
                  20000688    00000004     rtsv7M4_T_le_v4SPD16_eabi.lib : boot_cortex_m.c.obj (.stack)
                  2000068c    000001fc     --HOLE--

MODULE SUMMARY

       Module                         code    ro data   rw data
       ------                         ----    -------   -------
    .\
       LSM9DS1.obj                    5564    40        1      
       main.obj                       572     4         1670   
       uartstdio.obj                  1180    46        5      
       i2c.obj                        1124    0         0      
       tm4c123gh6pm_startup_ccs.obj   12      620       0      
       basic_functions.obj            88      0         0      
    +--+------------------------------+-------+---------+---------+
       Total:                         8540    710       1676   
                                                               
    C:/ti/TivaWare_C_Series-2.1.4.178/driverlib/ccs/Debug/driverlib.lib
       sysctl.obj                     630     108       0      
       gpio.obj                       438     144       0      
       interrupt.obj                  136     112       0      
       uart.obj                       150     0         0      
       i2c.obj                        28      0         0      
       cpu.obj                        24      0         0      
    +--+------------------------------+-------+---------+---------+
       Total:                         1406    364       0      
                                                               
    C:\ti\ccsv8\tools\compiler\ti-cgt-arm_18.1.3.LTS\lib\rtsv7M4_T_le_v4SPD16_eabi.lib
       s_atan.c.obj                   748     152       0      
       e_atan2.c.obj                  492     0         0      
       fd_add_t2.asm.obj              438     0         0      
       e_sqrt.c.obj                   344     0         0      
       fd_div_t2.asm.obj              310     0         0      
       fd_mul_t2.asm.obj              252     0         0      
       memcpy_t2.asm.obj              156     0         0      
       fd_cmp_t2.asm.obj              134     0         0      
       memset_t2.asm.obj              122     0         0      
       fd_tos_t2.asm.obj              110     0         0      
       copy_decompress_lzss.c.obj     104     0         0      
       autoinit.c.obj                 68      0         0      
       u_divt2.asm.obj                64      0         0      
       boot_cortex_m.c.obj            56      0         0      
       fs_tod_t2.asm.obj              56      0         0      
       i_tofd_t2.asm.obj              46      0         0      
       u_tofd_t2.asm.obj              32      0         0      
       copy_decompress_none.c.obj     14      0         0      
       copy_zero_init.c.obj           12      0         0      
       errno.c.obj                    8       0         4      
       exit.c.obj                     4       0         0      
       pre_init.c.obj                 4       0         0      
       div0.asm.obj                   2       0         0      
    +--+------------------------------+-------+---------+---------+
       Total:                         3576    152       4      
                                                               
       Stack:                         0       0         512    
       Linker Generated:              0       49        0      
    +--+------------------------------+-------+---------+---------+
       Grand Total:                   13522   1275      2192   


LINKER GENERATED COPY TABLES

__TI_cinit_table @ 000039d0 records: 2, size/record: 8, table size: 16
	.data: load addr=000039a8, load size=0000000d bytes, run addr=20000888, run size=00000014 bytes, compression=lzss
	.bss: load addr=000039c8, load size=00000008 bytes, run addr=20000000, run size=00000681 bytes, compression=zero_init


LINKER GENERATED HANDLER TABLE

__TI_handler_table @ 000039b8 records: 3, size/record: 4, table size: 12
	index: 0, handler: __TI_decompress_lzss
	index: 1, handler: __TI_decompress_none
	index: 2, handler: __TI_zero_init


GLOBAL SYMBOLS: SORTED ALPHABETICALLY BY Name 

address   name                          
-------   ----                          
0000373f  C$$EXIT                       
000036c5  CPUcpsid                      
000036d1  CPUcpsie                      
00003607  GPIODirModeSet                
00002c83  GPIOPadConfigSet              
000033e9  GPIOPinConfigure              
00003685  GPIOPinTypeUART               
00003709  I2CMasterBusy                 
0000372f  I2CMasterControl              
00003733  I2CMasterDataGet              
00003737  I2CMasterDataPut              
00003711  I2CMasterSlaveAddrSet         
00001cc5  I2C_Init                      
00001fdd  I2C_Read                      
00001ef1  I2C_Write                     
000032c1  IntEnable                     
00003697  IntMasterDisable              
000036a7  IntMasterEnable               
000017c9  LSM9DS1_I2CreadByte           
000017f3  LSM9DS1_I2CreadBytes          
000017a3  LSM9DS1_I2CwriteByte          
00000df1  LSM9DS1_accelAvailable        
00000f67  LSM9DS1_calcTemp              
00001249  LSM9DS1_calcaRes              
00001223  LSM9DS1_calcgRes              
00001281  LSM9DS1_calcmRes              
0000077d  LSM9DS1_calibratePosture      
00001343  LSM9DS1_configAccelInt        
00001377  LSM9DS1_configAccelThs        
000013eb  LSM9DS1_configGyroInt         
00001435  LSM9DS1_configGyroThs         
000012d3  LSM9DS1_configInactivity      
000014df  LSM9DS1_configMagInt          
00001545  LSM9DS1_configMagThs          
0000167f  LSM9DS1_constrainScales       
000015eb  LSM9DS1_enableFIFO            
000013c5  LSM9DS1_getAccelIntSrc        
0000166d  LSM9DS1_getFIFOSamples        
000014b9  LSM9DS1_getGyroIntSrc         
00001321  LSM9DS1_getInactivity         
00001573  LSM9DS1_getMagIntSrc          
00000e0b  LSM9DS1_gyroAvailable         
0000026d  LSM9DS1_init                  
00000665  LSM9DS1_initAccel             
0000050d  LSM9DS1_initGyro              
00000cdf  LSM9DS1_initMag               
00000b59  LSM9DS1_mAverage              
0000176b  LSM9DS1_mReadByte             
00001781  LSM9DS1_mReadBytes            
00001715  LSM9DS1_mWriteByte            
00000e43  LSM9DS1_magAvailable          
00000c83  LSM9DS1_magOffset             
00000e71  LSM9DS1_readAccel             
00000f25  LSM9DS1_readGyro              
00000eb3  LSM9DS1_readMag               
00000ef5  LSM9DS1_readTemp              
0000117d  LSM9DS1_setAccelODR           
0000100d  LSM9DS1_setAccelScale         
0000162d  LSM9DS1_setFIFO               
00001125  LSM9DS1_setGyroODR            
00000f8f  LSM9DS1_setGyroScale          
000011d5  LSM9DS1_setMagODR             
00001099  LSM9DS1_setMagScale           
000004c9  LSM9DS1_sleep                 
000015a9  LSM9DS1_sleepGyro             
0000044f  LSM9DS1_step                  
00000e27  LSM9DS1_tempAvailable         
00000a29  LSM9DS1_xgAverage             
00001733  LSM9DS1_xgReadByte            
00001749  LSM9DS1_xgReadBytes           
000016f7  LSM9DS1_xgWriteByte           
000039a0  PI                            
000036e9  ResetISR                      
00002db5  SysCtlClockGet                
00002fc1  SysCtlClockSet                
00003729  SysCtlDelay                   
000035a5  SysCtlPeripheralEnable        
000034fd  SysCtlPeripheralPresent       
000036f5  UARTCharGet                   
000036ff  UARTCharPut                   
00003431  UARTConfigSetExpClk           
00003631  UARTDisable                   
00003671  UARTEnable                    
00003719  UARTIntEnable                 
00001829  UARTStdioConfig               
00003391  UART_init                     
0000196f  UARTgetc                      
000018b5  UARTgets                      
00001c8f  UARTprintf                    
00001995  UARTvprintf                   
0000186f  UARTwrite                     
20000888  __STACK_END                   
00000200  __STACK_SIZE                  
20000888  __STACK_TOP                   
000039d0  __TI_CINIT_Base               
000039e0  __TI_CINIT_Limit              
000039b8  __TI_Handler_Table_Base       
000039c4  __TI_Handler_Table_Limit      
00003479  __TI_auto_init_nobinit_nopinit
00003329  __TI_decompress_lzss          
000036b7  __TI_decompress_none          
ffffffff  __TI_pprof_out_hndl           
ffffffff  __TI_prof_data_size           
ffffffff  __TI_prof_data_start          
00000000  __TI_static_base__            
000036dd  __TI_zero_init                
00003151  __aeabi_cdrcmple              
00003251  __aeabi_d2f                   
00002847  __aeabi_dadd                  
00002b4d  __aeabi_ddiv                  
00002ec5  __aeabi_dmul                  
0000283d  __aeabi_dsub                  
00003721  __aeabi_errno_addr            
0000356d  __aeabi_f2d                   
000035d9  __aeabi_i2d                   
000029f3  __aeabi_idiv0                 
000029f3  __aeabi_ldiv0                 
000031d7  __aeabi_memclr                
000031d7  __aeabi_memclr4               
000031d7  __aeabi_memclr8               
000030b5  __aeabi_memcpy                
000030b5  __aeabi_memcpy4               
000030b5  __aeabi_memcpy8               
000031d9  __aeabi_memset                
000031d9  __aeabi_memset4               
000031d9  __aeabi_memset8               
00003651  __aeabi_ui2d                  
000034bd  __aeabi_uidiv                 
000034bd  __aeabi_uidivmod              
ffffffff  __binit__                     
ffffffff  __c_args__                    
UNDEFED   __mpu_init                    
20000688  __stack                       
00003535  _c_int00_noargs               
UNDEFED   _system_post_cinit            
0000373b  _system_pre_init              
0000373f  abort                         
00002129  atan                          
00002651  atan2                         
00002651  atan2l                        
00002129  atanl                         
ffffffff  binit                         
20000000  dev                           
20000898  errno                         
00000000  g_pfnVectors                  
20000888  imu_config                    
20000680  imu_error_flag                
00003960  magSensitivity                
00002415  main                          
000030b5  memcpy                        
000031df  memset                        
0000246d  printAccel                    
000024a1  printAttitude                 
000029f5  sqrt                          
000029f5  sqrtl                         


GLOBAL SYMBOLS: SORTED BY Symbol Address 

address   name                          
-------   ----                          
00000000  __TI_static_base__            
00000000  g_pfnVectors                  
00000200  __STACK_SIZE                  
0000026d  LSM9DS1_init                  
0000044f  LSM9DS1_step                  
000004c9  LSM9DS1_sleep                 
0000050d  LSM9DS1_initGyro              
00000665  LSM9DS1_initAccel             
0000077d  LSM9DS1_calibratePosture      
00000a29  LSM9DS1_xgAverage             
00000b59  LSM9DS1_mAverage              
00000c83  LSM9DS1_magOffset             
00000cdf  LSM9DS1_initMag               
00000df1  LSM9DS1_accelAvailable        
00000e0b  LSM9DS1_gyroAvailable         
00000e27  LSM9DS1_tempAvailable         
00000e43  LSM9DS1_magAvailable          
00000e71  LSM9DS1_readAccel             
00000eb3  LSM9DS1_readMag               
00000ef5  LSM9DS1_readTemp              
00000f25  LSM9DS1_readGyro              
00000f67  LSM9DS1_calcTemp              
00000f8f  LSM9DS1_setGyroScale          
0000100d  LSM9DS1_setAccelScale         
00001099  LSM9DS1_setMagScale           
00001125  LSM9DS1_setGyroODR            
0000117d  LSM9DS1_setAccelODR           
000011d5  LSM9DS1_setMagODR             
00001223  LSM9DS1_calcgRes              
00001249  LSM9DS1_calcaRes              
00001281  LSM9DS1_calcmRes              
000012d3  LSM9DS1_configInactivity      
00001321  LSM9DS1_getInactivity         
00001343  LSM9DS1_configAccelInt        
00001377  LSM9DS1_configAccelThs        
000013c5  LSM9DS1_getAccelIntSrc        
000013eb  LSM9DS1_configGyroInt         
00001435  LSM9DS1_configGyroThs         
000014b9  LSM9DS1_getGyroIntSrc         
000014df  LSM9DS1_configMagInt          
00001545  LSM9DS1_configMagThs          
00001573  LSM9DS1_getMagIntSrc          
000015a9  LSM9DS1_sleepGyro             
000015eb  LSM9DS1_enableFIFO            
0000162d  LSM9DS1_setFIFO               
0000166d  LSM9DS1_getFIFOSamples        
0000167f  LSM9DS1_constrainScales       
000016f7  LSM9DS1_xgWriteByte           
00001715  LSM9DS1_mWriteByte            
00001733  LSM9DS1_xgReadByte            
00001749  LSM9DS1_xgReadBytes           
0000176b  LSM9DS1_mReadByte             
00001781  LSM9DS1_mReadBytes            
000017a3  LSM9DS1_I2CwriteByte          
000017c9  LSM9DS1_I2CreadByte           
000017f3  LSM9DS1_I2CreadBytes          
00001829  UARTStdioConfig               
0000186f  UARTwrite                     
000018b5  UARTgets                      
0000196f  UARTgetc                      
00001995  UARTvprintf                   
00001c8f  UARTprintf                    
00001cc5  I2C_Init                      
00001ef1  I2C_Write                     
00001fdd  I2C_Read                      
00002129  atan                          
00002129  atanl                         
00002415  main                          
0000246d  printAccel                    
000024a1  printAttitude                 
00002651  atan2                         
00002651  atan2l                        
0000283d  __aeabi_dsub                  
00002847  __aeabi_dadd                  
000029f3  __aeabi_idiv0                 
000029f3  __aeabi_ldiv0                 
000029f5  sqrt                          
000029f5  sqrtl                         
00002b4d  __aeabi_ddiv                  
00002c83  GPIOPadConfigSet              
00002db5  SysCtlClockGet                
00002ec5  __aeabi_dmul                  
00002fc1  SysCtlClockSet                
000030b5  __aeabi_memcpy                
000030b5  __aeabi_memcpy4               
000030b5  __aeabi_memcpy8               
000030b5  memcpy                        
00003151  __aeabi_cdrcmple              
000031d7  __aeabi_memclr                
000031d7  __aeabi_memclr4               
000031d7  __aeabi_memclr8               
000031d9  __aeabi_memset                
000031d9  __aeabi_memset4               
000031d9  __aeabi_memset8               
000031df  memset                        
00003251  __aeabi_d2f                   
000032c1  IntEnable                     
00003329  __TI_decompress_lzss          
00003391  UART_init                     
000033e9  GPIOPinConfigure              
00003431  UARTConfigSetExpClk           
00003479  __TI_auto_init_nobinit_nopinit
000034bd  __aeabi_uidiv                 
000034bd  __aeabi_uidivmod              
000034fd  SysCtlPeripheralPresent       
00003535  _c_int00_noargs               
0000356d  __aeabi_f2d                   
000035a5  SysCtlPeripheralEnable        
000035d9  __aeabi_i2d                   
00003607  GPIODirModeSet                
00003631  UARTDisable                   
00003651  __aeabi_ui2d                  
00003671  UARTEnable                    
00003685  GPIOPinTypeUART               
00003697  IntMasterDisable              
000036a7  IntMasterEnable               
000036b7  __TI_decompress_none          
000036c5  CPUcpsid                      
000036d1  CPUcpsie                      
000036dd  __TI_zero_init                
000036e9  ResetISR                      
000036f5  UARTCharGet                   
000036ff  UARTCharPut                   
00003709  I2CMasterBusy                 
00003711  I2CMasterSlaveAddrSet         
00003719  UARTIntEnable                 
00003721  __aeabi_errno_addr            
00003729  SysCtlDelay                   
0000372f  I2CMasterControl              
00003733  I2CMasterDataGet              
00003737  I2CMasterDataPut              
0000373b  _system_pre_init              
0000373f  C$$EXIT                       
0000373f  abort                         
00003960  magSensitivity                
000039a0  PI                            
000039b8  __TI_Handler_Table_Base       
000039c4  __TI_Handler_Table_Limit      
000039d0  __TI_CINIT_Base               
000039e0  __TI_CINIT_Limit              
20000000  dev                           
20000680  imu_error_flag                
20000688  __stack                       
20000888  __STACK_END                   
20000888  __STACK_TOP                   
20000888  imu_config                    
20000898  errno                         
ffffffff  __TI_pprof_out_hndl           
ffffffff  __TI_prof_data_size           
ffffffff  __TI_prof_data_start          
ffffffff  __binit__                     
ffffffff  __c_args__                    
ffffffff  binit                         
UNDEFED   __mpu_init                    
UNDEFED   _system_post_cinit            

[155 symbols]
