<?xml version="1.0" encoding="ISO-8859-1" ?>
<link_info>
   <banner>TI ARM Linker PC v18.1.3.LTS</banner>
   <copyright>Copyright (c) 1996-2017 Texas Instruments Incorporated</copyright>
   <link_time>0x5c9fc103</link_time>
   <link_errors>0x0</link_errors>
   <output_file>gimbal_master.out</output_file>
   <entry_point>
      <name>_c_int00_noargs</name>
      <address>0x3535</address>
   </entry_point>
   <input_file_list>
      <input_file id="fl-2">
         <path>.\</path>
         <kind>object</kind>
         <file>LSM9DS1.obj</file>
         <name>LSM9DS1.obj</name>
      </input_file>
      <input_file id="fl-3">
         <path>.\</path>
         <kind>object</kind>
         <file>basic_functions.obj</file>
         <name>basic_functions.obj</name>
      </input_file>
      <input_file id="fl-4">
         <path>.\</path>
         <kind>object</kind>
         <file>i2c.obj</file>
         <name>i2c.obj</name>
      </input_file>
      <input_file id="fl-5">
         <path>.\</path>
         <kind>object</kind>
         <file>main.obj</file>
         <name>main.obj</name>
      </input_file>
      <input_file id="fl-6">
         <path>.\</path>
         <kind>object</kind>
         <file>tm4c123gh6pm_startup_ccs.obj</file>
         <name>tm4c123gh6pm_startup_ccs.obj</name>
      </input_file>
      <input_file id="fl-7">
         <path>.\</path>
         <kind>object</kind>
         <file>uartstdio.obj</file>
         <name>uartstdio.obj</name>
      </input_file>
      <input_file id="fl-c">
         <kind>object</kind>
         <file>&lt;internal&gt;</file>
         <name>&lt;internal&gt;</name>
      </input_file>
      <input_file id="fl-d">
         <path>C:\ti\TivaWare_C_Series-2.1.4.178\driverlib\ccs\Debug\</path>
         <kind>archive</kind>
         <file>driverlib.lib</file>
         <name>gpio.obj</name>
      </input_file>
      <input_file id="fl-e">
         <path>C:\ti\TivaWare_C_Series-2.1.4.178\driverlib\ccs\Debug\</path>
         <kind>archive</kind>
         <file>driverlib.lib</file>
         <name>i2c.obj</name>
      </input_file>
      <input_file id="fl-f">
         <path>C:\ti\TivaWare_C_Series-2.1.4.178\driverlib\ccs\Debug\</path>
         <kind>archive</kind>
         <file>driverlib.lib</file>
         <name>interrupt.obj</name>
      </input_file>
      <input_file id="fl-10">
         <path>C:\ti\TivaWare_C_Series-2.1.4.178\driverlib\ccs\Debug\</path>
         <kind>archive</kind>
         <file>driverlib.lib</file>
         <name>sysctl.obj</name>
      </input_file>
      <input_file id="fl-11">
         <path>C:\ti\TivaWare_C_Series-2.1.4.178\driverlib\ccs\Debug\</path>
         <kind>archive</kind>
         <file>driverlib.lib</file>
         <name>uart.obj</name>
      </input_file>
      <input_file id="fl-12">
         <path>C:\ti\TivaWare_C_Series-2.1.4.178\driverlib\ccs\Debug\</path>
         <kind>archive</kind>
         <file>driverlib.lib</file>
         <name>cpu.obj</name>
      </input_file>
      <input_file id="fl-c8">
         <path>C:\ti\ccsv8\tools\compiler\ti-cgt-arm_18.1.3.LTS\lib\</path>
         <kind>archive</kind>
         <file>rtsv7M4_T_le_v4SPD16_eabi.lib</file>
         <name>e_atan2.c.obj</name>
      </input_file>
      <input_file id="fl-c9">
         <path>C:\ti\ccsv8\tools\compiler\ti-cgt-arm_18.1.3.LTS\lib\</path>
         <kind>archive</kind>
         <file>rtsv7M4_T_le_v4SPD16_eabi.lib</file>
         <name>e_sqrt.c.obj</name>
      </input_file>
      <input_file id="fl-ca">
         <path>C:\ti\ccsv8\tools\compiler\ti-cgt-arm_18.1.3.LTS\lib\</path>
         <kind>archive</kind>
         <file>rtsv7M4_T_le_v4SPD16_eabi.lib</file>
         <name>s_atan.c.obj</name>
      </input_file>
      <input_file id="fl-cb">
         <path>C:\ti\ccsv8\tools\compiler\ti-cgt-arm_18.1.3.LTS\lib\</path>
         <kind>archive</kind>
         <file>rtsv7M4_T_le_v4SPD16_eabi.lib</file>
         <name>memset_t2.asm.obj</name>
      </input_file>
      <input_file id="fl-cc">
         <path>C:\ti\ccsv8\tools\compiler\ti-cgt-arm_18.1.3.LTS\lib\</path>
         <kind>archive</kind>
         <file>rtsv7M4_T_le_v4SPD16_eabi.lib</file>
         <name>u_divt2.asm.obj</name>
      </input_file>
      <input_file id="fl-cd">
         <path>C:\ti\ccsv8\tools\compiler\ti-cgt-arm_18.1.3.LTS\lib\</path>
         <kind>archive</kind>
         <file>rtsv7M4_T_le_v4SPD16_eabi.lib</file>
         <name>fd_add_t2.asm.obj</name>
      </input_file>
      <input_file id="fl-ce">
         <path>C:\ti\ccsv8\tools\compiler\ti-cgt-arm_18.1.3.LTS\lib\</path>
         <kind>archive</kind>
         <file>rtsv7M4_T_le_v4SPD16_eabi.lib</file>
         <name>fd_cmp_t2.asm.obj</name>
      </input_file>
      <input_file id="fl-cf">
         <path>C:\ti\ccsv8\tools\compiler\ti-cgt-arm_18.1.3.LTS\lib\</path>
         <kind>archive</kind>
         <file>rtsv7M4_T_le_v4SPD16_eabi.lib</file>
         <name>fd_div_t2.asm.obj</name>
      </input_file>
      <input_file id="fl-d0">
         <path>C:\ti\ccsv8\tools\compiler\ti-cgt-arm_18.1.3.LTS\lib\</path>
         <kind>archive</kind>
         <file>rtsv7M4_T_le_v4SPD16_eabi.lib</file>
         <name>fd_mul_t2.asm.obj</name>
      </input_file>
      <input_file id="fl-d1">
         <path>C:\ti\ccsv8\tools\compiler\ti-cgt-arm_18.1.3.LTS\lib\</path>
         <kind>archive</kind>
         <file>rtsv7M4_T_le_v4SPD16_eabi.lib</file>
         <name>fd_tos_t2.asm.obj</name>
      </input_file>
      <input_file id="fl-d2">
         <path>C:\ti\ccsv8\tools\compiler\ti-cgt-arm_18.1.3.LTS\lib\</path>
         <kind>archive</kind>
         <file>rtsv7M4_T_le_v4SPD16_eabi.lib</file>
         <name>fs_tod_t2.asm.obj</name>
      </input_file>
      <input_file id="fl-d3">
         <path>C:\ti\ccsv8\tools\compiler\ti-cgt-arm_18.1.3.LTS\lib\</path>
         <kind>archive</kind>
         <file>rtsv7M4_T_le_v4SPD16_eabi.lib</file>
         <name>i_tofd_t2.asm.obj</name>
      </input_file>
      <input_file id="fl-d4">
         <path>C:\ti\ccsv8\tools\compiler\ti-cgt-arm_18.1.3.LTS\lib\</path>
         <kind>archive</kind>
         <file>rtsv7M4_T_le_v4SPD16_eabi.lib</file>
         <name>u_tofd_t2.asm.obj</name>
      </input_file>
      <input_file id="fl-d5">
         <path>C:\ti\ccsv8\tools\compiler\ti-cgt-arm_18.1.3.LTS\lib\</path>
         <kind>archive</kind>
         <file>rtsv7M4_T_le_v4SPD16_eabi.lib</file>
         <name>copy_zero_init.c.obj</name>
      </input_file>
      <input_file id="fl-d6">
         <path>C:\ti\ccsv8\tools\compiler\ti-cgt-arm_18.1.3.LTS\lib\</path>
         <kind>archive</kind>
         <file>rtsv7M4_T_le_v4SPD16_eabi.lib</file>
         <name>copy_decompress_none.c.obj</name>
      </input_file>
      <input_file id="fl-d7">
         <path>C:\ti\ccsv8\tools\compiler\ti-cgt-arm_18.1.3.LTS\lib\</path>
         <kind>archive</kind>
         <file>rtsv7M4_T_le_v4SPD16_eabi.lib</file>
         <name>copy_decompress_lzss.c.obj</name>
      </input_file>
      <input_file id="fl-d8">
         <path>C:\ti\ccsv8\tools\compiler\ti-cgt-arm_18.1.3.LTS\lib\</path>
         <kind>archive</kind>
         <file>rtsv7M4_T_le_v4SPD16_eabi.lib</file>
         <name>errno.c.obj</name>
      </input_file>
      <input_file id="fl-d9">
         <path>C:\ti\ccsv8\tools\compiler\ti-cgt-arm_18.1.3.LTS\lib\</path>
         <kind>archive</kind>
         <file>rtsv7M4_T_le_v4SPD16_eabi.lib</file>
         <name>boot_cortex_m.c.obj</name>
      </input_file>
      <input_file id="fl-da">
         <path>C:\ti\ccsv8\tools\compiler\ti-cgt-arm_18.1.3.LTS\lib\</path>
         <kind>archive</kind>
         <file>rtsv7M4_T_le_v4SPD16_eabi.lib</file>
         <name>div0.asm.obj</name>
      </input_file>
      <input_file id="fl-db">
         <path>C:\ti\ccsv8\tools\compiler\ti-cgt-arm_18.1.3.LTS\lib\</path>
         <kind>archive</kind>
         <file>rtsv7M4_T_le_v4SPD16_eabi.lib</file>
         <name>memcpy_t2.asm.obj</name>
      </input_file>
      <input_file id="fl-dc">
         <path>C:\ti\ccsv8\tools\compiler\ti-cgt-arm_18.1.3.LTS\lib\</path>
         <kind>archive</kind>
         <file>rtsv7M4_T_le_v4SPD16_eabi.lib</file>
         <name>autoinit.c.obj</name>
      </input_file>
      <input_file id="fl-dd">
         <path>C:\ti\ccsv8\tools\compiler\ti-cgt-arm_18.1.3.LTS\lib\</path>
         <kind>archive</kind>
         <file>rtsv7M4_T_le_v4SPD16_eabi.lib</file>
         <name>pre_init.c.obj</name>
      </input_file>
      <input_file id="fl-de">
         <path>C:\ti\ccsv8\tools\compiler\ti-cgt-arm_18.1.3.LTS\lib\</path>
         <kind>archive</kind>
         <file>rtsv7M4_T_le_v4SPD16_eabi.lib</file>
         <name>cpy_tbl.c.obj</name>
      </input_file>
      <input_file id="fl-df">
         <path>C:\ti\ccsv8\tools\compiler\ti-cgt-arm_18.1.3.LTS\lib\</path>
         <kind>archive</kind>
         <file>rtsv7M4_T_le_v4SPD16_eabi.lib</file>
         <name>exit.c.obj</name>
      </input_file>
      <input_file id="fl-e0">
         <path>C:\ti\ccsv8\tools\compiler\ti-cgt-arm_18.1.3.LTS\lib\</path>
         <kind>archive</kind>
         <file>rtsv7M4_T_le_v4SPD16_eabi.lib</file>
         <name>_lock.c.obj</name>
      </input_file>
      <input_file id="fl-e1">
         <path>C:\ti\ccsv8\tools\compiler\ti-cgt-arm_18.1.3.LTS\lib\</path>
         <kind>archive</kind>
         <file>rtsv7M4_T_le_v4SPD16_eabi.lib</file>
         <name>args_main.c.obj</name>
      </input_file>
   </input_file_list>
   <object_component_list>
      <object_component id="oc-f">
         <name>.intvecs</name>
         <load_address>0x0</load_address>
         <run_address>0x0</run_address>
         <size>0x26c</size>
         <input_file_ref idref="fl-6"/>
      </object_component>
      <object_component id="oc-d8">
         <name>.text</name>
         <load_address>0x26c</load_address>
         <run_address>0x26c</run_address>
         <size>0x15bc</size>
         <input_file_ref idref="fl-2"/>
      </object_component>
      <object_component id="oc-df">
         <name>.text</name>
         <load_address>0x1828</load_address>
         <run_address>0x1828</run_address>
         <size>0x49c</size>
         <input_file_ref idref="fl-7"/>
      </object_component>
      <object_component id="oc-d2">
         <name>.text</name>
         <load_address>0x1cc4</load_address>
         <run_address>0x1cc4</run_address>
         <size>0x464</size>
         <input_file_ref idref="fl-4"/>
      </object_component>
      <object_component id="oc-20a">
         <name>.text:atan</name>
         <load_address>0x2128</load_address>
         <run_address>0x2128</run_address>
         <size>0x2ec</size>
         <input_file_ref idref="fl-ca"/>
      </object_component>
      <object_component id="oc-98">
         <name>.text</name>
         <load_address>0x2414</load_address>
         <run_address>0x2414</run_address>
         <size>0x23c</size>
         <input_file_ref idref="fl-5"/>
      </object_component>
      <object_component id="oc-ea">
         <name>.text:atan2</name>
         <load_address>0x2650</load_address>
         <run_address>0x2650</run_address>
         <size>0x1ec</size>
         <input_file_ref idref="fl-c8"/>
      </object_component>
      <object_component id="oc-1c5">
         <name>.text</name>
         <load_address>0x283c</load_address>
         <run_address>0x283c</run_address>
         <size>0x1b6</size>
         <input_file_ref idref="fl-cd"/>
      </object_component>
      <object_component id="oc-29f">
         <name>.text</name>
         <load_address>0x29f2</load_address>
         <run_address>0x29f2</run_address>
         <size>0x2</size>
         <input_file_ref idref="fl-da"/>
      </object_component>
      <object_component id="oc-f5">
         <name>.text:sqrt</name>
         <load_address>0x29f4</load_address>
         <run_address>0x29f4</run_address>
         <size>0x158</size>
         <input_file_ref idref="fl-c9"/>
      </object_component>
      <object_component id="oc-fb">
         <name>.text</name>
         <load_address>0x2b4c</load_address>
         <run_address>0x2b4c</run_address>
         <size>0x136</size>
         <input_file_ref idref="fl-cf"/>
      </object_component>
      <object_component id="oc-25d">
         <name>.text:GPIOPadConfigSet</name>
         <load_address>0x2c82</load_address>
         <run_address>0x2c82</run_address>
         <size>0x132</size>
         <input_file_ref idref="fl-d"/>
      </object_component>
      <object_component id="oc-175">
         <name>.text:SysCtlClockGet</name>
         <load_address>0x2db4</load_address>
         <run_address>0x2db4</run_address>
         <size>0x110</size>
         <input_file_ref idref="fl-10"/>
      </object_component>
      <object_component id="oc-100">
         <name>.text</name>
         <load_address>0x2ec4</load_address>
         <run_address>0x2ec4</run_address>
         <size>0xfc</size>
         <input_file_ref idref="fl-d0"/>
      </object_component>
      <object_component id="oc-c6">
         <name>.text:SysCtlClockSet</name>
         <load_address>0x2fc0</load_address>
         <run_address>0x2fc0</run_address>
         <size>0xf4</size>
         <input_file_ref idref="fl-10"/>
      </object_component>
      <object_component id="oc-38">
         <name>.text</name>
         <load_address>0x30b4</load_address>
         <run_address>0x30b4</run_address>
         <size>0x9c</size>
         <input_file_ref idref="fl-db"/>
      </object_component>
      <object_component id="oc-2aa">
         <name>.text:__aeabi_cdrcmple</name>
         <load_address>0x3150</load_address>
         <run_address>0x3150</run_address>
         <size>0x86</size>
         <input_file_ref idref="fl-ce"/>
      </object_component>
      <object_component id="oc-8c">
         <name>.text</name>
         <load_address>0x31d6</load_address>
         <run_address>0x31d6</run_address>
         <size>0x7a</size>
         <input_file_ref idref="fl-cb"/>
      </object_component>
      <object_component id="oc-f0">
         <name>.text</name>
         <load_address>0x3250</load_address>
         <run_address>0x3250</run_address>
         <size>0x6e</size>
         <input_file_ref idref="fl-d1"/>
      </object_component>
      <object_component id="oc-181">
         <name>.text:IntEnable</name>
         <load_address>0x32c0</load_address>
         <run_address>0x32c0</run_address>
         <size>0x68</size>
         <input_file_ref idref="fl-f"/>
      </object_component>
      <object_component id="oc-12">
         <name>.text:decompress:lzss:__TI_decompress_lzss</name>
         <load_address>0x3328</load_address>
         <run_address>0x3328</run_address>
         <size>0x68</size>
         <input_file_ref idref="fl-d7"/>
      </object_component>
      <object_component id="oc-cc">
         <name>.text</name>
         <load_address>0x3390</load_address>
         <run_address>0x3390</run_address>
         <size>0x58</size>
         <input_file_ref idref="fl-3"/>
      </object_component>
      <object_component id="oc-169">
         <name>.text:GPIOPinConfigure</name>
         <load_address>0x33e8</load_address>
         <run_address>0x33e8</run_address>
         <size>0x48</size>
         <input_file_ref idref="fl-d"/>
      </object_component>
      <object_component id="oc-1d9">
         <name>.text:UARTConfigSetExpClk</name>
         <load_address>0x3430</load_address>
         <run_address>0x3430</run_address>
         <size>0x46</size>
         <input_file_ref idref="fl-11"/>
      </object_component>
      <object_component id="oc-11e">
         <name>.text:__TI_auto_init_nobinit_nopinit:__TI_auto_init_nobinit_nopinit</name>
         <load_address>0x3478</load_address>
         <run_address>0x3478</run_address>
         <size>0x44</size>
         <input_file_ref idref="fl-dc"/>
      </object_component>
      <object_component id="oc-1fa">
         <name>.text</name>
         <load_address>0x34bc</load_address>
         <run_address>0x34bc</run_address>
         <size>0x40</size>
         <input_file_ref idref="fl-cc"/>
      </object_component>
      <object_component id="oc-1d3">
         <name>.text:SysCtlPeripheralPresent</name>
         <load_address>0x34fc</load_address>
         <run_address>0x34fc</run_address>
         <size>0x38</size>
         <input_file_ref idref="fl-10"/>
      </object_component>
      <object_component id="oc-56">
         <name>.text:_c_int00_noargs:_c_int00_noargs</name>
         <load_address>0x3534</load_address>
         <run_address>0x3534</run_address>
         <size>0x38</size>
         <input_file_ref idref="fl-d9"/>
      </object_component>
      <object_component id="oc-e5">
         <name>.text</name>
         <load_address>0x356c</load_address>
         <run_address>0x356c</run_address>
         <size>0x38</size>
         <input_file_ref idref="fl-d2"/>
      </object_component>
      <object_component id="oc-163">
         <name>.text:SysCtlPeripheralEnable</name>
         <load_address>0x35a4</load_address>
         <run_address>0x35a4</run_address>
         <size>0x34</size>
         <input_file_ref idref="fl-10"/>
      </object_component>
      <object_component id="oc-1c0">
         <name>.text</name>
         <load_address>0x35d8</load_address>
         <run_address>0x35d8</run_address>
         <size>0x2e</size>
         <input_file_ref idref="fl-d3"/>
      </object_component>
      <object_component id="oc-257">
         <name>.text:GPIODirModeSet</name>
         <load_address>0x3606</load_address>
         <run_address>0x3606</run_address>
         <size>0x2a</size>
         <input_file_ref idref="fl-d"/>
      </object_component>
      <object_component id="oc-28f">
         <name>.text:UARTDisable</name>
         <load_address>0x3630</load_address>
         <run_address>0x3630</run_address>
         <size>0x20</size>
         <input_file_ref idref="fl-11"/>
      </object_component>
      <object_component id="oc-1b5">
         <name>.text</name>
         <load_address>0x3650</load_address>
         <run_address>0x3650</run_address>
         <size>0x20</size>
         <input_file_ref idref="fl-d4"/>
      </object_component>
      <object_component id="oc-1df">
         <name>.text:UARTEnable</name>
         <load_address>0x3670</load_address>
         <run_address>0x3670</run_address>
         <size>0x14</size>
         <input_file_ref idref="fl-11"/>
      </object_component>
      <object_component id="oc-16f">
         <name>.text:GPIOPinTypeUART</name>
         <load_address>0x3684</load_address>
         <run_address>0x3684</run_address>
         <size>0x12</size>
         <input_file_ref idref="fl-d"/>
      </object_component>
      <object_component id="oc-18e">
         <name>.text:IntMasterDisable</name>
         <load_address>0x3696</load_address>
         <run_address>0x3696</run_address>
         <size>0x10</size>
         <input_file_ref idref="fl-f"/>
      </object_component>
      <object_component id="oc-17b">
         <name>.text:IntMasterEnable</name>
         <load_address>0x36a6</load_address>
         <run_address>0x36a6</run_address>
         <size>0x10</size>
         <input_file_ref idref="fl-f"/>
      </object_component>
      <object_component id="oc-18">
         <name>.text:decompress:none:__TI_decompress_none</name>
         <load_address>0x36b6</load_address>
         <run_address>0x36b6</run_address>
         <size>0xe</size>
         <input_file_ref idref="fl-d6"/>
      </object_component>
      <object_component id="oc-276">
         <name>.text:CPUcpsid</name>
         <load_address>0x36c4</load_address>
         <run_address>0x36c4</run_address>
         <size>0xc</size>
         <input_file_ref idref="fl-12"/>
      </object_component>
      <object_component id="oc-268">
         <name>.text:CPUcpsie</name>
         <load_address>0x36d0</load_address>
         <run_address>0x36d0</run_address>
         <size>0xc</size>
         <input_file_ref idref="fl-12"/>
      </object_component>
      <object_component id="oc-4a">
         <name>.text:decompress:ZI:__TI_zero_init</name>
         <load_address>0x36dc</load_address>
         <run_address>0x36dc</run_address>
         <size>0xc</size>
         <input_file_ref idref="fl-d5"/>
      </object_component>
      <object_component id="oc-24">
         <name>.text</name>
         <load_address>0x36e8</load_address>
         <run_address>0x36e8</run_address>
         <size>0xc</size>
         <input_file_ref idref="fl-6"/>
      </object_component>
      <object_component id="oc-1eb">
         <name>.text:UARTCharGet</name>
         <load_address>0x36f4</load_address>
         <run_address>0x36f4</run_address>
         <size>0xa</size>
         <input_file_ref idref="fl-11"/>
      </object_component>
      <object_component id="oc-1e5">
         <name>.text:UARTCharPut</name>
         <load_address>0x36fe</load_address>
         <run_address>0x36fe</run_address>
         <size>0xa</size>
         <input_file_ref idref="fl-11"/>
      </object_component>
      <object_component id="oc-1a0">
         <name>.text:I2CMasterBusy</name>
         <load_address>0x3708</load_address>
         <run_address>0x3708</run_address>
         <size>0x8</size>
         <input_file_ref idref="fl-e"/>
      </object_component>
      <object_component id="oc-194">
         <name>.text:I2CMasterSlaveAddrSet</name>
         <load_address>0x3710</load_address>
         <run_address>0x3710</run_address>
         <size>0x8</size>
         <input_file_ref idref="fl-e"/>
      </object_component>
      <object_component id="oc-187">
         <name>.text:UARTIntEnable</name>
         <load_address>0x3718</load_address>
         <run_address>0x3718</run_address>
         <size>0x8</size>
         <input_file_ref idref="fl-11"/>
      </object_component>
      <object_component id="oc-218">
         <name>.text:__aeabi_errno_addr</name>
         <load_address>0x3720</load_address>
         <run_address>0x3720</run_address>
         <size>0x8</size>
         <input_file_ref idref="fl-d8"/>
      </object_component>
      <object_component id="oc-de">
         <name>.text:SysCtlDelay</name>
         <load_address>0x3728</load_address>
         <run_address>0x3728</run_address>
         <size>0x6</size>
         <input_file_ref idref="fl-10"/>
      </object_component>
      <object_component id="oc-1a6">
         <name>.text:I2CMasterControl</name>
         <load_address>0x372e</load_address>
         <run_address>0x372e</run_address>
         <size>0x4</size>
         <input_file_ref idref="fl-e"/>
      </object_component>
      <object_component id="oc-1ac">
         <name>.text:I2CMasterDataGet</name>
         <load_address>0x3732</load_address>
         <run_address>0x3732</run_address>
         <size>0x4</size>
         <input_file_ref idref="fl-e"/>
      </object_component>
      <object_component id="oc-19a">
         <name>.text:I2CMasterDataPut</name>
         <load_address>0x3736</load_address>
         <run_address>0x3736</run_address>
         <size>0x4</size>
         <input_file_ref idref="fl-e"/>
      </object_component>
      <object_component id="oc-92">
         <name>.text:_system_pre_init</name>
         <load_address>0x373a</load_address>
         <run_address>0x373a</run_address>
         <size>0x4</size>
         <input_file_ref idref="fl-dd"/>
      </object_component>
      <object_component id="oc-112">
         <name>.text:abort:abort</name>
         <load_address>0x373e</load_address>
         <run_address>0x373e</run_address>
         <size>0x4</size>
         <input_file_ref idref="fl-df"/>
      </object_component>
      <object_component id="oc-2af">
         <name>.const:$O1$$</name>
         <load_address>0x3748</load_address>
         <run_address>0x3748</run_address>
         <size>0x98</size>
         <input_file_ref idref="fl-ca"/>
      </object_component>
      <object_component id="oc-252">
         <name>.const:g_pui32GPIOBaseAddrs</name>
         <load_address>0x37e0</load_address>
         <run_address>0x37e0</run_address>
         <size>0x90</size>
         <input_file_ref idref="fl-d"/>
      </object_component>
      <object_component id="oc-26f">
         <name>.const</name>
         <load_address>0x3870</load_address>
         <run_address>0x3870</run_address>
         <size>0x70</size>
         <input_file_ref idref="fl-f"/>
      </object_component>
      <object_component id="oc-264">
         <name>.const:g_pui32Xtals</name>
         <load_address>0x38e0</load_address>
         <run_address>0x38e0</run_address>
         <size>0x6c</size>
         <input_file_ref idref="fl-10"/>
      </object_component>
      <object_component id="oc-2a5">
         <name>.const:.string</name>
         <load_address>0x394c</load_address>
         <run_address>0x394c</run_address>
         <size>0x12</size>
         <input_file_ref idref="fl-7"/>
      </object_component>
      <object_component id="oc-1ca">
         <name>.const:magSensitivity</name>
         <load_address>0x3960</load_address>
         <run_address>0x3960</run_address>
         <size>0x10</size>
         <input_file_ref idref="fl-2"/>
      </object_component>
      <object_component id="oc-1ba">
         <name>.const:$P$T0$1</name>
         <load_address>0x3970</load_address>
         <run_address>0x3970</run_address>
         <size>0xc</size>
         <input_file_ref idref="fl-2"/>
      </object_component>
      <object_component id="oc-1bd">
         <name>.const:$P$T1$2</name>
         <load_address>0x397c</load_address>
         <run_address>0x397c</run_address>
         <size>0xc</size>
         <input_file_ref idref="fl-2"/>
      </object_component>
      <object_component id="oc-1f7">
         <name>.const:g_ui32UARTBase</name>
         <load_address>0x3988</load_address>
         <run_address>0x3988</run_address>
         <size>0xc</size>
         <input_file_ref idref="fl-7"/>
      </object_component>
      <object_component id="oc-1f1">
         <name>.const:g_ui32UARTPeriph</name>
         <load_address>0x3994</load_address>
         <run_address>0x3994</run_address>
         <size>0xc</size>
         <input_file_ref idref="fl-7"/>
      </object_component>
      <object_component id="oc-10e">
         <name>.const</name>
         <load_address>0x39a0</load_address>
         <run_address>0x39a0</run_address>
         <size>0x4</size>
         <input_file_ref idref="fl-5"/>
      </object_component>
      <object_component id="oc-1ff">
         <name>.const</name>
         <load_address>0x39a4</load_address>
         <run_address>0x39a4</run_address>
         <size>0x4</size>
         <input_file_ref idref="fl-7"/>
      </object_component>
      <object_component id="oc-339">
         <name>.cinit..data.load</name>
         <load_address>0x39a8</load_address>
         <run_address>0x39a8</run_address>
         <size>0xd</size>
      </object_component>
      <object_component id="oc-337">
         <name>__TI_handler_table</name>
         <load_address>0x39b8</load_address>
         <run_address>0x39b8</run_address>
         <size>0xc</size>
      </object_component>
      <object_component id="oc-33a">
         <name>.cinit..bss.load</name>
         <load_address>0x39c8</load_address>
         <run_address>0x39c8</run_address>
         <size>0x8</size>
      </object_component>
      <object_component id="oc-338">
         <name>__TI_cinit_table</name>
         <load_address>0x39d0</load_address>
         <run_address>0x39d0</run_address>
         <size>0x10</size>
      </object_component>
      <object_component id="oc-108">
         <name>.data:imu_config</name>
         <load_address>0x20000888</load_address>
         <run_address>0x20000888</run_address>
         <size>0x6</size>
         <input_file_ref idref="fl-5"/>
      </object_component>
      <object_component id="oc-1f4">
         <name>.data</name>
         <load_address>0x20000890</load_address>
         <run_address>0x20000890</run_address>
         <size>0x5</size>
         <input_file_ref idref="fl-7"/>
      </object_component>
      <object_component id="oc-2ba">
         <name>.data</name>
         <load_address>0x20000898</load_address>
         <run_address>0x20000898</run_address>
         <size>0x4</size>
         <input_file_ref idref="fl-d8"/>
      </object_component>
      <object_component id="oc-105">
         <name>.bss:imu</name>
         <uninitialized>true</uninitialized>
         <run_address>0x200005d8</run_address>
         <size>0xa8</size>
         <input_file_ref idref="fl-5"/>
      </object_component>
      <object_component id="oc-1b4">
         <name>.common:imu_error_flag</name>
         <uninitialized>true</uninitialized>
         <run_address>0x20000680</run_address>
         <size>0x1</size>
      </object_component>
      <object_component id="oc-10b">
         <name>.common:dev</name>
         <uninitialized>true</uninitialized>
         <run_address>0x20000000</run_address>
         <size>0x5d8</size>
      </object_component>
      <object_component id="oc-21">
         <name>.stack</name>
         <uninitialized>true</uninitialized>
         <run_address>0x20000688</run_address>
         <size>0x4</size>
         <input_file_ref idref="fl-d9"/>
      </object_component>
      <object_component id="oc-33b">
         <name>.stack</name>
         <uninitialized>true</uninitialized>
         <run_address>0x20000688</run_address>
         <size>0x0</size>
      </object_component>
      <object_component id="oc-b4">
         <name>.debug_info</name>
         <load_address>0x0</load_address>
         <run_address>0x0</run_address>
         <size>0x3e8</size>
         <input_file_ref idref="fl-2"/>
      </object_component>
      <object_component id="oc-1cb">
         <name>.debug_info</name>
         <load_address>0x3e8</load_address>
         <run_address>0x3e8</run_address>
         <size>0xd8</size>
         <input_file_ref idref="fl-2"/>
      </object_component>
      <object_component id="oc-1bb">
         <name>.debug_info</name>
         <load_address>0x4c0</load_address>
         <run_address>0x4c0</run_address>
         <size>0xca</size>
         <input_file_ref idref="fl-2"/>
      </object_component>
      <object_component id="oc-1be">
         <name>.debug_info</name>
         <load_address>0x58a</load_address>
         <run_address>0x58a</run_address>
         <size>0xca</size>
         <input_file_ref idref="fl-2"/>
      </object_component>
      <object_component id="oc-d9">
         <name>.debug_info</name>
         <load_address>0x654</load_address>
         <run_address>0x654</run_address>
         <size>0x36f3</size>
         <input_file_ref idref="fl-2"/>
      </object_component>
      <object_component id="oc-6d">
         <name>.debug_info</name>
         <load_address>0x3d47</load_address>
         <run_address>0x3d47</run_address>
         <size>0x26b</size>
         <input_file_ref idref="fl-2"/>
      </object_component>
      <object_component id="oc-1ce">
         <name>.debug_info</name>
         <load_address>0x3fb2</load_address>
         <run_address>0x3fb2</run_address>
         <size>0x810</size>
         <input_file_ref idref="fl-2"/>
      </object_component>
      <object_component id="oc-af">
         <name>.debug_info</name>
         <load_address>0x47c2</load_address>
         <run_address>0x47c2</run_address>
         <size>0x8b</size>
         <input_file_ref idref="fl-2"/>
      </object_component>
      <object_component id="oc-aa">
         <name>.debug_info</name>
         <load_address>0x484d</load_address>
         <run_address>0x484d</run_address>
         <size>0x297</size>
         <input_file_ref idref="fl-2"/>
      </object_component>
      <object_component id="oc-72">
         <name>.debug_info</name>
         <load_address>0x4ae4</load_address>
         <run_address>0x4ae4</run_address>
         <size>0xbb</size>
         <input_file_ref idref="fl-2"/>
      </object_component>
      <object_component id="oc-204">
         <name>.debug_info</name>
         <load_address>0x4b9f</load_address>
         <run_address>0x4b9f</run_address>
         <size>0x2c</size>
         <input_file_ref idref="fl-2"/>
      </object_component>
      <object_component id="oc-152">
         <name>.debug_info</name>
         <load_address>0x4bcb</load_address>
         <run_address>0x4bcb</run_address>
         <size>0x583</size>
         <input_file_ref idref="fl-2"/>
      </object_component>
      <object_component id="oc-157">
         <name>.debug_info</name>
         <load_address>0x514e</load_address>
         <run_address>0x514e</run_address>
         <size>0x277</size>
         <input_file_ref idref="fl-2"/>
      </object_component>
      <object_component id="oc-cd">
         <name>.debug_info</name>
         <load_address>0x53c5</load_address>
         <run_address>0x53c5</run_address>
         <size>0x1f9</size>
         <input_file_ref idref="fl-3"/>
      </object_component>
      <object_component id="oc-1b3">
         <name>.debug_info</name>
         <load_address>0x55be</load_address>
         <run_address>0x55be</run_address>
         <size>0x3f7</size>
         <input_file_ref idref="fl-4"/>
      </object_component>
      <object_component id="oc-d5">
         <name>.debug_info</name>
         <load_address>0x59b5</load_address>
         <run_address>0x59b5</run_address>
         <size>0x88a</size>
         <input_file_ref idref="fl-4"/>
      </object_component>
      <object_component id="oc-10c">
         <name>.debug_info</name>
         <load_address>0x623f</load_address>
         <run_address>0x623f</run_address>
         <size>0x44e</size>
         <input_file_ref idref="fl-5"/>
      </object_component>
      <object_component id="oc-106">
         <name>.debug_info</name>
         <load_address>0x668d</load_address>
         <run_address>0x668d</run_address>
         <size>0xbe</size>
         <input_file_ref idref="fl-5"/>
      </object_component>
      <object_component id="oc-109">
         <name>.debug_info</name>
         <load_address>0x674b</load_address>
         <run_address>0x674b</run_address>
         <size>0xcd</size>
         <input_file_ref idref="fl-5"/>
      </object_component>
      <object_component id="oc-10f">
         <name>.debug_info</name>
         <load_address>0x6818</load_address>
         <run_address>0x6818</run_address>
         <size>0xbd</size>
         <input_file_ref idref="fl-5"/>
      </object_component>
      <object_component id="oc-99">
         <name>.debug_info</name>
         <load_address>0x68d5</load_address>
         <run_address>0x68d5</run_address>
         <size>0x47d</size>
         <input_file_ref idref="fl-5"/>
      </object_component>
      <object_component id="oc-2c">
         <name>.debug_info</name>
         <load_address>0x6d52</load_address>
         <run_address>0x6d52</run_address>
         <size>0x2a6</size>
         <input_file_ref idref="fl-6"/>
      </object_component>
      <object_component id="oc-10">
         <name>.debug_info</name>
         <load_address>0x6ff8</load_address>
         <run_address>0x6ff8</run_address>
         <size>0xe5</size>
         <input_file_ref idref="fl-6"/>
      </object_component>
      <object_component id="oc-25">
         <name>.debug_info</name>
         <load_address>0x70dd</load_address>
         <run_address>0x70dd</run_address>
         <size>0x261</size>
         <input_file_ref idref="fl-6"/>
      </object_component>
      <object_component id="oc-33">
         <name>.debug_info</name>
         <load_address>0x733e</load_address>
         <run_address>0x733e</run_address>
         <size>0x84</size>
         <input_file_ref idref="fl-6"/>
      </object_component>
      <object_component id="oc-203">
         <name>.debug_info</name>
         <load_address>0x73c2</load_address>
         <run_address>0x73c2</run_address>
         <size>0x3ff</size>
         <input_file_ref idref="fl-7"/>
      </object_component>
      <object_component id="oc-1f5">
         <name>.debug_info</name>
         <load_address>0x77c1</load_address>
         <run_address>0x77c1</run_address>
         <size>0xf6</size>
         <input_file_ref idref="fl-7"/>
      </object_component>
      <object_component id="oc-200">
         <name>.debug_info</name>
         <load_address>0x78b7</load_address>
         <run_address>0x78b7</run_address>
         <size>0xf0</size>
         <input_file_ref idref="fl-7"/>
      </object_component>
      <object_component id="oc-1f8">
         <name>.debug_info</name>
         <load_address>0x79a7</load_address>
         <run_address>0x79a7</run_address>
         <size>0xfe</size>
         <input_file_ref idref="fl-7"/>
      </object_component>
      <object_component id="oc-1f2">
         <name>.debug_info</name>
         <load_address>0x7aa5</load_address>
         <run_address>0x7aa5</run_address>
         <size>0x102</size>
         <input_file_ref idref="fl-7"/>
      </object_component>
      <object_component id="oc-e0">
         <name>.debug_info</name>
         <load_address>0x7ba7</load_address>
         <run_address>0x7ba7</run_address>
         <size>0x95b</size>
         <input_file_ref idref="fl-7"/>
      </object_component>
      <object_component id="oc-256">
         <name>.debug_info</name>
         <load_address>0x8502</load_address>
         <run_address>0x8502</run_address>
         <size>0x240</size>
         <input_file_ref idref="fl-d"/>
      </object_component>
      <object_component id="oc-253">
         <name>.debug_info</name>
         <load_address>0x8742</load_address>
         <run_address>0x8742</run_address>
         <size>0x15b</size>
         <input_file_ref idref="fl-d"/>
      </object_component>
      <object_component id="oc-25a">
         <name>.debug_info</name>
         <load_address>0x889d</load_address>
         <run_address>0x889d</run_address>
         <size>0x2b3</size>
         <input_file_ref idref="fl-d"/>
      </object_component>
      <object_component id="oc-260">
         <name>.debug_info</name>
         <load_address>0x8b50</load_address>
         <run_address>0x8b50</run_address>
         <size>0x316</size>
         <input_file_ref idref="fl-d"/>
      </object_component>
      <object_component id="oc-172">
         <name>.debug_info</name>
         <load_address>0x8e66</load_address>
         <run_address>0x8e66</run_address>
         <size>0x27b</size>
         <input_file_ref idref="fl-d"/>
      </object_component>
      <object_component id="oc-16c">
         <name>.debug_info</name>
         <load_address>0x90e1</load_address>
         <run_address>0x90e1</run_address>
         <size>0x280</size>
         <input_file_ref idref="fl-d"/>
      </object_component>
      <object_component id="oc-15d">
         <name>.debug_info</name>
         <load_address>0x9361</load_address>
         <run_address>0x9361</run_address>
         <size>0x18b</size>
         <input_file_ref idref="fl-d"/>
      </object_component>
      <object_component id="oc-27e">
         <name>.debug_info</name>
         <load_address>0x94ec</load_address>
         <run_address>0x94ec</run_address>
         <size>0x231</size>
         <input_file_ref idref="fl-e"/>
      </object_component>
      <object_component id="oc-196">
         <name>.debug_info</name>
         <load_address>0x971d</load_address>
         <run_address>0x971d</run_address>
         <size>0x2ce</size>
         <input_file_ref idref="fl-e"/>
      </object_component>
      <object_component id="oc-19b">
         <name>.debug_info</name>
         <load_address>0x99eb</load_address>
         <run_address>0x99eb</run_address>
         <size>0x27e</size>
         <input_file_ref idref="fl-e"/>
      </object_component>
      <object_component id="oc-1ad">
         <name>.debug_info</name>
         <load_address>0x9c69</load_address>
         <run_address>0x9c69</run_address>
         <size>0x254</size>
         <input_file_ref idref="fl-e"/>
      </object_component>
      <object_component id="oc-1a7">
         <name>.debug_info</name>
         <load_address>0x9ebd</load_address>
         <run_address>0x9ebd</run_address>
         <size>0x27e</size>
         <input_file_ref idref="fl-e"/>
      </object_component>
      <object_component id="oc-1a1">
         <name>.debug_info</name>
         <load_address>0xa13b</load_address>
         <run_address>0xa13b</run_address>
         <size>0x24e</size>
         <input_file_ref idref="fl-e"/>
      </object_component>
      <object_component id="oc-273">
         <name>.debug_info</name>
         <load_address>0xa389</load_address>
         <run_address>0xa389</run_address>
         <size>0x20e</size>
         <input_file_ref idref="fl-f"/>
      </object_component>
      <object_component id="oc-270">
         <name>.debug_info</name>
         <load_address>0xa597</load_address>
         <run_address>0xa597</run_address>
         <size>0x210</size>
         <input_file_ref idref="fl-f"/>
      </object_component>
      <object_component id="oc-17d">
         <name>.debug_info</name>
         <load_address>0xa7a7</load_address>
         <run_address>0xa7a7</run_address>
         <size>0x23e</size>
         <input_file_ref idref="fl-f"/>
      </object_component>
      <object_component id="oc-190">
         <name>.debug_info</name>
         <load_address>0xa9e5</load_address>
         <run_address>0xa9e5</run_address>
         <size>0x240</size>
         <input_file_ref idref="fl-f"/>
      </object_component>
      <object_component id="oc-183">
         <name>.debug_info</name>
         <load_address>0xac25</load_address>
         <run_address>0xac25</run_address>
         <size>0x268</size>
         <input_file_ref idref="fl-f"/>
      </object_component>
      <object_component id="oc-162">
         <name>.debug_info</name>
         <load_address>0xae8d</load_address>
         <run_address>0xae8d</run_address>
         <size>0x298</size>
         <input_file_ref idref="fl-10"/>
      </object_component>
      <object_component id="oc-265">
         <name>.debug_info</name>
         <load_address>0xb125</load_address>
         <run_address>0xb125</run_address>
         <size>0x14d</size>
         <input_file_ref idref="fl-10"/>
      </object_component>
      <object_component id="oc-1d4">
         <name>.debug_info</name>
         <load_address>0xb272</load_address>
         <run_address>0xb272</run_address>
         <size>0x283</size>
         <input_file_ref idref="fl-10"/>
      </object_component>
      <object_component id="oc-164">
         <name>.debug_info</name>
         <load_address>0xb4f5</load_address>
         <run_address>0xb4f5</run_address>
         <size>0x27d</size>
         <input_file_ref idref="fl-10"/>
      </object_component>
      <object_component id="oc-c8">
         <name>.debug_info</name>
         <load_address>0xb772</load_address>
         <run_address>0xb772</run_address>
         <size>0x2db</size>
         <input_file_ref idref="fl-10"/>
      </object_component>
      <object_component id="oc-177">
         <name>.debug_info</name>
         <load_address>0xba4d</load_address>
         <run_address>0xba4d</run_address>
         <size>0x2b5</size>
         <input_file_ref idref="fl-10"/>
      </object_component>
      <object_component id="oc-24c">
         <name>.debug_info</name>
         <load_address>0xbd02</load_address>
         <run_address>0xbd02</run_address>
         <size>0x5f</size>
         <input_file_ref idref="fl-10"/>
      </object_component>
      <object_component id="oc-275">
         <name>.debug_info</name>
         <load_address>0xbd61</load_address>
         <run_address>0xbd61</run_address>
         <size>0x227</size>
         <input_file_ref idref="fl-11"/>
      </object_component>
      <object_component id="oc-18a">
         <name>.debug_info</name>
         <load_address>0xbf88</load_address>
         <run_address>0xbf88</run_address>
         <size>0x28f</size>
         <input_file_ref idref="fl-11"/>
      </object_component>
      <object_component id="oc-1e3">
         <name>.debug_info</name>
         <load_address>0xc217</load_address>
         <run_address>0xc217</run_address>
         <size>0x247</size>
         <input_file_ref idref="fl-11"/>
      </object_component>
      <object_component id="oc-293">
         <name>.debug_info</name>
         <load_address>0xc45e</load_address>
         <run_address>0xc45e</run_address>
         <size>0x249</size>
         <input_file_ref idref="fl-11"/>
      </object_component>
      <object_component id="oc-1dd">
         <name>.debug_info</name>
         <load_address>0xc6a7</load_address>
         <run_address>0xc6a7</run_address>
         <size>0x326</size>
         <input_file_ref idref="fl-11"/>
      </object_component>
      <object_component id="oc-1e9">
         <name>.debug_info</name>
         <load_address>0xc9cd</load_address>
         <run_address>0xc9cd</run_address>
         <size>0x273</size>
         <input_file_ref idref="fl-11"/>
      </object_component>
      <object_component id="oc-1ef">
         <name>.debug_info</name>
         <load_address>0xcc40</load_address>
         <run_address>0xcc40</run_address>
         <size>0x24d</size>
         <input_file_ref idref="fl-11"/>
      </object_component>
      <object_component id="oc-26a">
         <name>.debug_info</name>
         <load_address>0xce8d</load_address>
         <run_address>0xce8d</run_address>
         <size>0x212</size>
         <input_file_ref idref="fl-12"/>
      </object_component>
      <object_component id="oc-277">
         <name>.debug_info</name>
         <load_address>0xd09f</load_address>
         <run_address>0xd09f</run_address>
         <size>0x20f</size>
         <input_file_ref idref="fl-12"/>
      </object_component>
      <object_component id="oc-211">
         <name>.debug_info</name>
         <load_address>0xd2ae</load_address>
         <run_address>0xd2ae</run_address>
         <size>0x2a3</size>
         <input_file_ref idref="fl-c8"/>
      </object_component>
      <object_component id="oc-eb">
         <name>.debug_info</name>
         <load_address>0xd551</load_address>
         <run_address>0xd551</run_address>
         <size>0x23c</size>
         <input_file_ref idref="fl-c8"/>
      </object_component>
      <object_component id="oc-2b5">
         <name>.debug_info</name>
         <load_address>0xd78d</load_address>
         <run_address>0xd78d</run_address>
         <size>0x46</size>
         <input_file_ref idref="fl-c8"/>
      </object_component>
      <object_component id="oc-212">
         <name>.debug_info</name>
         <load_address>0xd7d3</load_address>
         <run_address>0xd7d3</run_address>
         <size>0x39</size>
         <input_file_ref idref="fl-c8"/>
      </object_component>
      <object_component id="oc-21f">
         <name>.debug_info</name>
         <load_address>0xd80c</load_address>
         <run_address>0xd80c</run_address>
         <size>0x2bf</size>
         <input_file_ref idref="fl-c9"/>
      </object_component>
      <object_component id="oc-f6">
         <name>.debug_info</name>
         <load_address>0xdacb</load_address>
         <run_address>0xdacb</run_address>
         <size>0x242</size>
         <input_file_ref idref="fl-c9"/>
      </object_component>
      <object_component id="oc-2f9">
         <name>.debug_info</name>
         <load_address>0xdd0d</load_address>
         <run_address>0xdd0d</run_address>
         <size>0x2ec</size>
         <input_file_ref idref="fl-ca"/>
      </object_component>
      <object_component id="oc-2b0">
         <name>.debug_info</name>
         <load_address>0xdff9</load_address>
         <run_address>0xdff9</run_address>
         <size>0x126</size>
         <input_file_ref idref="fl-ca"/>
      </object_component>
      <object_component id="oc-20b">
         <name>.debug_info</name>
         <load_address>0xe11f</load_address>
         <run_address>0xe11f</run_address>
         <size>0x4a1</size>
         <input_file_ref idref="fl-ca"/>
      </object_component>
      <object_component id="oc-8d">
         <name>.debug_info</name>
         <load_address>0xe5c0</load_address>
         <run_address>0xe5c0</run_address>
         <size>0x13f</size>
         <input_file_ref idref="fl-cb"/>
      </object_component>
      <object_component id="oc-1fb">
         <name>.debug_info</name>
         <load_address>0xe6ff</load_address>
         <run_address>0xe6ff</run_address>
         <size>0x13a</size>
         <input_file_ref idref="fl-cc"/>
      </object_component>
      <object_component id="oc-1c6">
         <name>.debug_info</name>
         <load_address>0xe839</load_address>
         <run_address>0xe839</run_address>
         <size>0x144</size>
         <input_file_ref idref="fl-cd"/>
      </object_component>
      <object_component id="oc-2ac">
         <name>.debug_info</name>
         <load_address>0xe97d</load_address>
         <run_address>0xe97d</run_address>
         <size>0x122</size>
         <input_file_ref idref="fl-ce"/>
      </object_component>
      <object_component id="oc-fd">
         <name>.debug_info</name>
         <load_address>0xea9f</load_address>
         <run_address>0xea9f</run_address>
         <size>0x132</size>
         <input_file_ref idref="fl-cf"/>
      </object_component>
      <object_component id="oc-101">
         <name>.debug_info</name>
         <load_address>0xebd1</load_address>
         <run_address>0xebd1</run_address>
         <size>0x132</size>
         <input_file_ref idref="fl-d0"/>
      </object_component>
      <object_component id="oc-f1">
         <name>.debug_info</name>
         <load_address>0xed03</load_address>
         <run_address>0xed03</run_address>
         <size>0x136</size>
         <input_file_ref idref="fl-d1"/>
      </object_component>
      <object_component id="oc-e6">
         <name>.debug_info</name>
         <load_address>0xee39</load_address>
         <run_address>0xee39</run_address>
         <size>0x124</size>
         <input_file_ref idref="fl-d2"/>
      </object_component>
      <object_component id="oc-1c1">
         <name>.debug_info</name>
         <load_address>0xef5d</load_address>
         <run_address>0xef5d</run_address>
         <size>0x124</size>
         <input_file_ref idref="fl-d3"/>
      </object_component>
      <object_component id="oc-1b7">
         <name>.debug_info</name>
         <load_address>0xf081</load_address>
         <run_address>0xf081</run_address>
         <size>0x126</size>
         <input_file_ref idref="fl-d4"/>
      </object_component>
      <object_component id="oc-8b">
         <name>.debug_info</name>
         <load_address>0xf1a7</load_address>
         <run_address>0xf1a7</run_address>
         <size>0x313</size>
         <input_file_ref idref="fl-d5"/>
      </object_component>
      <object_component id="oc-4b">
         <name>.debug_info</name>
         <load_address>0xf4ba</load_address>
         <run_address>0xf4ba</run_address>
         <size>0x1aa</size>
         <input_file_ref idref="fl-d5"/>
      </object_component>
      <object_component id="oc-86">
         <name>.debug_info</name>
         <load_address>0xf664</load_address>
         <run_address>0xf664</run_address>
         <size>0x46</size>
         <input_file_ref idref="fl-d5"/>
      </object_component>
      <object_component id="oc-bd">
         <name>.debug_info</name>
         <load_address>0xf6aa</load_address>
         <run_address>0xf6aa</run_address>
         <size>0x2c</size>
         <input_file_ref idref="fl-d5"/>
      </object_component>
      <object_component id="oc-43">
         <name>.debug_info</name>
         <load_address>0xf6d6</load_address>
         <run_address>0xf6d6</run_address>
         <size>0x29d</size>
         <input_file_ref idref="fl-d6"/>
      </object_component>
      <object_component id="oc-1a">
         <name>.debug_info</name>
         <load_address>0xf973</load_address>
         <run_address>0xf973</run_address>
         <size>0x1df</size>
         <input_file_ref idref="fl-d6"/>
      </object_component>
      <object_component id="oc-3e">
         <name>.debug_info</name>
         <load_address>0xfb52</load_address>
         <run_address>0xfb52</run_address>
         <size>0x46</size>
         <input_file_ref idref="fl-d6"/>
      </object_component>
      <object_component id="oc-7e">
         <name>.debug_info</name>
         <load_address>0xfb98</load_address>
         <run_address>0xfb98</run_address>
         <size>0x2c</size>
         <input_file_ref idref="fl-d6"/>
      </object_component>
      <object_component id="oc-7c">
         <name>.debug_info</name>
         <load_address>0xfbc4</load_address>
         <run_address>0xfbc4</run_address>
         <size>0x293</size>
         <input_file_ref idref="fl-d7"/>
      </object_component>
      <object_component id="oc-14">
         <name>.debug_info</name>
         <load_address>0xfe57</load_address>
         <run_address>0xfe57</run_address>
         <size>0x245</size>
         <input_file_ref idref="fl-d7"/>
      </object_component>
      <object_component id="oc-2e">
         <name>.debug_info</name>
         <load_address>0x1009c</load_address>
         <run_address>0x1009c</run_address>
         <size>0x60</size>
         <input_file_ref idref="fl-d7"/>
      </object_component>
      <object_component id="oc-b6">
         <name>.debug_info</name>
         <load_address>0x100fc</load_address>
         <run_address>0x100fc</run_address>
         <size>0x46</size>
         <input_file_ref idref="fl-d7"/>
      </object_component>
      <object_component id="oc-77">
         <name>.debug_info</name>
         <load_address>0x10142</load_address>
         <run_address>0x10142</run_address>
         <size>0x39</size>
         <input_file_ref idref="fl-d7"/>
      </object_component>
      <object_component id="oc-2be">
         <name>.debug_info</name>
         <load_address>0x1017b</load_address>
         <run_address>0x1017b</run_address>
         <size>0x27e</size>
         <input_file_ref idref="fl-d8"/>
      </object_component>
      <object_component id="oc-2bb">
         <name>.debug_info</name>
         <load_address>0x103f9</load_address>
         <run_address>0x103f9</run_address>
         <size>0x103</size>
         <input_file_ref idref="fl-d8"/>
      </object_component>
      <object_component id="oc-21a">
         <name>.debug_info</name>
         <load_address>0x104fc</load_address>
         <run_address>0x104fc</run_address>
         <size>0x143</size>
         <input_file_ref idref="fl-d8"/>
      </object_component>
      <object_component id="oc-22">
         <name>.debug_info</name>
         <load_address>0x1063f</load_address>
         <run_address>0x1063f</run_address>
         <size>0x100</size>
         <input_file_ref idref="fl-d9"/>
      </object_component>
      <object_component id="oc-57">
         <name>.debug_info</name>
         <load_address>0x1073f</load_address>
         <run_address>0x1073f</run_address>
         <size>0x1a4</size>
         <input_file_ref idref="fl-d9"/>
      </object_component>
      <object_component id="oc-2a0">
         <name>.debug_info</name>
         <load_address>0x108e3</load_address>
         <run_address>0x108e3</run_address>
         <size>0x10d</size>
         <input_file_ref idref="fl-da"/>
      </object_component>
      <object_component id="oc-39">
         <name>.debug_info</name>
         <load_address>0x109f0</load_address>
         <run_address>0x109f0</run_address>
         <size>0x111</size>
         <input_file_ref idref="fl-db"/>
      </object_component>
      <object_component id="oc-235">
         <name>.debug_info</name>
         <load_address>0x10b01</load_address>
         <run_address>0x10b01</run_address>
         <size>0x547</size>
         <input_file_ref idref="fl-dc"/>
      </object_component>
      <object_component id="oc-11f">
         <name>.debug_info</name>
         <load_address>0x11048</load_address>
         <run_address>0x11048</run_address>
         <size>0x19b</size>
         <input_file_ref idref="fl-dc"/>
      </object_component>
      <object_component id="oc-2d1">
         <name>.debug_info</name>
         <load_address>0x111e3</load_address>
         <run_address>0x111e3</run_address>
         <size>0x39</size>
         <input_file_ref idref="fl-dc"/>
      </object_component>
      <object_component id="oc-302">
         <name>.debug_info</name>
         <load_address>0x1121c</load_address>
         <run_address>0x1121c</run_address>
         <size>0x39</size>
         <input_file_ref idref="fl-dc"/>
      </object_component>
      <object_component id="oc-2d6">
         <name>.debug_info</name>
         <load_address>0x11255</load_address>
         <run_address>0x11255</run_address>
         <size>0x39</size>
         <input_file_ref idref="fl-dc"/>
      </object_component>
      <object_component id="oc-2db">
         <name>.debug_info</name>
         <load_address>0x1128e</load_address>
         <run_address>0x1128e</run_address>
         <size>0xcd</size>
         <input_file_ref idref="fl-dc"/>
      </object_component>
      <object_component id="oc-93">
         <name>.debug_info</name>
         <load_address>0x1135b</load_address>
         <run_address>0x1135b</run_address>
         <size>0x148</size>
         <input_file_ref idref="fl-dd"/>
      </object_component>
      <object_component id="oc-113">
         <name>.debug_info</name>
         <load_address>0x114a3</load_address>
         <run_address>0x114a3</run_address>
         <size>0x117</size>
         <input_file_ref idref="fl-df"/>
      </object_component>
      <object_component id="oc-33c">
         <name>.debug_info</name>
         <load_address>0x115ba</load_address>
         <run_address>0x115ba</run_address>
         <size>0x9b</size>
      </object_component>
      <object_component id="oc-151">
         <name>.debug_line</name>
         <load_address>0x0</load_address>
         <run_address>0x0</run_address>
         <size>0x3c</size>
         <input_file_ref idref="fl-2"/>
      </object_component>
      <object_component id="oc-28d">
         <name>.debug_line</name>
         <load_address>0x3c</load_address>
         <run_address>0x3c</run_address>
         <size>0x30</size>
         <input_file_ref idref="fl-2"/>
      </object_component>
      <object_component id="oc-287">
         <name>.debug_line</name>
         <load_address>0x6c</load_address>
         <run_address>0x6c</run_address>
         <size>0x30</size>
         <input_file_ref idref="fl-2"/>
      </object_component>
      <object_component id="oc-289">
         <name>.debug_line</name>
         <load_address>0x9c</load_address>
         <run_address>0x9c</run_address>
         <size>0x30</size>
         <input_file_ref idref="fl-2"/>
      </object_component>
      <object_component id="oc-dc">
         <name>.debug_line</name>
         <load_address>0xcc</load_address>
         <run_address>0xcc</run_address>
         <size>0x92a</size>
         <input_file_ref idref="fl-2"/>
      </object_component>
      <object_component id="oc-70">
         <name>.debug_line</name>
         <load_address>0x9f6</load_address>
         <run_address>0x9f6</run_address>
         <size>0x69</size>
         <input_file_ref idref="fl-2"/>
      </object_component>
      <object_component id="oc-1d1">
         <name>.debug_line</name>
         <load_address>0xa5f</load_address>
         <run_address>0xa5f</run_address>
         <size>0x36</size>
         <input_file_ref idref="fl-2"/>
      </object_component>
      <object_component id="oc-b2">
         <name>.debug_line</name>
         <load_address>0xa95</load_address>
         <run_address>0xa95</run_address>
         <size>0x20</size>
         <input_file_ref idref="fl-2"/>
      </object_component>
      <object_component id="oc-ad">
         <name>.debug_line</name>
         <load_address>0xab5</load_address>
         <run_address>0xab5</run_address>
         <size>0x6d</size>
         <input_file_ref idref="fl-2"/>
      </object_component>
      <object_component id="oc-75">
         <name>.debug_line</name>
         <load_address>0xb22</load_address>
         <run_address>0xb22</run_address>
         <size>0x6a</size>
         <input_file_ref idref="fl-2"/>
      </object_component>
      <object_component id="oc-207">
         <name>.debug_line</name>
         <load_address>0xb8c</load_address>
         <run_address>0xb8c</run_address>
         <size>0x65</size>
         <input_file_ref idref="fl-2"/>
      </object_component>
      <object_component id="oc-155">
         <name>.debug_line</name>
         <load_address>0xbf1</load_address>
         <run_address>0xbf1</run_address>
         <size>0x2f</size>
         <input_file_ref idref="fl-2"/>
      </object_component>
      <object_component id="oc-15a">
         <name>.debug_line</name>
         <load_address>0xc20</load_address>
         <run_address>0xc20</run_address>
         <size>0x30</size>
         <input_file_ref idref="fl-2"/>
      </object_component>
      <object_component id="oc-d0">
         <name>.debug_line</name>
         <load_address>0xc50</load_address>
         <run_address>0xc50</run_address>
         <size>0x55</size>
         <input_file_ref idref="fl-3"/>
      </object_component>
      <object_component id="oc-284">
         <name>.debug_line</name>
         <load_address>0xca5</load_address>
         <run_address>0xca5</run_address>
         <size>0xc8</size>
         <input_file_ref idref="fl-4"/>
      </object_component>
      <object_component id="oc-d3">
         <name>.debug_line</name>
         <load_address>0xd6d</load_address>
         <run_address>0xd6d</run_address>
         <size>0x19a</size>
         <input_file_ref idref="fl-4"/>
      </object_component>
      <object_component id="oc-227">
         <name>.debug_line</name>
         <load_address>0xf07</load_address>
         <run_address>0xf07</run_address>
         <size>0x113</size>
         <input_file_ref idref="fl-5"/>
      </object_component>
      <object_component id="oc-223">
         <name>.debug_line</name>
         <load_address>0x101a</load_address>
         <run_address>0x101a</run_address>
         <size>0x2d</size>
         <input_file_ref idref="fl-5"/>
      </object_component>
      <object_component id="oc-225">
         <name>.debug_line</name>
         <load_address>0x1047</load_address>
         <run_address>0x1047</run_address>
         <size>0x2d</size>
         <input_file_ref idref="fl-5"/>
      </object_component>
      <object_component id="oc-229">
         <name>.debug_line</name>
         <load_address>0x1074</load_address>
         <run_address>0x1074</run_address>
         <size>0x2d</size>
         <input_file_ref idref="fl-5"/>
      </object_component>
      <object_component id="oc-9c">
         <name>.debug_line</name>
         <load_address>0x10a1</load_address>
         <run_address>0x10a1</run_address>
         <size>0xa1</size>
         <input_file_ref idref="fl-5"/>
      </object_component>
      <object_component id="oc-6c">
         <name>.debug_line</name>
         <load_address>0x1142</load_address>
         <run_address>0x1142</run_address>
         <size>0x41</size>
         <input_file_ref idref="fl-6"/>
      </object_component>
      <object_component id="oc-2b">
         <name>.debug_line</name>
         <load_address>0x1183</load_address>
         <run_address>0x1183</run_address>
         <size>0x41</size>
         <input_file_ref idref="fl-6"/>
      </object_component>
      <object_component id="oc-28">
         <name>.debug_line</name>
         <load_address>0x11c4</load_address>
         <run_address>0x11c4</run_address>
         <size>0xa1</size>
         <input_file_ref idref="fl-6"/>
      </object_component>
      <object_component id="oc-36">
         <name>.debug_line</name>
         <load_address>0x1265</load_address>
         <run_address>0x1265</run_address>
         <size>0x20</size>
         <input_file_ref idref="fl-6"/>
      </object_component>
      <object_component id="oc-2a9">
         <name>.debug_line</name>
         <load_address>0x1285</load_address>
         <run_address>0x1285</run_address>
         <size>0x8e</size>
         <input_file_ref idref="fl-7"/>
      </object_component>
      <object_component id="oc-29c">
         <name>.debug_line</name>
         <load_address>0x1313</load_address>
         <run_address>0x1313</run_address>
         <size>0x57</size>
         <input_file_ref idref="fl-7"/>
      </object_component>
      <object_component id="oc-2a7">
         <name>.debug_line</name>
         <load_address>0x136a</load_address>
         <run_address>0x136a</run_address>
         <size>0x57</size>
         <input_file_ref idref="fl-7"/>
      </object_component>
      <object_component id="oc-29e">
         <name>.debug_line</name>
         <load_address>0x13c1</load_address>
         <run_address>0x13c1</run_address>
         <size>0x57</size>
         <input_file_ref idref="fl-7"/>
      </object_component>
      <object_component id="oc-29a">
         <name>.debug_line</name>
         <load_address>0x1418</load_address>
         <run_address>0x1418</run_address>
         <size>0x57</size>
         <input_file_ref idref="fl-7"/>
      </object_component>
      <object_component id="oc-e3">
         <name>.debug_line</name>
         <load_address>0x146f</load_address>
         <run_address>0x146f</run_address>
         <size>0x2a8</size>
         <input_file_ref idref="fl-7"/>
      </object_component>
      <object_component id="oc-2e5">
         <name>.debug_line</name>
         <load_address>0x1717</load_address>
         <run_address>0x1717</run_address>
         <size>0x82</size>
         <input_file_ref idref="fl-d"/>
      </object_component>
      <object_component id="oc-2e3">
         <name>.debug_line</name>
         <load_address>0x1799</load_address>
         <run_address>0x1799</run_address>
         <size>0x7d</size>
         <input_file_ref idref="fl-d"/>
      </object_component>
      <object_component id="oc-258">
         <name>.debug_line</name>
         <load_address>0x1816</load_address>
         <run_address>0x1816</run_address>
         <size>0x95</size>
         <input_file_ref idref="fl-d"/>
      </object_component>
      <object_component id="oc-25e">
         <name>.debug_line</name>
         <load_address>0x18ab</load_address>
         <run_address>0x18ab</run_address>
         <size>0xd1</size>
         <input_file_ref idref="fl-d"/>
      </object_component>
      <object_component id="oc-170">
         <name>.debug_line</name>
         <load_address>0x197c</load_address>
         <run_address>0x197c</run_address>
         <size>0x93</size>
         <input_file_ref idref="fl-d"/>
      </object_component>
      <object_component id="oc-16a">
         <name>.debug_line</name>
         <load_address>0x1a0f</load_address>
         <run_address>0x1a0f</run_address>
         <size>0xa7</size>
         <input_file_ref idref="fl-d"/>
      </object_component>
      <object_component id="oc-160">
         <name>.debug_line</name>
         <load_address>0x1ab6</load_address>
         <run_address>0x1ab6</run_address>
         <size>0x69</size>
         <input_file_ref idref="fl-d"/>
      </object_component>
      <object_component id="oc-2f3">
         <name>.debug_line</name>
         <load_address>0x1b1f</load_address>
         <run_address>0x1b1f</run_address>
         <size>0x82</size>
         <input_file_ref idref="fl-e"/>
      </object_component>
      <object_component id="oc-195">
         <name>.debug_line</name>
         <load_address>0x1ba1</load_address>
         <run_address>0x1ba1</run_address>
         <size>0x91</size>
         <input_file_ref idref="fl-e"/>
      </object_component>
      <object_component id="oc-19e">
         <name>.debug_line</name>
         <load_address>0x1c32</load_address>
         <run_address>0x1c32</run_address>
         <size>0x91</size>
         <input_file_ref idref="fl-e"/>
      </object_component>
      <object_component id="oc-1b0">
         <name>.debug_line</name>
         <load_address>0x1cc3</load_address>
         <run_address>0x1cc3</run_address>
         <size>0x91</size>
         <input_file_ref idref="fl-e"/>
      </object_component>
      <object_component id="oc-1aa">
         <name>.debug_line</name>
         <load_address>0x1d54</load_address>
         <run_address>0x1d54</run_address>
         <size>0x91</size>
         <input_file_ref idref="fl-e"/>
      </object_component>
      <object_component id="oc-1a4">
         <name>.debug_line</name>
         <load_address>0x1de5</load_address>
         <run_address>0x1de5</run_address>
         <size>0x91</size>
         <input_file_ref idref="fl-e"/>
      </object_component>
      <object_component id="oc-2ee">
         <name>.debug_line</name>
         <load_address>0x1e76</load_address>
         <run_address>0x1e76</run_address>
         <size>0x7c</size>
         <input_file_ref idref="fl-f"/>
      </object_component>
      <object_component id="oc-2ec">
         <name>.debug_line</name>
         <load_address>0x1ef2</load_address>
         <run_address>0x1ef2</run_address>
         <size>0x82</size>
         <input_file_ref idref="fl-f"/>
      </object_component>
      <object_component id="oc-180">
         <name>.debug_line</name>
         <load_address>0x1f74</load_address>
         <run_address>0x1f74</run_address>
         <size>0x97</size>
         <input_file_ref idref="fl-f"/>
      </object_component>
      <object_component id="oc-193">
         <name>.debug_line</name>
         <load_address>0x200b</load_address>
         <run_address>0x200b</run_address>
         <size>0x97</size>
         <input_file_ref idref="fl-f"/>
      </object_component>
      <object_component id="oc-186">
         <name>.debug_line</name>
         <load_address>0x20a2</load_address>
         <run_address>0x20a2</run_address>
         <size>0xc2</size>
         <input_file_ref idref="fl-f"/>
      </object_component>
      <object_component id="oc-24b">
         <name>.debug_line</name>
         <load_address>0x2164</load_address>
         <run_address>0x2164</run_address>
         <size>0x13d</size>
         <input_file_ref idref="fl-10"/>
      </object_component>
      <object_component id="oc-2e9">
         <name>.debug_line</name>
         <load_address>0x22a1</load_address>
         <run_address>0x22a1</run_address>
         <size>0x7f</size>
         <input_file_ref idref="fl-10"/>
      </object_component>
      <object_component id="oc-1d7">
         <name>.debug_line</name>
         <load_address>0x2320</load_address>
         <run_address>0x2320</run_address>
         <size>0x94</size>
         <input_file_ref idref="fl-10"/>
      </object_component>
      <object_component id="oc-167">
         <name>.debug_line</name>
         <load_address>0x23b4</load_address>
         <run_address>0x23b4</run_address>
         <size>0x94</size>
         <input_file_ref idref="fl-10"/>
      </object_component>
      <object_component id="oc-cb">
         <name>.debug_line</name>
         <load_address>0x2448</load_address>
         <run_address>0x2448</run_address>
         <size>0xee</size>
         <input_file_ref idref="fl-10"/>
      </object_component>
      <object_component id="oc-17a">
         <name>.debug_line</name>
         <load_address>0x2536</load_address>
         <run_address>0x2536</run_address>
         <size>0x11a</size>
         <input_file_ref idref="fl-10"/>
      </object_component>
      <object_component id="oc-24f">
         <name>.debug_line</name>
         <load_address>0x2650</load_address>
         <run_address>0x2650</run_address>
         <size>0x7f</size>
         <input_file_ref idref="fl-10"/>
      </object_component>
      <object_component id="oc-2f0">
         <name>.debug_line</name>
         <load_address>0x26cf</load_address>
         <run_address>0x26cf</run_address>
         <size>0x82</size>
         <input_file_ref idref="fl-11"/>
      </object_component>
      <object_component id="oc-18c">
         <name>.debug_line</name>
         <load_address>0x2751</load_address>
         <run_address>0x2751</run_address>
         <size>0x92</size>
         <input_file_ref idref="fl-11"/>
      </object_component>
      <object_component id="oc-1e1">
         <name>.debug_line</name>
         <load_address>0x27e3</load_address>
         <run_address>0x27e3</run_address>
         <size>0x93</size>
         <input_file_ref idref="fl-11"/>
      </object_component>
      <object_component id="oc-291">
         <name>.debug_line</name>
         <load_address>0x2876</load_address>
         <run_address>0x2876</run_address>
         <size>0x96</size>
         <input_file_ref idref="fl-11"/>
      </object_component>
      <object_component id="oc-1db">
         <name>.debug_line</name>
         <load_address>0x290c</load_address>
         <run_address>0x290c</run_address>
         <size>0xb3</size>
         <input_file_ref idref="fl-11"/>
      </object_component>
      <object_component id="oc-1e7">
         <name>.debug_line</name>
         <load_address>0x29bf</load_address>
         <run_address>0x29bf</run_address>
         <size>0x93</size>
         <input_file_ref idref="fl-11"/>
      </object_component>
      <object_component id="oc-1ed">
         <name>.debug_line</name>
         <load_address>0x2a52</load_address>
         <run_address>0x2a52</run_address>
         <size>0x93</size>
         <input_file_ref idref="fl-11"/>
      </object_component>
      <object_component id="oc-269">
         <name>.debug_line</name>
         <load_address>0x2ae5</load_address>
         <run_address>0x2ae5</run_address>
         <size>0x91</size>
         <input_file_ref idref="fl-12"/>
      </object_component>
      <object_component id="oc-27a">
         <name>.debug_line</name>
         <load_address>0x2b76</load_address>
         <run_address>0x2b76</run_address>
         <size>0x91</size>
         <input_file_ref idref="fl-12"/>
      </object_component>
      <object_component id="oc-2b4">
         <name>.debug_line</name>
         <load_address>0x2c07</load_address>
         <run_address>0x2c07</run_address>
         <size>0x2a</size>
         <input_file_ref idref="fl-c8"/>
      </object_component>
      <object_component id="oc-ef">
         <name>.debug_line</name>
         <load_address>0x2c31</load_address>
         <run_address>0x2c31</run_address>
         <size>0xe3</size>
         <input_file_ref idref="fl-c8"/>
      </object_component>
      <object_component id="oc-2b8">
         <name>.debug_line</name>
         <load_address>0x2d14</load_address>
         <run_address>0x2d14</run_address>
         <size>0x92</size>
         <input_file_ref idref="fl-c8"/>
      </object_component>
      <object_component id="oc-215">
         <name>.debug_line</name>
         <load_address>0x2da6</load_address>
         <run_address>0x2da6</run_address>
         <size>0x8f</size>
         <input_file_ref idref="fl-c8"/>
      </object_component>
      <object_component id="oc-2c0">
         <name>.debug_line</name>
         <load_address>0x2e35</load_address>
         <run_address>0x2e35</run_address>
         <size>0x89</size>
         <input_file_ref idref="fl-c9"/>
      </object_component>
      <object_component id="oc-f9">
         <name>.debug_line</name>
         <load_address>0x2ebe</load_address>
         <run_address>0x2ebe</run_address>
         <size>0x12d</size>
         <input_file_ref idref="fl-c9"/>
      </object_component>
      <object_component id="oc-30f">
         <name>.debug_line</name>
         <load_address>0x2feb</load_address>
         <run_address>0x2feb</run_address>
         <size>0x20</size>
         <input_file_ref idref="fl-ca"/>
      </object_component>
      <object_component id="oc-2f8">
         <name>.debug_line</name>
         <load_address>0x300b</load_address>
         <run_address>0x300b</run_address>
         <size>0x2c</size>
         <input_file_ref idref="fl-ca"/>
      </object_component>
      <object_component id="oc-20e">
         <name>.debug_line</name>
         <load_address>0x3037</load_address>
         <run_address>0x3037</run_address>
         <size>0xca</size>
         <input_file_ref idref="fl-ca"/>
      </object_component>
      <object_component id="oc-90">
         <name>.debug_line</name>
         <load_address>0x3101</load_address>
         <run_address>0x3101</run_address>
         <size>0x79</size>
         <input_file_ref idref="fl-cb"/>
      </object_component>
      <object_component id="oc-1fe">
         <name>.debug_line</name>
         <load_address>0x317a</load_address>
         <run_address>0x317a</run_address>
         <size>0x5b</size>
         <input_file_ref idref="fl-cc"/>
      </object_component>
      <object_component id="oc-1c9">
         <name>.debug_line</name>
         <load_address>0x31d5</load_address>
         <run_address>0x31d5</run_address>
         <size>0xd2</size>
         <input_file_ref idref="fl-cd"/>
      </object_component>
      <object_component id="oc-2ab">
         <name>.debug_line</name>
         <load_address>0x32a7</load_address>
         <run_address>0x32a7</run_address>
         <size>0x77</size>
         <input_file_ref idref="fl-ce"/>
      </object_component>
      <object_component id="oc-fc">
         <name>.debug_line</name>
         <load_address>0x331e</load_address>
         <run_address>0x331e</run_address>
         <size>0xa8</size>
         <input_file_ref idref="fl-cf"/>
      </object_component>
      <object_component id="oc-104">
         <name>.debug_line</name>
         <load_address>0x33c6</load_address>
         <run_address>0x33c6</run_address>
         <size>0x8e</size>
         <input_file_ref idref="fl-d0"/>
      </object_component>
      <object_component id="oc-f4">
         <name>.debug_line</name>
         <load_address>0x3454</load_address>
         <run_address>0x3454</run_address>
         <size>0x67</size>
         <input_file_ref idref="fl-d1"/>
      </object_component>
      <object_component id="oc-e9">
         <name>.debug_line</name>
         <load_address>0x34bb</load_address>
         <run_address>0x34bb</run_address>
         <size>0x57</size>
         <input_file_ref idref="fl-d2"/>
      </object_component>
      <object_component id="oc-1c4">
         <name>.debug_line</name>
         <load_address>0x3512</load_address>
         <run_address>0x3512</run_address>
         <size>0x50</size>
         <input_file_ref idref="fl-d3"/>
      </object_component>
      <object_component id="oc-1b9">
         <name>.debug_line</name>
         <load_address>0x3562</load_address>
         <run_address>0x3562</run_address>
         <size>0x4c</size>
         <input_file_ref idref="fl-d4"/>
      </object_component>
      <object_component id="oc-c3">
         <name>.debug_line</name>
         <load_address>0x35ae</load_address>
         <run_address>0x35ae</run_address>
         <size>0x9e</size>
         <input_file_ref idref="fl-d5"/>
      </object_component>
      <object_component id="oc-4e">
         <name>.debug_line</name>
         <load_address>0x364c</load_address>
         <run_address>0x364c</run_address>
         <size>0x4f</size>
         <input_file_ref idref="fl-d5"/>
      </object_component>
      <object_component id="oc-89">
         <name>.debug_line</name>
         <load_address>0x369b</load_address>
         <run_address>0x369b</run_address>
         <size>0x34</size>
         <input_file_ref idref="fl-d5"/>
      </object_component>
[...]
      <symbol id="sm-137">
         <name>LSM9DS1_readMag</name>
         <value>0xeb3</value>
         <object_component_ref idref="oc-d8"/>
      </symbol>
      <symbol id="sm-138">
         <name>LSM9DS1_configMagInt</name>
         <value>0x14df</value>
         <object_component_ref idref="oc-d8"/>
      </symbol>
      <symbol id="sm-139">
         <name>LSM9DS1_mWriteByte</name>
         <value>0x1715</value>
         <object_component_ref idref="oc-d8"/>
      </symbol>
      <symbol id="sm-13a">
         <name>LSM9DS1_xgReadBytes</name>
         <value>0x1749</value>
         <object_component_ref idref="oc-d8"/>
      </symbol>
      <symbol id="sm-13b">
         <name>LSM9DS1_calcaRes</name>
         <value>0x1249</value>
         <object_component_ref idref="oc-d8"/>
      </symbol>
      <symbol id="sm-13c">
         <name>LSM9DS1_I2CreadByte</name>
         <value>0x17c9</value>
         <object_component_ref idref="oc-d8"/>
      </symbol>
      <symbol id="sm-13d">
         <name>LSM9DS1_getGyroIntSrc</name>
         <value>0x14b9</value>
         <object_component_ref idref="oc-d8"/>
      </symbol>
      <symbol id="sm-13e">
         <name>LSM9DS1_setMagODR</name>
         <value>0x11d5</value>
         <object_component_ref idref="oc-d8"/>
      </symbol>
      <symbol id="sm-13f">
         <name>LSM9DS1_enableFIFO</name>
         <value>0x15eb</value>
         <object_component_ref idref="oc-d8"/>
      </symbol>
      <symbol id="sm-140">
         <name>LSM9DS1_setFIFO</name>
         <value>0x162d</value>
         <object_component_ref idref="oc-d8"/>
      </symbol>
      <symbol id="sm-141">
         <name>LSM9DS1_accelAvailable</name>
         <value>0xdf1</value>
         <object_component_ref idref="oc-d8"/>
      </symbol>
      <symbol id="sm-142">
         <name>LSM9DS1_getFIFOSamples</name>
         <value>0x166d</value>
         <object_component_ref idref="oc-d8"/>
      </symbol>
      <symbol id="sm-143">
         <name>LSM9DS1_xgReadByte</name>
         <value>0x1733</value>
         <object_component_ref idref="oc-d8"/>
      </symbol>
      <symbol id="sm-144">
         <name>LSM9DS1_initMag</name>
         <value>0xcdf</value>
         <object_component_ref idref="oc-d8"/>
      </symbol>
      <symbol id="sm-145">
         <name>LSM9DS1_gyroAvailable</name>
         <value>0xe0b</value>
         <object_component_ref idref="oc-d8"/>
      </symbol>
      <symbol id="sm-146">
         <name>LSM9DS1_setAccelODR</name>
         <value>0x117d</value>
         <object_component_ref idref="oc-d8"/>
      </symbol>
      <symbol id="sm-147">
         <name>LSM9DS1_sleepGyro</name>
         <value>0x15a9</value>
         <object_component_ref idref="oc-d8"/>
      </symbol>
      <symbol id="sm-148">
         <name>LSM9DS1_xgAverage</name>
         <value>0xa29</value>
         <object_component_ref idref="oc-d8"/>
      </symbol>
      <symbol id="sm-149">
         <name>LSM9DS1_getAccelIntSrc</name>
         <value>0x13c5</value>
         <object_component_ref idref="oc-d8"/>
      </symbol>
      <symbol id="sm-14a">
         <name>LSM9DS1_magAvailable</name>
         <value>0xe43</value>
         <object_component_ref idref="oc-d8"/>
      </symbol>
      <symbol id="sm-14b">
         <name>LSM9DS1_I2CreadBytes</name>
         <value>0x17f3</value>
         <object_component_ref idref="oc-d8"/>
      </symbol>
      <symbol id="sm-14c">
         <name>LSM9DS1_initAccel</name>
         <value>0x665</value>
         <object_component_ref idref="oc-d8"/>
      </symbol>
      <symbol id="sm-14d">
         <name>LSM9DS1_mAverage</name>
         <value>0xb59</value>
         <object_component_ref idref="oc-d8"/>
      </symbol>
      <symbol id="sm-14e">
         <name>LSM9DS1_step</name>
         <value>0x44f</value>
         <object_component_ref idref="oc-d8"/>
      </symbol>
      <symbol id="sm-14f">
         <name>LSM9DS1_getInactivity</name>
         <value>0x1321</value>
         <object_component_ref idref="oc-d8"/>
      </symbol>
      <symbol id="sm-150">
         <name>LSM9DS1_calcTemp</name>
         <value>0xf67</value>
         <object_component_ref idref="oc-d8"/>
      </symbol>
      <symbol id="sm-151">
         <name>LSM9DS1_configInactivity</name>
         <value>0x12d3</value>
         <object_component_ref idref="oc-d8"/>
      </symbol>
      <symbol id="sm-152">
         <name>LSM9DS1_setGyroScale</name>
         <value>0xf8f</value>
         <object_component_ref idref="oc-d8"/>
      </symbol>
      <symbol id="sm-153">
         <name>LSM9DS1_sleep</name>
         <value>0x4c9</value>
         <object_component_ref idref="oc-d8"/>
      </symbol>
      <symbol id="sm-154">
         <name>LSM9DS1_setAccelScale</name>
         <value>0x100d</value>
         <object_component_ref idref="oc-d8"/>
      </symbol>
      <symbol id="sm-155">
         <name>LSM9DS1_configGyroThs</name>
         <value>0x1435</value>
         <object_component_ref idref="oc-d8"/>
      </symbol>
      <symbol id="sm-156">
         <name>LSM9DS1_getMagIntSrc</name>
         <value>0x1573</value>
         <object_component_ref idref="oc-d8"/>
      </symbol>
      <symbol id="sm-157">
         <name>LSM9DS1_init</name>
         <value>0x26d</value>
         <object_component_ref idref="oc-d8"/>
      </symbol>
      <symbol id="sm-158">
         <name>LSM9DS1_constrainScales</name>
         <value>0x167f</value>
         <object_component_ref idref="oc-d8"/>
      </symbol>
      <symbol id="sm-159">
         <name>LSM9DS1_tempAvailable</name>
         <value>0xe27</value>
         <object_component_ref idref="oc-d8"/>
      </symbol>
      <symbol id="sm-15a">
         <name>LSM9DS1_calcgRes</name>
         <value>0x1223</value>
         <object_component_ref idref="oc-d8"/>
      </symbol>
      <symbol id="sm-15b">
         <name>LSM9DS1_configAccelInt</name>
         <value>0x1343</value>
         <object_component_ref idref="oc-d8"/>
      </symbol>
      <symbol id="sm-15c">
         <name>LSM9DS1_calibratePosture</name>
         <value>0x77d</value>
         <object_component_ref idref="oc-d8"/>
      </symbol>
      <symbol id="sm-15d">
         <name>LSM9DS1_readAccel</name>
         <value>0xe71</value>
         <object_component_ref idref="oc-d8"/>
      </symbol>
      <symbol id="sm-15e">
         <name>LSM9DS1_mReadBytes</name>
         <value>0x1781</value>
         <object_component_ref idref="oc-d8"/>
      </symbol>
      <symbol id="sm-16c">
         <name>UART_init</name>
         <value>0x3391</value>
         <object_component_ref idref="oc-cc"/>
      </symbol>
      <symbol id="sm-1ac">
         <name>I2C_Write</name>
         <value>0x1ef1</value>
         <object_component_ref idref="oc-d2"/>
      </symbol>
      <symbol id="sm-1ad">
         <name>I2C_Init</name>
         <value>0x1cc5</value>
         <object_component_ref idref="oc-d2"/>
      </symbol>
      <symbol id="sm-1ae">
         <name>I2C_Read</name>
         <value>0x1fdd</value>
         <object_component_ref idref="oc-d2"/>
      </symbol>
      <symbol id="sm-1e6">
         <name>dev</name>
         <value>0x20000000</value>
      </symbol>
      <symbol id="sm-1e7">
         <name>imu_config</name>
         <value>0x20000888</value>
         <object_component_ref idref="oc-108"/>
      </symbol>
      <symbol id="sm-1e8">
         <name>printAccel</name>
         <value>0x246d</value>
         <object_component_ref idref="oc-98"/>
      </symbol>
      <symbol id="sm-1e9">
         <name>PI</name>
         <value>0x39a0</value>
         <object_component_ref idref="oc-10e"/>
      </symbol>
      <symbol id="sm-1ea">
         <name>main</name>
         <value>0x2415</value>
         <object_component_ref idref="oc-98"/>
      </symbol>
      <symbol id="sm-1eb">
         <name>printAttitude</name>
         <value>0x24a1</value>
         <object_component_ref idref="oc-98"/>
      </symbol>
      <symbol id="sm-20c">
         <name>ResetISR</name>
         <value>0x36e9</value>
         <object_component_ref idref="oc-24"/>
      </symbol>
      <symbol id="sm-20d">
         <name>g_pfnVectors</name>
         <value>0x0</value>
         <object_component_ref idref="oc-f"/>
      </symbol>
      <symbol id="sm-27c">
         <name>UARTgetc</name>
         <value>0x196f</value>
         <object_component_ref idref="oc-df"/>
      </symbol>
      <symbol id="sm-27d">
         <name>UARTgets</name>
         <value>0x18b5</value>
         <object_component_ref idref="oc-df"/>
      </symbol>
      <symbol id="sm-27e">
         <name>UARTStdioConfig</name>
         <value>0x1829</value>
         <object_component_ref idref="oc-df"/>
      </symbol>
      <symbol id="sm-27f">
         <name>UARTwrite</name>
         <value>0x186f</value>
         <object_component_ref idref="oc-df"/>
      </symbol>
      <symbol id="sm-280">
         <name>UARTprintf</name>
         <value>0x1c8f</value>
         <object_component_ref idref="oc-df"/>
      </symbol>
      <symbol id="sm-281">
         <name>UARTvprintf</name>
         <value>0x1995</value>
         <object_component_ref idref="oc-df"/>
      </symbol>
      <symbol id="sm-2b8">
         <name>GPIOPinConfigure</name>
         <value>0x33e9</value>
         <object_component_ref idref="oc-169"/>
      </symbol>
      <symbol id="sm-2b9">
         <name>GPIOPinTypeUART</name>
         <value>0x3685</value>
         <object_component_ref idref="oc-16f"/>
      </symbol>
      <symbol id="sm-2ba">
         <name>GPIODirModeSet</name>
         <value>0x3607</value>
         <object_component_ref idref="oc-257"/>
      </symbol>
      <symbol id="sm-2bb">
         <name>GPIOPadConfigSet</name>
         <value>0x2c83</value>
         <object_component_ref idref="oc-25d"/>
      </symbol>
      <symbol id="sm-2e8">
         <name>I2CMasterDataPut</name>
         <value>0x3737</value>
         <object_component_ref idref="oc-19a"/>
      </symbol>
      <symbol id="sm-2e9">
         <name>I2CMasterSlaveAddrSet</name>
         <value>0x3711</value>
         <object_component_ref idref="oc-194"/>
      </symbol>
      <symbol id="sm-2ea">
         <name>I2CMasterDataGet</name>
         <value>0x3733</value>
         <object_component_ref idref="oc-1ac"/>
      </symbol>
      <symbol id="sm-2eb">
         <name>I2CMasterControl</name>
         <value>0x372f</value>
         <object_component_ref idref="oc-1a6"/>
      </symbol>
      <symbol id="sm-2ec">
         <name>I2CMasterBusy</name>
         <value>0x3709</value>
         <object_component_ref idref="oc-1a0"/>
      </symbol>
      <symbol id="sm-325">
         <name>IntEnable</name>
         <value>0x32c1</value>
         <object_component_ref idref="oc-181"/>
      </symbol>
      <symbol id="sm-326">
         <name>IntMasterDisable</name>
         <value>0x3697</value>
         <object_component_ref idref="oc-18e"/>
      </symbol>
      <symbol id="sm-327">
         <name>IntMasterEnable</name>
         <value>0x36a7</value>
         <object_component_ref idref="oc-17b"/>
      </symbol>
      <symbol id="sm-384">
         <name>SysCtlPeripheralPresent</name>
         <value>0x34fd</value>
         <object_component_ref idref="oc-1d3"/>
      </symbol>
      <symbol id="sm-385">
         <name>SysCtlClockSet</name>
         <value>0x2fc1</value>
         <object_component_ref idref="oc-c6"/>
      </symbol>
      <symbol id="sm-386">
         <name>SysCtlDelay</name>
         <value>0x3729</value>
         <object_component_ref idref="oc-de"/>
      </symbol>
      <symbol id="sm-387">
         <name>SysCtlPeripheralEnable</name>
         <value>0x35a5</value>
         <object_component_ref idref="oc-163"/>
      </symbol>
      <symbol id="sm-388">
         <name>SysCtlClockGet</name>
         <value>0x2db5</value>
         <object_component_ref idref="oc-175"/>
      </symbol>
      <symbol id="sm-3c3">
         <name>UARTConfigSetExpClk</name>
         <value>0x3431</value>
         <object_component_ref idref="oc-1d9"/>
      </symbol>
      <symbol id="sm-3c4">
         <name>UARTDisable</name>
         <value>0x3631</value>
         <object_component_ref idref="oc-28f"/>
      </symbol>
      <symbol id="sm-3c5">
         <name>UARTIntEnable</name>
         <value>0x3719</value>
         <object_component_ref idref="oc-187"/>
      </symbol>
      <symbol id="sm-3c6">
         <name>UARTCharPut</name>
         <value>0x36ff</value>
         <object_component_ref idref="oc-1e5"/>
      </symbol>
      <symbol id="sm-3c7">
         <name>UARTEnable</name>
         <value>0x3671</value>
         <object_component_ref idref="oc-1df"/>
      </symbol>
      <symbol id="sm-3c8">
         <name>UARTCharGet</name>
         <value>0x36f5</value>
         <object_component_ref idref="oc-1eb"/>
      </symbol>
      <symbol id="sm-3da">
         <name>CPUcpsie</name>
         <value>0x36d1</value>
         <object_component_ref idref="oc-268"/>
      </symbol>
      <symbol id="sm-3db">
         <name>CPUcpsid</name>
         <value>0x36c5</value>
         <object_component_ref idref="oc-276"/>
      </symbol>
      <symbol id="sm-41f">
         <name>atan2</name>
         <value>0x2651</value>
         <object_component_ref idref="oc-ea"/>
      </symbol>
      <symbol id="sm-420">
         <name>atan2l</name>
         <value>0x2651</value>
         <object_component_ref idref="oc-ea"/>
      </symbol>
      <symbol id="sm-442">
         <name>sqrtl</name>
         <value>0x29f5</value>
         <object_component_ref idref="oc-f5"/>
      </symbol>
      <symbol id="sm-443">
         <name>sqrt</name>
         <value>0x29f5</value>
         <object_component_ref idref="oc-f5"/>
      </symbol>
      <symbol id="sm-479">
         <name>atanl</name>
         <value>0x2129</value>
         <object_component_ref idref="oc-20a"/>
      </symbol>
      <symbol id="sm-47a">
         <name>atan</name>
         <value>0x2129</value>
         <object_component_ref idref="oc-20a"/>
      </symbol>
      <symbol id="sm-489">
         <name>__aeabi_memset</name>
         <value>0x31d9</value>
         <object_component_ref idref="oc-8c"/>
      </symbol>
      <symbol id="sm-48a">
         <name>memset</name>
         <value>0x31df</value>
         <object_component_ref idref="oc-8c"/>
      </symbol>
      <symbol id="sm-48b">
         <name>__aeabi_memset8</name>
         <value>0x31d9</value>
         <object_component_ref idref="oc-8c"/>
      </symbol>
      <symbol id="sm-48c">
         <name>__aeabi_memset4</name>
         <value>0x31d9</value>
         <object_component_ref idref="oc-8c"/>
      </symbol>
      <symbol id="sm-48d">
         <name>__aeabi_memclr8</name>
         <value>0x31d7</value>
         <object_component_ref idref="oc-8c"/>
      </symbol>
      <symbol id="sm-48e">
         <name>__aeabi_memclr4</name>
         <value>0x31d7</value>
         <object_component_ref idref="oc-8c"/>
      </symbol>
      <symbol id="sm-48f">
         <name>__aeabi_memclr</name>
         <value>0x31d7</value>
         <object_component_ref idref="oc-8c"/>
      </symbol>
      <symbol id="sm-49e">
         <name>__aeabi_uidivmod</name>
         <value>0x34bd</value>
         <object_component_ref idref="oc-1fa"/>
      </symbol>
      <symbol id="sm-49f">
         <name>__aeabi_uidiv</name>
         <value>0x34bd</value>
         <object_component_ref idref="oc-1fa"/>
      </symbol>
      <symbol id="sm-4b6">
         <name>__aeabi_dsub</name>
         <value>0x283d</value>
         <object_component_ref idref="oc-1c5"/>
      </symbol>
      <symbol id="sm-4b7">
         <name>__aeabi_dadd</name>
         <value>0x2847</value>
         <object_component_ref idref="oc-1c5"/>
      </symbol>
      <symbol id="sm-4c9">
         <name>__aeabi_cdrcmple</name>
         <value>0x3151</value>
         <object_component_ref idref="oc-2aa"/>
      </symbol>
      <symbol id="sm-4dd">
         <name>__aeabi_ddiv</name>
         <value>0x2b4d</value>
         <object_component_ref idref="oc-fb"/>
      </symbol>
      <symbol id="sm-4e8">
         <name>__aeabi_dmul</name>
         <value>0x2ec5</value>
         <object_component_ref idref="oc-100"/>
      </symbol>
      <symbol id="sm-4f4">
         <name>__aeabi_d2f</name>
         <value>0x3251</value>
         <object_component_ref idref="oc-f0"/>
      </symbol>
      <symbol id="sm-4ff">
         <name>__aeabi_f2d</name>
         <value>0x356d</value>
         <object_component_ref idref="oc-e5"/>
      </symbol>
      <symbol id="sm-509">
         <name>__aeabi_i2d</name>
         <value>0x35d9</value>
         <object_component_ref idref="oc-1c0"/>
      </symbol>
      <symbol id="sm-513">
         <name>__aeabi_ui2d</name>
         <value>0x3651</value>
         <object_component_ref idref="oc-1b5"/>
      </symbol>
      <symbol id="sm-52a">
         <name>__TI_zero_init</name>
         <value>0x36dd</value>
         <object_component_ref idref="oc-4a"/>
      </symbol>
      <symbol id="sm-541">
         <name>__TI_decompress_none</name>
         <value>0x36b7</value>
         <object_component_ref idref="oc-18"/>
      </symbol>
      <symbol id="sm-564">
         <name>__TI_decompress_lzss</name>
         <value>0x3329</value>
         <object_component_ref idref="oc-12"/>
      </symbol>
      <symbol id="sm-57a">
         <name>__aeabi_errno_addr</name>
         <value>0x3721</value>
         <object_component_ref idref="oc-218"/>
      </symbol>
      <symbol id="sm-57b">
         <name>errno</name>
         <value>0x20000898</value>
         <object_component_ref idref="oc-2ba"/>
      </symbol>
      <symbol id="sm-58e">
         <name>__stack</name>
         <value>0x20000688</value>
         <object_component_ref idref="oc-21"/>
      </symbol>
      <symbol id="sm-58f">
         <name>_c_int00_noargs</name>
         <value>0x3535</value>
         <object_component_ref idref="oc-56"/>
      </symbol>
      <symbol id="sm-599">
         <name>__aeabi_idiv0</name>
         <value>0x29f3</value>
         <object_component_ref idref="oc-29f"/>
      </symbol>
      <symbol id="sm-59a">
         <name>__aeabi_ldiv0</name>
         <value>0x29f3</value>
         <object_component_ref idref="oc-29f"/>
      </symbol>
      <symbol id="sm-5b5">
         <name>memcpy</name>
         <value>0x30b5</value>
         <object_component_ref idref="oc-38"/>
      </symbol>
      <symbol id="sm-5b6">
         <name>__aeabi_memcpy</name>
         <value>0x30b5</value>
         <object_component_ref idref="oc-38"/>
      </symbol>
      <symbol id="sm-5b7">
         <name>__aeabi_memcpy8</name>
         <value>0x30b5</value>
         <object_component_ref idref="oc-38"/>
      </symbol>
      <symbol id="sm-5b8">
         <name>__aeabi_memcpy4</name>
         <value>0x30b5</value>
         <object_component_ref idref="oc-38"/>
      </symbol>
      <symbol id="sm-5e0">
         <name>__TI_auto_init_nobinit_nopinit</name>
         <value>0x3479</value>
         <object_component_ref idref="oc-11e"/>
      </symbol>
      <symbol id="sm-5ea">
         <name>_system_pre_init</name>
         <value>0x373b</value>
         <object_component_ref idref="oc-92"/>
      </symbol>
      <symbol id="sm-5f6">
         <name>C$$EXIT</name>
         <value>0x373f</value>
         <object_component_ref idref="oc-112"/>
      </symbol>
      <symbol id="sm-5f7">
         <name>abort</name>
         <value>0x373f</value>
         <object_component_ref idref="oc-112"/>
      </symbol>
      <symbol id="sm-5fa">
         <name>__TI_static_base__</name>
         <value>0x0</value>
      </symbol>
      <symbol id="sm-5fd">
         <name>__mpu_init</name>
         <value>0x0</value>
      </symbol>
      <symbol id="sm-5fe">
         <name>_system_post_cinit</name>
         <value>0x0</value>
      </symbol>
   </symbol_table>
   <title>Link successful</title>
</link_info>
