<?xml version="1.0" encoding="ISO-8859-1" ?>
<link_info>
   <banner>TI ARM Linker PC v18.1.3.LTS</banner>
   <copyright>Copyright (c) 1996-2017 Texas Instruments Incorporated</copyright>
   <link_time>0x5c9fc94f</link_time>
   <link_errors>0x0</link_errors>
   <output_file>gimbal_master.out</output_file>
   <entry_point>
      <name>_c_int00_noargs</name>
      <address>0x34e5</address>
   </entry_point>
   <input_file_list>
      <input_file id="fl-2">
         <path>.\</path>
         <kind>object</kind>
         <file>LSM9DS1.obj</file>
         <name>LSM9DS1.obj</name>
      </input_file>
      <input_file id="fl-3">
         <path>.\</path>
         <kind>object</kind>
         <file>board.obj</file>
         <name>board.obj</name>
      </input_file>
      <input_file id="fl-4">
         <path>.\</path>
         <kind>object</kind>
         <file>i2c.obj</file>
         <name>i2c.obj</name>
      </input_file>
      <input_file id="fl-5">
         <path>.\</path>
         <kind>object</kind>
         <file>main.obj</file>
         <name>main.obj</name>
      </input_file>
      <input_file id="fl-6">
         <path>.\</path>
         <kind>object</kind>
         <file>tm4c123gh6pm_startup_ccs.obj</file>
         <name>tm4c123gh6pm_startup_ccs.obj</name>
      </input_file>
      <input_file id="fl-7">
         <path>.\</path>
         <kind>object</kind>
         <file>uartstdio.obj</file>
         <name>uartstdio.obj</name>
      </input_file>
      <input_file id="fl-c">
         <kind>object</kind>
         <file>&lt;internal&gt;</file>
         <name>&lt;internal&gt;</name>
      </input_file>
      <input_file id="fl-d">
         <path>C:\ti\TivaWare_C_Series-2.1.4.178\driverlib\ccs\Debug\</path>
         <kind>archive</kind>
         <file>driverlib.lib</file>
         <name>gpio.obj</name>
      </input_file>
      <input_file id="fl-e">
         <path>C:\ti\TivaWare_C_Series-2.1.4.178\driverlib\ccs\Debug\</path>
         <kind>archive</kind>
         <file>driverlib.lib</file>
         <name>i2c.obj</name>
      </input_file>
      <input_file id="fl-f">
         <path>C:\ti\TivaWare_C_Series-2.1.4.178\driverlib\ccs\Debug\</path>
         <kind>archive</kind>
         <file>driverlib.lib</file>
         <name>interrupt.obj</name>
      </input_file>
      <input_file id="fl-10">
         <path>C:\ti\TivaWare_C_Series-2.1.4.178\driverlib\ccs\Debug\</path>
         <kind>archive</kind>
         <file>driverlib.lib</file>
         <name>sysctl.obj</name>
      </input_file>
      <input_file id="fl-11">
         <path>C:\ti\TivaWare_C_Series-2.1.4.178\driverlib\ccs\Debug\</path>
         <kind>archive</kind>
         <file>driverlib.lib</file>
         <name>uart.obj</name>
      </input_file>
      <input_file id="fl-12">
         <path>C:\ti\TivaWare_C_Series-2.1.4.178\driverlib\ccs\Debug\</path>
         <kind>archive</kind>
         <file>driverlib.lib</file>
         <name>cpu.obj</name>
      </input_file>
      <input_file id="fl-c8">
         <path>C:\ti\ccsv8\tools\compiler\ti-cgt-arm_18.1.3.LTS\lib\</path>
         <kind>archive</kind>
         <file>rtsv7M4_T_le_v4SPD16_eabi.lib</file>
         <name>e_atan2.c.obj</name>
      </input_file>
      <input_file id="fl-c9">
         <path>C:\ti\ccsv8\tools\compiler\ti-cgt-arm_18.1.3.LTS\lib\</path>
         <kind>archive</kind>
         <file>rtsv7M4_T_le_v4SPD16_eabi.lib</file>
         <name>e_sqrt.c.obj</name>
      </input_file>
      <input_file id="fl-ca">
         <path>C:\ti\ccsv8\tools\compiler\ti-cgt-arm_18.1.3.LTS\lib\</path>
         <kind>archive</kind>
         <file>rtsv7M4_T_le_v4SPD16_eabi.lib</file>
         <name>s_atan.c.obj</name>
      </input_file>
      <input_file id="fl-cb">
         <path>C:\ti\ccsv8\tools\compiler\ti-cgt-arm_18.1.3.LTS\lib\</path>
         <kind>archive</kind>
         <file>rtsv7M4_T_le_v4SPD16_eabi.lib</file>
         <name>memset_t2.asm.obj</name>
      </input_file>
      <input_file id="fl-cc">
         <path>C:\ti\ccsv8\tools\compiler\ti-cgt-arm_18.1.3.LTS\lib\</path>
         <kind>archive</kind>
         <file>rtsv7M4_T_le_v4SPD16_eabi.lib</file>
         <name>u_divt2.asm.obj</name>
      </input_file>
      <input_file id="fl-cd">
         <path>C:\ti\ccsv8\tools\compiler\ti-cgt-arm_18.1.3.LTS\lib\</path>
         <kind>archive</kind>
         <file>rtsv7M4_T_le_v4SPD16_eabi.lib</file>
         <name>fd_add_t2.asm.obj</name>
      </input_file>
      <input_file id="fl-ce">
         <path>C:\ti\ccsv8\tools\compiler\ti-cgt-arm_18.1.3.LTS\lib\</path>
         <kind>archive</kind>
         <file>rtsv7M4_T_le_v4SPD16_eabi.lib</file>
         <name>fd_cmp_t2.asm.obj</name>
      </input_file>
      <input_file id="fl-cf">
         <path>C:\ti\ccsv8\tools\compiler\ti-cgt-arm_18.1.3.LTS\lib\</path>
         <kind>archive</kind>
         <file>rtsv7M4_T_le_v4SPD16_eabi.lib</file>
         <name>fd_div_t2.asm.obj</name>
      </input_file>
      <input_file id="fl-d0">
         <path>C:\ti\ccsv8\tools\compiler\ti-cgt-arm_18.1.3.LTS\lib\</path>
         <kind>archive</kind>
         <file>rtsv7M4_T_le_v4SPD16_eabi.lib</file>
         <name>fd_mul_t2.asm.obj</name>
      </input_file>
      <input_file id="fl-d1">
         <path>C:\ti\ccsv8\tools\compiler\ti-cgt-arm_18.1.3.LTS\lib\</path>
         <kind>archive</kind>
         <file>rtsv7M4_T_le_v4SPD16_eabi.lib</file>
         <name>fd_tos_t2.asm.obj</name>
      </input_file>
      <input_file id="fl-d2">
         <path>C:\ti\ccsv8\tools\compiler\ti-cgt-arm_18.1.3.LTS\lib\</path>
         <kind>archive</kind>
         <file>rtsv7M4_T_le_v4SPD16_eabi.lib</file>
         <name>fs_tod_t2.asm.obj</name>
      </input_file>
      <input_file id="fl-d3">
         <path>C:\ti\ccsv8\tools\compiler\ti-cgt-arm_18.1.3.LTS\lib\</path>
         <kind>archive</kind>
         <file>rtsv7M4_T_le_v4SPD16_eabi.lib</file>
         <name>i_tofd_t2.asm.obj</name>
      </input_file>
      <input_file id="fl-d4">
         <path>C:\ti\ccsv8\tools\compiler\ti-cgt-arm_18.1.3.LTS\lib\</path>
         <kind>archive</kind>
         <file>rtsv7M4_T_le_v4SPD16_eabi.lib</file>
         <name>u_tofd_t2.asm.obj</name>
      </input_file>
      <input_file id="fl-d5">
         <path>C:\ti\ccsv8\tools\compiler\ti-cgt-arm_18.1.3.LTS\lib\</path>
         <kind>archive</kind>
         <file>rtsv7M4_T_le_v4SPD16_eabi.lib</file>
         <name>copy_zero_init.c.obj</name>
      </input_file>
      <input_file id="fl-d6">
         <path>C:\ti\ccsv8\tools\compiler\ti-cgt-arm_18.1.3.LTS\lib\</path>
         <kind>archive</kind>
         <file>rtsv7M4_T_le_v4SPD16_eabi.lib</file>
         <name>copy_decompress_none.c.obj</name>
      </input_file>
      <input_file id="fl-d7">
         <path>C:\ti\ccsv8\tools\compiler\ti-cgt-arm_18.1.3.LTS\lib\</path>
         <kind>archive</kind>
         <file>rtsv7M4_T_le_v4SPD16_eabi.lib</file>
         <name>copy_decompress_lzss.c.obj</name>
      </input_file>
      <input_file id="fl-d8">
         <path>C:\ti\ccsv8\tools\compiler\ti-cgt-arm_18.1.3.LTS\lib\</path>
         <kind>archive</kind>
         <file>rtsv7M4_T_le_v4SPD16_eabi.lib</file>
         <name>errno.c.obj</name>
      </input_file>
      <input_file id="fl-d9">
         <path>C:\ti\ccsv8\tools\compiler\ti-cgt-arm_18.1.3.LTS\lib\</path>
         <kind>archive</kind>
         <file>rtsv7M4_T_le_v4SPD16_eabi.lib</file>
         <name>boot_cortex_m.c.obj</name>
      </input_file>
      <input_file id="fl-da">
         <path>C:\ti\ccsv8\tools\compiler\ti-cgt-arm_18.1.3.LTS\lib\</path>
         <kind>archive</kind>
         <file>rtsv7M4_T_le_v4SPD16_eabi.lib</file>
         <name>div0.asm.obj</name>
      </input_file>
      <input_file id="fl-db">
         <path>C:\ti\ccsv8\tools\compiler\ti-cgt-arm_18.1.3.LTS\lib\</path>
         <kind>archive</kind>
         <file>rtsv7M4_T_le_v4SPD16_eabi.lib</file>
         <name>memcpy_t2.asm.obj</name>
      </input_file>
      <input_file id="fl-dc">
         <path>C:\ti\ccsv8\tools\compiler\ti-cgt-arm_18.1.3.LTS\lib\</path>
         <kind>archive</kind>
         <file>rtsv7M4_T_le_v4SPD16_eabi.lib</file>
         <name>autoinit.c.obj</name>
      </input_file>
      <input_file id="fl-dd">
         <path>C:\ti\ccsv8\tools\compiler\ti-cgt-arm_18.1.3.LTS\lib\</path>
         <kind>archive</kind>
         <file>rtsv7M4_T_le_v4SPD16_eabi.lib</file>
         <name>pre_init.c.obj</name>
      </input_file>
      <input_file id="fl-de">
         <path>C:\ti\ccsv8\tools\compiler\ti-cgt-arm_18.1.3.LTS\lib\</path>
         <kind>archive</kind>
         <file>rtsv7M4_T_le_v4SPD16_eabi.lib</file>
         <name>cpy_tbl.c.obj</name>
      </input_file>
      <input_file id="fl-df">
         <path>C:\ti\ccsv8\tools\compiler\ti-cgt-arm_18.1.3.LTS\lib\</path>
         <kind>archive</kind>
         <file>rtsv7M4_T_le_v4SPD16_eabi.lib</file>
         <name>exit.c.obj</name>
      </input_file>
      <input_file id="fl-e0">
         <path>C:\ti\ccsv8\tools\compiler\ti-cgt-arm_18.1.3.LTS\lib\</path>
         <kind>archive</kind>
         <file>rtsv7M4_T_le_v4SPD16_eabi.lib</file>
         <name>_lock.c.obj</name>
      </input_file>
      <input_file id="fl-e1">
         <path>C:\ti\ccsv8\tools\compiler\ti-cgt-arm_18.1.3.LTS\lib\</path>
         <kind>archive</kind>
         <file>rtsv7M4_T_le_v4SPD16_eabi.lib</file>
         <name>args_main.c.obj</name>
      </input_file>
   </input_file_list>
   <object_component_list>
      <object_component id="oc-f">
         <name>.intvecs</name>
         <load_address>0x0</load_address>
         <run_address>0x0</run_address>
         <size>0x26c</size>
         <input_file_ref idref="fl-6"/>
      </object_component>
      <object_component id="oc-d8">
         <name>.text</name>
         <load_address>0x26c</load_address>
         <run_address>0x26c</run_address>
         <size>0x1694</size>
         <input_file_ref idref="fl-2"/>
      </object_component>
      <object_component id="oc-df">
         <name>.text</name>
         <load_address>0x1900</load_address>
         <run_address>0x1900</run_address>
         <size>0x49c</size>
         <input_file_ref idref="fl-7"/>
      </object_component>
      <object_component id="oc-d2">
         <name>.text</name>
         <load_address>0x1d9c</load_address>
         <run_address>0x1d9c</run_address>
         <size>0x464</size>
         <input_file_ref idref="fl-4"/>
      </object_component>
      <object_component id="oc-26b">
         <name>.text:atan</name>
         <load_address>0x2200</load_address>
         <run_address>0x2200</run_address>
         <size>0x2ec</size>
         <input_file_ref idref="fl-ca"/>
      </object_component>
      <object_component id="oc-196">
         <name>.text:atan2</name>
         <load_address>0x24ec</load_address>
         <run_address>0x24ec</run_address>
         <size>0x1ec</size>
         <input_file_ref idref="fl-c8"/>
      </object_component>
      <object_component id="oc-1c5">
         <name>.text</name>
         <load_address>0x26d8</load_address>
         <run_address>0x26d8</run_address>
         <size>0x1b6</size>
         <input_file_ref idref="fl-cd"/>
      </object_component>
      <object_component id="oc-29f">
         <name>.text</name>
         <load_address>0x288e</load_address>
         <run_address>0x288e</run_address>
         <size>0x2</size>
         <input_file_ref idref="fl-da"/>
      </object_component>
      <object_component id="oc-1a1">
         <name>.text:sqrt</name>
         <load_address>0x2890</load_address>
         <run_address>0x2890</run_address>
         <size>0x158</size>
         <input_file_ref idref="fl-c9"/>
      </object_component>
      <object_component id="oc-1ac">
         <name>.text</name>
         <load_address>0x29e8</load_address>
         <run_address>0x29e8</run_address>
         <size>0x136</size>
         <input_file_ref idref="fl-cf"/>
      </object_component>
      <object_component id="oc-242">
         <name>.text:GPIOPadConfigSet</name>
         <load_address>0x2b1e</load_address>
         <run_address>0x2b1e</run_address>
         <size>0x132</size>
         <input_file_ref idref="fl-d"/>
      </object_component>
      <object_component id="oc-98">
         <name>.text</name>
         <load_address>0x2c50</load_address>
         <run_address>0x2c50</run_address>
         <size>0x114</size>
         <input_file_ref idref="fl-5"/>
      </object_component>
      <object_component id="oc-152">
         <name>.text:SysCtlClockGet</name>
         <load_address>0x2d64</load_address>
         <run_address>0x2d64</run_address>
         <size>0x110</size>
         <input_file_ref idref="fl-10"/>
      </object_component>
      <object_component id="oc-1b1">
         <name>.text</name>
         <load_address>0x2e74</load_address>
         <run_address>0x2e74</run_address>
         <size>0xfc</size>
         <input_file_ref idref="fl-d0"/>
      </object_component>
      <object_component id="oc-c6">
         <name>.text:SysCtlClockSet</name>
         <load_address>0x2f70</load_address>
         <run_address>0x2f70</run_address>
         <size>0xf4</size>
         <input_file_ref idref="fl-10"/>
      </object_component>
      <object_component id="oc-38">
         <name>.text</name>
         <load_address>0x3064</load_address>
         <run_address>0x3064</run_address>
         <size>0x9c</size>
         <input_file_ref idref="fl-db"/>
      </object_component>
      <object_component id="oc-2dd">
         <name>.text:__aeabi_cdrcmple</name>
         <load_address>0x3100</load_address>
         <run_address>0x3100</run_address>
         <size>0x86</size>
         <input_file_ref idref="fl-ce"/>
      </object_component>
      <object_component id="oc-8c">
         <name>.text</name>
         <load_address>0x3186</load_address>
         <run_address>0x3186</run_address>
         <size>0x7a</size>
         <input_file_ref idref="fl-cb"/>
      </object_component>
      <object_component id="oc-19c">
         <name>.text</name>
         <load_address>0x3200</load_address>
         <run_address>0x3200</run_address>
         <size>0x6e</size>
         <input_file_ref idref="fl-d1"/>
      </object_component>
      <object_component id="oc-15e">
         <name>.text:IntEnable</name>
         <load_address>0x3270</load_address>
         <run_address>0x3270</run_address>
         <size>0x68</size>
         <input_file_ref idref="fl-f"/>
      </object_component>
      <object_component id="oc-12">
         <name>.text:decompress:lzss:__TI_decompress_lzss</name>
         <load_address>0x32d8</load_address>
         <run_address>0x32d8</run_address>
         <size>0x68</size>
         <input_file_ref idref="fl-d7"/>
      </object_component>
      <object_component id="oc-cc">
         <name>.text</name>
         <load_address>0x3340</load_address>
         <run_address>0x3340</run_address>
         <size>0x58</size>
         <input_file_ref idref="fl-3"/>
      </object_component>
      <object_component id="oc-146">
         <name>.text:GPIOPinConfigure</name>
         <load_address>0x3398</load_address>
         <run_address>0x3398</run_address>
         <size>0x48</size>
         <input_file_ref idref="fl-d"/>
      </object_component>
      <object_component id="oc-1d9">
         <name>.text:UARTConfigSetExpClk</name>
         <load_address>0x33e0</load_address>
         <run_address>0x33e0</run_address>
         <size>0x46</size>
         <input_file_ref idref="fl-11"/>
      </object_component>
      <object_component id="oc-fb">
         <name>.text:__TI_auto_init_nobinit_nopinit:__TI_auto_init_nobinit_nopinit</name>
         <load_address>0x3428</load_address>
         <run_address>0x3428</run_address>
         <size>0x44</size>
         <input_file_ref idref="fl-dc"/>
      </object_component>
      <object_component id="oc-1fa">
         <name>.text</name>
         <load_address>0x346c</load_address>
         <run_address>0x346c</run_address>
         <size>0x40</size>
         <input_file_ref idref="fl-cc"/>
      </object_component>
      <object_component id="oc-1d3">
         <name>.text:SysCtlPeripheralPresent</name>
         <load_address>0x34ac</load_address>
         <run_address>0x34ac</run_address>
         <size>0x38</size>
         <input_file_ref idref="fl-10"/>
      </object_component>
      <object_component id="oc-56">
         <name>.text:_c_int00_noargs:_c_int00_noargs</name>
         <load_address>0x34e4</load_address>
         <run_address>0x34e4</run_address>
         <size>0x38</size>
         <input_file_ref idref="fl-d9"/>
      </object_component>
      <object_component id="oc-1a7">
         <name>.text</name>
         <load_address>0x351c</load_address>
         <run_address>0x351c</run_address>
         <size>0x38</size>
         <input_file_ref idref="fl-d2"/>
      </object_component>
      <object_component id="oc-140">
         <name>.text:SysCtlPeripheralEnable</name>
         <load_address>0x3554</load_address>
         <run_address>0x3554</run_address>
         <size>0x34</size>
         <input_file_ref idref="fl-10"/>
      </object_component>
      <object_component id="oc-191">
         <name>.text</name>
         <load_address>0x3588</load_address>
         <run_address>0x3588</run_address>
         <size>0x2e</size>
         <input_file_ref idref="fl-d3"/>
      </object_component>
      <object_component id="oc-23c">
         <name>.text:GPIODirModeSet</name>
         <load_address>0x35b6</load_address>
         <run_address>0x35b6</run_address>
         <size>0x2a</size>
         <input_file_ref idref="fl-d"/>
      </object_component>
      <object_component id="oc-28f">
         <name>.text:UARTDisable</name>
         <load_address>0x35e0</load_address>
         <run_address>0x35e0</run_address>
         <size>0x20</size>
         <input_file_ref idref="fl-11"/>
      </object_component>
      <object_component id="oc-1ba">
         <name>.text</name>
         <load_address>0x3600</load_address>
         <run_address>0x3600</run_address>
         <size>0x20</size>
         <input_file_ref idref="fl-d4"/>
      </object_component>
      <object_component id="oc-1df">
         <name>.text:UARTEnable</name>
         <load_address>0x3620</load_address>
         <run_address>0x3620</run_address>
         <size>0x14</size>
         <input_file_ref idref="fl-11"/>
      </object_component>
      <object_component id="oc-14c">
         <name>.text:GPIOPinTypeUART</name>
         <load_address>0x3634</load_address>
         <run_address>0x3634</run_address>
         <size>0x12</size>
         <input_file_ref idref="fl-d"/>
      </object_component>
      <object_component id="oc-16b">
         <name>.text:IntMasterDisable</name>
         <load_address>0x3646</load_address>
         <run_address>0x3646</run_address>
         <size>0x10</size>
         <input_file_ref idref="fl-f"/>
      </object_component>
      <object_component id="oc-158">
         <name>.text:IntMasterEnable</name>
         <load_address>0x3656</load_address>
         <run_address>0x3656</run_address>
         <size>0x10</size>
         <input_file_ref idref="fl-f"/>
      </object_component>
      <object_component id="oc-18">
         <name>.text:decompress:none:__TI_decompress_none</name>
         <load_address>0x3666</load_address>
         <run_address>0x3666</run_address>
         <size>0xe</size>
         <input_file_ref idref="fl-d6"/>
      </object_component>
      <object_component id="oc-25b">
         <name>.text:CPUcpsid</name>
         <load_address>0x3674</load_address>
         <run_address>0x3674</run_address>
         <size>0xc</size>
         <input_file_ref idref="fl-12"/>
      </object_component>
      <object_component id="oc-24d">
         <name>.text:CPUcpsie</name>
         <load_address>0x3680</load_address>
         <run_address>0x3680</run_address>
         <size>0xc</size>
         <input_file_ref idref="fl-12"/>
      </object_component>
      <object_component id="oc-4a">
         <name>.text:decompress:ZI:__TI_zero_init</name>
         <load_address>0x368c</load_address>
         <run_address>0x368c</run_address>
         <size>0xc</size>
         <input_file_ref idref="fl-d5"/>
      </object_component>
      <object_component id="oc-24">
         <name>.text</name>
         <load_address>0x3698</load_address>
         <run_address>0x3698</run_address>
         <size>0xc</size>
         <input_file_ref idref="fl-6"/>
      </object_component>
      <object_component id="oc-1eb">
         <name>.text:UARTCharGet</name>
         <load_address>0x36a4</load_address>
         <run_address>0x36a4</run_address>
         <size>0xa</size>
         <input_file_ref idref="fl-11"/>
      </object_component>
      <object_component id="oc-1e5">
         <name>.text:UARTCharPut</name>
         <load_address>0x36ae</load_address>
         <run_address>0x36ae</run_address>
         <size>0xa</size>
         <input_file_ref idref="fl-11"/>
      </object_component>
      <object_component id="oc-17d">
         <name>.text:I2CMasterBusy</name>
         <load_address>0x36b8</load_address>
         <run_address>0x36b8</run_address>
         <size>0x8</size>
         <input_file_ref idref="fl-e"/>
      </object_component>
      <object_component id="oc-171">
         <name>.text:I2CMasterSlaveAddrSet</name>
         <load_address>0x36c0</load_address>
         <run_address>0x36c0</run_address>
         <size>0x8</size>
         <input_file_ref idref="fl-e"/>
      </object_component>
      <object_component id="oc-164">
         <name>.text:UARTIntEnable</name>
         <load_address>0x36c8</load_address>
         <run_address>0x36c8</run_address>
         <size>0x8</size>
         <input_file_ref idref="fl-11"/>
      </object_component>
      <object_component id="oc-279">
         <name>.text:__aeabi_errno_addr</name>
         <load_address>0x36d0</load_address>
         <run_address>0x36d0</run_address>
         <size>0x8</size>
         <input_file_ref idref="fl-d8"/>
      </object_component>
      <object_component id="oc-de">
         <name>.text:SysCtlDelay</name>
         <load_address>0x36d8</load_address>
         <run_address>0x36d8</run_address>
         <size>0x6</size>
         <input_file_ref idref="fl-10"/>
      </object_component>
      <object_component id="oc-183">
         <name>.text:I2CMasterControl</name>
         <load_address>0x36de</load_address>
         <run_address>0x36de</run_address>
         <size>0x4</size>
         <input_file_ref idref="fl-e"/>
      </object_component>
      <object_component id="oc-189">
         <name>.text:I2CMasterDataGet</name>
         <load_address>0x36e2</load_address>
         <run_address>0x36e2</run_address>
         <size>0x4</size>
         <input_file_ref idref="fl-e"/>
      </object_component>
      <object_component id="oc-177">
         <name>.text:I2CMasterDataPut</name>
         <load_address>0x36e6</load_address>
         <run_address>0x36e6</run_address>
         <size>0x4</size>
         <input_file_ref idref="fl-e"/>
      </object_component>
      <object_component id="oc-92">
         <name>.text:_system_pre_init</name>
         <load_address>0x36ea</load_address>
         <run_address>0x36ea</run_address>
         <size>0x4</size>
         <input_file_ref idref="fl-dd"/>
      </object_component>
      <object_component id="oc-ef">
         <name>.text:abort:abort</name>
         <load_address>0x36ee</load_address>
         <run_address>0x36ee</run_address>
         <size>0x4</size>
         <input_file_ref idref="fl-df"/>
      </object_component>
      <object_component id="oc-2e2">
         <name>.const:$O1$$</name>
         <load_address>0x36f8</load_address>
         <run_address>0x36f8</run_address>
         <size>0x98</size>
         <input_file_ref idref="fl-ca"/>
      </object_component>
      <object_component id="oc-237">
         <name>.const:g_pui32GPIOBaseAddrs</name>
         <load_address>0x3790</load_address>
         <run_address>0x3790</run_address>
         <size>0x90</size>
         <input_file_ref idref="fl-d"/>
      </object_component>
      <object_component id="oc-254">
         <name>.const</name>
         <load_address>0x3820</load_address>
         <run_address>0x3820</run_address>
         <size>0x70</size>
         <input_file_ref idref="fl-f"/>
      </object_component>
      <object_component id="oc-249">
         <name>.const:g_pui32Xtals</name>
         <load_address>0x3890</load_address>
         <run_address>0x3890</run_address>
         <size>0x6c</size>
         <input_file_ref idref="fl-10"/>
      </object_component>
      <object_component id="oc-2a5">
         <name>.const:.string</name>
         <load_address>0x38fc</load_address>
         <run_address>0x38fc</run_address>
         <size>0x12</size>
         <input_file_ref idref="fl-7"/>
      </object_component>
      <object_component id="oc-1ca">
         <name>.const:magSensitivity</name>
         <load_address>0x3910</load_address>
         <run_address>0x3910</run_address>
         <size>0x10</size>
         <input_file_ref idref="fl-2"/>
      </object_component>
      <object_component id="oc-1bf">
         <name>.const:$P$T0$1</name>
         <load_address>0x3920</load_address>
         <run_address>0x3920</run_address>
         <size>0xc</size>
         <input_file_ref idref="fl-2"/>
      </object_component>
      <object_component id="oc-1c2">
         <name>.const:$P$T1$2</name>
         <load_address>0x392c</load_address>
         <run_address>0x392c</run_address>
         <size>0xc</size>
         <input_file_ref idref="fl-2"/>
      </object_component>
      <object_component id="oc-1f7">
         <name>.const:g_ui32UARTBase</name>
         <load_address>0x3938</load_address>
         <run_address>0x3938</run_address>
         <size>0xc</size>
         <input_file_ref idref="fl-7"/>
      </object_component>
      <object_component id="oc-1f1">
         <name>.const:g_ui32UARTPeriph</name>
         <load_address>0x3944</load_address>
         <run_address>0x3944</run_address>
         <size>0xc</size>
         <input_file_ref idref="fl-7"/>
      </object_component>
      <object_component id="oc-1b7">
         <name>.const</name>
         <load_address>0x3950</load_address>
         <run_address>0x3950</run_address>
         <size>0x8</size>
         <input_file_ref idref="fl-2"/>
      </object_component>
      <object_component id="oc-1ff">
         <name>.const</name>
         <load_address>0x3958</load_address>
         <run_address>0x3958</run_address>
         <size>0x4</size>
         <input_file_ref idref="fl-7"/>
      </object_component>
      <object_component id="oc-339">
         <name>.cinit..data.load</name>
         <load_address>0x3960</load_address>
         <run_address>0x3960</run_address>
         <size>0xd</size>
      </object_component>
      <object_component id="oc-337">
         <name>__TI_handler_table</name>
         <load_address>0x3970</load_address>
         <run_address>0x3970</run_address>
         <size>0xc</size>
      </object_component>
      <object_component id="oc-33a">
         <name>.cinit..bss.load</name>
         <load_address>0x3980</load_address>
         <run_address>0x3980</run_address>
         <size>0x8</size>
      </object_component>
      <object_component id="oc-338">
         <name>__TI_cinit_table</name>
         <load_address>0x3988</load_address>
         <run_address>0x3988</run_address>
         <size>0x10</size>
      </object_component>
      <object_component id="oc-e8">
         <name>.data:imu_config</name>
         <load_address>0x20000888</load_address>
         <run_address>0x20000888</run_address>
         <size>0x6</size>
         <input_file_ref idref="fl-5"/>
      </object_component>
      <object_component id="oc-1f4">
         <name>.data</name>
         <load_address>0x20000890</load_address>
         <run_address>0x20000890</run_address>
         <size>0x5</size>
         <input_file_ref idref="fl-7"/>
      </object_component>
      <object_component id="oc-2ed">
         <name>.data</name>
         <load_address>0x20000898</load_address>
         <run_address>0x20000898</run_address>
         <size>0x4</size>
         <input_file_ref idref="fl-d8"/>
      </object_component>
      <object_component id="oc-e5">
         <name>.bss:imu</name>
         <uninitialized>true</uninitialized>
         <run_address>0x200005d8</run_address>
         <size>0xa8</size>
         <input_file_ref idref="fl-5"/>
      </object_component>
      <object_component id="oc-1b6">
         <name>.common:imu_error_flag</name>
         <uninitialized>true</uninitialized>
         <run_address>0x20000680</run_address>
         <size>0x1</size>
      </object_component>
      <object_component id="oc-eb">
         <name>.common:dev</name>
         <uninitialized>true</uninitialized>
         <run_address>0x20000000</run_address>
         <size>0x5d8</size>
      </object_component>
      <object_component id="oc-21">
         <name>.stack</name>
         <uninitialized>true</uninitialized>
         <run_address>0x20000688</run_address>
         <size>0x4</size>
         <input_file_ref idref="fl-d9"/>
      </object_component>
      <object_component id="oc-33b">
         <name>.stack</name>
         <uninitialized>true</uninitialized>
         <run_address>0x20000688</run_address>
         <size>0x0</size>
      </object_component>
      <object_component id="oc-b4">
         <name>.debug_info</name>
         <load_address>0x0</load_address>
         <run_address>0x0</run_address>
         <size>0x42f</size>
         <input_file_ref idref="fl-2"/>
      </object_component>
      <object_component id="oc-1cb">
         <name>.debug_info</name>
         <load_address>0x42f</load_address>
         <run_address>0x42f</run_address>
         <size>0xdf</size>
         <input_file_ref idref="fl-2"/>
      </object_component>
      <object_component id="oc-1b8">
         <name>.debug_info</name>
         <load_address>0x50e</load_address>
         <run_address>0x50e</run_address>
         <size>0xee</size>
         <input_file_ref idref="fl-2"/>
      </object_component>
      <object_component id="oc-1c0">
         <name>.debug_info</name>
         <load_address>0x5fc</load_address>
         <run_address>0x5fc</run_address>
         <size>0xd1</size>
         <input_file_ref idref="fl-2"/>
      </object_component>
      <object_component id="oc-1c3">
         <name>.debug_info</name>
         <load_address>0x6cd</load_address>
         <run_address>0x6cd</run_address>
         <size>0xd1</size>
         <input_file_ref idref="fl-2"/>
      </object_component>
      <object_component id="oc-d9">
         <name>.debug_info</name>
         <load_address>0x79e</load_address>
         <run_address>0x79e</run_address>
         <size>0x387d</size>
         <input_file_ref idref="fl-2"/>
      </object_component>
      <object_component id="oc-6d">
         <name>.debug_info</name>
         <load_address>0x401b</load_address>
         <run_address>0x401b</run_address>
         <size>0x26b</size>
         <input_file_ref idref="fl-2"/>
      </object_component>
      <object_component id="oc-1ce">
         <name>.debug_info</name>
         <load_address>0x4286</load_address>
         <run_address>0x4286</run_address>
         <size>0x810</size>
         <input_file_ref idref="fl-2"/>
      </object_component>
      <object_component id="oc-af">
         <name>.debug_info</name>
         <load_address>0x4a96</load_address>
         <run_address>0x4a96</run_address>
         <size>0x8b</size>
         <input_file_ref idref="fl-2"/>
      </object_component>
      <object_component id="oc-aa">
         <name>.debug_info</name>
         <load_address>0x4b21</load_address>
         <run_address>0x4b21</run_address>
         <size>0x297</size>
         <input_file_ref idref="fl-2"/>
      </object_component>
      <object_component id="oc-72">
         <name>.debug_info</name>
         <load_address>0x4db8</load_address>
         <run_address>0x4db8</run_address>
         <size>0xbb</size>
         <input_file_ref idref="fl-2"/>
      </object_component>
      <object_component id="oc-204">
         <name>.debug_info</name>
         <load_address>0x4e73</load_address>
         <run_address>0x4e73</run_address>
         <size>0x2c</size>
         <input_file_ref idref="fl-2"/>
      </object_component>
      <object_component id="oc-12f">
         <name>.debug_info</name>
         <load_address>0x4e9f</load_address>
         <run_address>0x4e9f</run_address>
         <size>0x583</size>
         <input_file_ref idref="fl-2"/>
      </object_component>
      <object_component id="oc-134">
         <name>.debug_info</name>
         <load_address>0x5422</load_address>
         <run_address>0x5422</run_address>
         <size>0x277</size>
         <input_file_ref idref="fl-2"/>
      </object_component>
      <object_component id="oc-ce">
         <name>.debug_info</name>
         <load_address>0x5699</load_address>
         <run_address>0x5699</run_address>
         <size>0x1e2</size>
         <input_file_ref idref="fl-3"/>
      </object_component>
      <object_component id="oc-190">
         <name>.debug_info</name>
         <load_address>0x587b</load_address>
         <run_address>0x587b</run_address>
         <size>0x3f7</size>
         <input_file_ref idref="fl-4"/>
      </object_component>
      <object_component id="oc-d5">
         <name>.debug_info</name>
         <load_address>0x5c72</load_address>
         <run_address>0x5c72</run_address>
         <size>0x88a</size>
         <input_file_ref idref="fl-4"/>
      </object_component>
      <object_component id="oc-ec">
         <name>.debug_info</name>
         <load_address>0x64fc</load_address>
         <run_address>0x64fc</run_address>
         <size>0x406</size>
         <input_file_ref idref="fl-5"/>
      </object_component>
      <object_component id="oc-e6">
         <name>.debug_info</name>
         <load_address>0x6902</load_address>
         <run_address>0x6902</run_address>
         <size>0xc5</size>
         <input_file_ref idref="fl-5"/>
      </object_component>
      <object_component id="oc-e9">
         <name>.debug_info</name>
         <load_address>0x69c7</load_address>
         <run_address>0x69c7</run_address>
         <size>0xd4</size>
         <input_file_ref idref="fl-5"/>
      </object_component>
      <object_component id="oc-9b">
         <name>.debug_info</name>
         <load_address>0x6a9b</load_address>
         <run_address>0x6a9b</run_address>
         <size>0x2be</size>
         <input_file_ref idref="fl-5"/>
      </object_component>
      <object_component id="oc-2c">
         <name>.debug_info</name>
         <load_address>0x6d59</load_address>
         <run_address>0x6d59</run_address>
         <size>0x2a6</size>
         <input_file_ref idref="fl-6"/>
      </object_component>
      <object_component id="oc-10">
         <name>.debug_info</name>
         <load_address>0x6fff</load_address>
         <run_address>0x6fff</run_address>
         <size>0xe5</size>
         <input_file_ref idref="fl-6"/>
      </object_component>
      <object_component id="oc-25">
         <name>.debug_info</name>
         <load_address>0x70e4</load_address>
         <run_address>0x70e4</run_address>
         <size>0x261</size>
         <input_file_ref idref="fl-6"/>
      </object_component>
      <object_component id="oc-33">
         <name>.debug_info</name>
         <load_address>0x7345</load_address>
         <run_address>0x7345</run_address>
         <size>0x84</size>
         <input_file_ref idref="fl-6"/>
      </object_component>
      <object_component id="oc-203">
         <name>.debug_info</name>
         <load_address>0x73c9</load_address>
         <run_address>0x73c9</run_address>
         <size>0x3ff</size>
         <input_file_ref idref="fl-7"/>
      </object_component>
      <object_component id="oc-1f5">
         <name>.debug_info</name>
         <load_address>0x77c8</load_address>
         <run_address>0x77c8</run_address>
         <size>0xf6</size>
         <input_file_ref idref="fl-7"/>
      </object_component>
      <object_component id="oc-200">
         <name>.debug_info</name>
         <load_address>0x78be</load_address>
         <run_address>0x78be</run_address>
         <size>0xf0</size>
         <input_file_ref idref="fl-7"/>
      </object_component>
      <object_component id="oc-1f8">
         <name>.debug_info</name>
         <load_address>0x79ae</load_address>
         <run_address>0x79ae</run_address>
         <size>0xfe</size>
         <input_file_ref idref="fl-7"/>
      </object_component>
      <object_component id="oc-1f2">
         <name>.debug_info</name>
         <load_address>0x7aac</load_address>
         <run_address>0x7aac</run_address>
         <size>0x102</size>
         <input_file_ref idref="fl-7"/>
      </object_component>
      <object_component id="oc-e2">
         <name>.debug_info</name>
         <load_address>0x7bae</load_address>
         <run_address>0x7bae</run_address>
         <size>0x95b</size>
         <input_file_ref idref="fl-7"/>
      </object_component>
      <object_component id="oc-23b">
         <name>.debug_info</name>
         <load_address>0x8509</load_address>
         <run_address>0x8509</run_address>
         <size>0x240</size>
         <input_file_ref idref="fl-d"/>
      </object_component>
      <object_component id="oc-238">
         <name>.debug_info</name>
         <load_address>0x8749</load_address>
         <run_address>0x8749</run_address>
         <size>0x15b</size>
         <input_file_ref idref="fl-d"/>
      </object_component>
      <object_component id="oc-240">
         <name>.debug_info</name>
         <load_address>0x88a4</load_address>
         <run_address>0x88a4</run_address>
         <size>0x2b3</size>
         <input_file_ref idref="fl-d"/>
      </object_component>
      <object_component id="oc-246">
         <name>.debug_info</name>
         <load_address>0x8b57</load_address>
         <run_address>0x8b57</run_address>
         <size>0x316</size>
         <input_file_ref idref="fl-d"/>
      </object_component>
      <object_component id="oc-150">
         <name>.debug_info</name>
         <load_address>0x8e6d</load_address>
         <run_address>0x8e6d</run_address>
         <size>0x27b</size>
         <input_file_ref idref="fl-d"/>
      </object_component>
      <object_component id="oc-149">
         <name>.debug_info</name>
         <load_address>0x90e8</load_address>
         <run_address>0x90e8</run_address>
         <size>0x280</size>
         <input_file_ref idref="fl-d"/>
      </object_component>
      <object_component id="oc-13a">
         <name>.debug_info</name>
         <load_address>0x9368</load_address>
         <run_address>0x9368</run_address>
         <size>0x18b</size>
         <input_file_ref idref="fl-d"/>
      </object_component>
      <object_component id="oc-263">
         <name>.debug_info</name>
         <load_address>0x94f3</load_address>
         <run_address>0x94f3</run_address>
         <size>0x231</size>
         <input_file_ref idref="fl-e"/>
      </object_component>
      <object_component id="oc-173">
         <name>.debug_info</name>
         <load_address>0x9724</load_address>
         <run_address>0x9724</run_address>
         <size>0x2ce</size>
         <input_file_ref idref="fl-e"/>
      </object_component>
      <object_component id="oc-179">
         <name>.debug_info</name>
         <load_address>0x99f2</load_address>
         <run_address>0x99f2</run_address>
         <size>0x27e</size>
         <input_file_ref idref="fl-e"/>
      </object_component>
      <object_component id="oc-18b">
         <name>.debug_info</name>
         <load_address>0x9c70</load_address>
         <run_address>0x9c70</run_address>
         <size>0x254</size>
         <input_file_ref idref="fl-e"/>
      </object_component>
      <object_component id="oc-185">
         <name>.debug_info</name>
         <load_address>0x9ec4</load_address>
         <run_address>0x9ec4</run_address>
         <size>0x27e</size>
         <input_file_ref idref="fl-e"/>
      </object_component>
      <object_component id="oc-17f">
         <name>.debug_info</name>
         <load_address>0xa142</load_address>
         <run_address>0xa142</run_address>
         <size>0x24e</size>
         <input_file_ref idref="fl-e"/>
      </object_component>
      <object_component id="oc-258">
         <name>.debug_info</name>
         <load_address>0xa390</load_address>
         <run_address>0xa390</run_address>
         <size>0x20e</size>
         <input_file_ref idref="fl-f"/>
      </object_component>
      <object_component id="oc-255">
         <name>.debug_info</name>
         <load_address>0xa59e</load_address>
         <run_address>0xa59e</run_address>
         <size>0x210</size>
         <input_file_ref idref="fl-f"/>
      </object_component>
      <object_component id="oc-159">
         <name>.debug_info</name>
         <load_address>0xa7ae</load_address>
         <run_address>0xa7ae</run_address>
         <size>0x23e</size>
         <input_file_ref idref="fl-f"/>
      </object_component>
      <object_component id="oc-16c">
         <name>.debug_info</name>
         <load_address>0xa9ec</load_address>
         <run_address>0xa9ec</run_address>
         <size>0x240</size>
         <input_file_ref idref="fl-f"/>
      </object_component>
      <object_component id="oc-15f">
         <name>.debug_info</name>
         <load_address>0xac2c</load_address>
         <run_address>0xac2c</run_address>
         <size>0x268</size>
         <input_file_ref idref="fl-f"/>
      </object_component>
      <object_component id="oc-13f">
         <name>.debug_info</name>
         <load_address>0xae94</load_address>
         <run_address>0xae94</run_address>
         <size>0x298</size>
         <input_file_ref idref="fl-10"/>
      </object_component>
      <object_component id="oc-24a">
         <name>.debug_info</name>
         <load_address>0xb12c</load_address>
         <run_address>0xb12c</run_address>
         <size>0x14d</size>
         <input_file_ref idref="fl-10"/>
      </object_component>
      <object_component id="oc-1d4">
         <name>.debug_info</name>
         <load_address>0xb279</load_address>
         <run_address>0xb279</run_address>
         <size>0x283</size>
         <input_file_ref idref="fl-10"/>
      </object_component>
      <object_component id="oc-141">
         <name>.debug_info</name>
         <load_address>0xb4fc</load_address>
         <run_address>0xb4fc</run_address>
         <size>0x27d</size>
         <input_file_ref idref="fl-10"/>
      </object_component>
      <object_component id="oc-c8">
         <name>.debug_info</name>
         <load_address>0xb779</load_address>
         <run_address>0xb779</run_address>
         <size>0x2db</size>
         <input_file_ref idref="fl-10"/>
      </object_component>
      <object_component id="oc-154">
         <name>.debug_info</name>
         <load_address>0xba54</load_address>
         <run_address>0xba54</run_address>
         <size>0x2b5</size>
         <input_file_ref idref="fl-10"/>
      </object_component>
      <object_component id="oc-231">
         <name>.debug_info</name>
         <load_address>0xbd09</load_address>
         <run_address>0xbd09</run_address>
         <size>0x5f</size>
         <input_file_ref idref="fl-10"/>
      </object_component>
      <object_component id="oc-25a">
         <name>.debug_info</name>
         <load_address>0xbd68</load_address>
         <run_address>0xbd68</run_address>
         <size>0x227</size>
         <input_file_ref idref="fl-11"/>
      </object_component>
      <object_component id="oc-168">
         <name>.debug_info</name>
         <load_address>0xbf8f</load_address>
         <run_address>0xbf8f</run_address>
         <size>0x28f</size>
         <input_file_ref idref="fl-11"/>
      </object_component>
      <object_component id="oc-1e3">
         <name>.debug_info</name>
         <load_address>0xc21e</load_address>
         <run_address>0xc21e</run_address>
         <size>0x247</size>
         <input_file_ref idref="fl-11"/>
      </object_component>
      <object_component id="oc-293">
         <name>.debug_info</name>
         <load_address>0xc465</load_address>
         <run_address>0xc465</run_address>
         <size>0x249</size>
         <input_file_ref idref="fl-11"/>
      </object_component>
      <object_component id="oc-1dd">
         <name>.debug_info</name>
         <load_address>0xc6ae</load_address>
         <run_address>0xc6ae</run_address>
         <size>0x326</size>
         <input_file_ref idref="fl-11"/>
      </object_component>
      <object_component id="oc-1e9">
         <name>.debug_info</name>
         <load_address>0xc9d4</load_address>
         <run_address>0xc9d4</run_address>
         <size>0x273</size>
         <input_file_ref idref="fl-11"/>
      </object_component>
      <object_component id="oc-1ef">
         <name>.debug_info</name>
         <load_address>0xcc47</load_address>
         <run_address>0xcc47</run_address>
         <size>0x24d</size>
         <input_file_ref idref="fl-11"/>
      </object_component>
      <object_component id="oc-250">
         <name>.debug_info</name>
         <load_address>0xce94</load_address>
         <run_address>0xce94</run_address>
         <size>0x212</size>
         <input_file_ref idref="fl-12"/>
      </object_component>
      <object_component id="oc-25d">
         <name>.debug_info</name>
         <load_address>0xd0a6</load_address>
         <run_address>0xd0a6</run_address>
         <size>0x20f</size>
         <input_file_ref idref="fl-12"/>
      </object_component>
      <object_component id="oc-272">
         <name>.debug_info</name>
         <load_address>0xd2b5</load_address>
         <run_address>0xd2b5</run_address>
         <size>0x2a3</size>
         <input_file_ref idref="fl-c8"/>
      </object_component>
      <object_component id="oc-197">
         <name>.debug_info</name>
         <load_address>0xd558</load_address>
         <run_address>0xd558</run_address>
         <size>0x23c</size>
         <input_file_ref idref="fl-c8"/>
      </object_component>
      <object_component id="oc-2e8">
         <name>.debug_info</name>
         <load_address>0xd794</load_address>
         <run_address>0xd794</run_address>
         <size>0x46</size>
         <input_file_ref idref="fl-c8"/>
      </object_component>
      <object_component id="oc-273">
         <name>.debug_info</name>
         <load_address>0xd7da</load_address>
         <run_address>0xd7da</run_address>
         <size>0x39</size>
         <input_file_ref idref="fl-c8"/>
      </object_component>
      <object_component id="oc-280">
         <name>.debug_info</name>
         <load_address>0xd813</load_address>
         <run_address>0xd813</run_address>
         <size>0x2bf</size>
         <input_file_ref idref="fl-c9"/>
      </object_component>
      <object_component id="oc-1a3">
         <name>.debug_info</name>
         <load_address>0xdad2</load_address>
         <run_address>0xdad2</run_address>
         <size>0x242</size>
         <input_file_ref idref="fl-c9"/>
      </object_component>
      <object_component id="oc-308">
         <name>.debug_info</name>
         <load_address>0xdd14</load_address>
         <run_address>0xdd14</run_address>
         <size>0x2ec</size>
         <input_file_ref idref="fl-ca"/>
      </object_component>
      <object_component id="oc-2e3">
         <name>.debug_info</name>
         <load_address>0xe000</load_address>
         <run_address>0xe000</run_address>
         <size>0x126</size>
         <input_file_ref idref="fl-ca"/>
      </object_component>
      <object_component id="oc-26c">
         <name>.debug_info</name>
         <load_address>0xe126</load_address>
         <run_address>0xe126</run_address>
         <size>0x4a1</size>
         <input_file_ref idref="fl-ca"/>
      </object_component>
      <object_component id="oc-8e">
         <name>.debug_info</name>
         <load_address>0xe5c7</load_address>
         <run_address>0xe5c7</run_address>
         <size>0x13f</size>
         <input_file_ref idref="fl-cb"/>
      </object_component>
      <object_component id="oc-1fd">
         <name>.debug_info</name>
         <load_address>0xe706</load_address>
         <run_address>0xe706</run_address>
         <size>0x13a</size>
         <input_file_ref idref="fl-cc"/>
      </object_component>
      <object_component id="oc-1c6">
         <name>.debug_info</name>
         <load_address>0xe840</load_address>
         <run_address>0xe840</run_address>
         <size>0x144</size>
         <input_file_ref idref="fl-cd"/>
      </object_component>
      <object_component id="oc-2df">
         <name>.debug_info</name>
         <load_address>0xe984</load_address>
         <run_address>0xe984</run_address>
         <size>0x122</size>
         <input_file_ref idref="fl-ce"/>
      </object_component>
      <object_component id="oc-1ad">
         <name>.debug_info</name>
         <load_address>0xeaa6</load_address>
         <run_address>0xeaa6</run_address>
         <size>0x132</size>
         <input_file_ref idref="fl-cf"/>
      </object_component>
      <object_component id="oc-1b2">
         <name>.debug_info</name>
         <load_address>0xebd8</load_address>
         <run_address>0xebd8</run_address>
         <size>0x132</size>
         <input_file_ref idref="fl-d0"/>
      </object_component>
      <object_component id="oc-19f">
         <name>.debug_info</name>
         <load_address>0xed0a</load_address>
         <run_address>0xed0a</run_address>
         <size>0x136</size>
         <input_file_ref idref="fl-d1"/>
      </object_component>
      <object_component id="oc-1a9">
         <name>.debug_info</name>
         <load_address>0xee40</load_address>
         <run_address>0xee40</run_address>
         <size>0x124</size>
         <input_file_ref idref="fl-d2"/>
      </object_component>
      <object_component id="oc-192">
         <name>.debug_info</name>
         <load_address>0xef64</load_address>
         <run_address>0xef64</run_address>
         <size>0x124</size>
         <input_file_ref idref="fl-d3"/>
      </object_component>
      <object_component id="oc-1bb">
         <name>.debug_info</name>
         <load_address>0xf088</load_address>
         <run_address>0xf088</run_address>
         <size>0x126</size>
         <input_file_ref idref="fl-d4"/>
      </object_component>
      <object_component id="oc-8b">
         <name>.debug_info</name>
         <load_address>0xf1ae</load_address>
         <run_address>0xf1ae</run_address>
         <size>0x313</size>
         <input_file_ref idref="fl-d5"/>
      </object_component>
      <object_component id="oc-4e">
         <name>.debug_info</name>
         <load_address>0xf4c1</load_address>
         <run_address>0xf4c1</run_address>
         <size>0x1aa</size>
         <input_file_ref idref="fl-d5"/>
      </object_component>
      <object_component id="oc-86">
         <name>.debug_info</name>
         <load_address>0xf66b</load_address>
         <run_address>0xf66b</run_address>
         <size>0x46</size>
         <input_file_ref idref="fl-d5"/>
      </object_component>
      <object_component id="oc-bd">
         <name>.debug_info</name>
         <load_address>0xf6b1</load_address>
         <run_address>0xf6b1</run_address>
         <size>0x2c</size>
         <input_file_ref idref="fl-d5"/>
      </object_component>
      <object_component id="oc-43">
         <name>.debug_info</name>
         <load_address>0xf6dd</load_address>
         <run_address>0xf6dd</run_address>
         <size>0x29d</size>
         <input_file_ref idref="fl-d6"/>
      </object_component>
      <object_component id="oc-1b">
         <name>.debug_info</name>
         <load_address>0xf97a</load_address>
         <run_address>0xf97a</run_address>
         <size>0x1df</size>
         <input_file_ref idref="fl-d6"/>
      </object_component>
      <object_component id="oc-3e">
         <name>.debug_info</name>
         <load_address>0xfb59</load_address>
         <run_address>0xfb59</run_address>
         <size>0x46</size>
         <input_file_ref idref="fl-d6"/>
      </object_component>
      <object_component id="oc-7e">
         <name>.debug_info</name>
         <load_address>0xfb9f</load_address>
         <run_address>0xfb9f</run_address>
         <size>0x2c</size>
         <input_file_ref idref="fl-d6"/>
      </object_component>
      <object_component id="oc-7c">
         <name>.debug_info</name>
         <load_address>0xfbcb</load_address>
         <run_address>0xfbcb</run_address>
         <size>0x293</size>
         <input_file_ref idref="fl-d7"/>
      </object_component>
      <object_component id="oc-13">
         <name>.debug_info</name>
         <load_address>0xfe5e</load_address>
         <run_address>0xfe5e</run_address>
         <size>0x245</size>
         <input_file_ref idref="fl-d7"/>
      </object_component>
      <object_component id="oc-2e">
         <name>.debug_info</name>
         <load_address>0x100a3</load_address>
         <run_address>0x100a3</run_address>
         <size>0x60</size>
         <input_file_ref idref="fl-d7"/>
      </object_component>
      <object_component id="oc-b6">
         <name>.debug_info</name>
         <load_address>0x10103</load_address>
         <run_address>0x10103</run_address>
         <size>0x46</size>
         <input_file_ref idref="fl-d7"/>
      </object_component>
      <object_component id="oc-77">
         <name>.debug_info</name>
         <load_address>0x10149</load_address>
         <run_address>0x10149</run_address>
         <size>0x39</size>
         <input_file_ref idref="fl-d7"/>
      </object_component>
      <object_component id="oc-2f1">
         <name>.debug_info</name>
         <load_address>0x10182</load_address>
         <run_address>0x10182</run_address>
         <size>0x27e</size>
         <input_file_ref idref="fl-d8"/>
      </object_component>
      <object_component id="oc-2ee">
         <name>.debug_info</name>
         <load_address>0x10400</load_address>
         <run_address>0x10400</run_address>
         <size>0x103</size>
         <input_file_ref idref="fl-d8"/>
      </object_component>
      <object_component id="oc-27b">
         <name>.debug_info</name>
         <load_address>0x10503</load_address>
         <run_address>0x10503</run_address>
         <size>0x143</size>
         <input_file_ref idref="fl-d8"/>
      </object_component>
      <object_component id="oc-22">
         <name>.debug_info</name>
         <load_address>0x10646</load_address>
         <run_address>0x10646</run_address>
         <size>0x100</size>
         <input_file_ref idref="fl-d9"/>
      </object_component>
      <object_component id="oc-58">
         <name>.debug_info</name>
         <load_address>0x10746</load_address>
         <run_address>0x10746</run_address>
         <size>0x1a4</size>
         <input_file_ref idref="fl-d9"/>
      </object_component>
      <object_component id="oc-2a0">
         <name>.debug_info</name>
         <load_address>0x108ea</load_address>
         <run_address>0x108ea</run_address>
         <size>0x10d</size>
         <input_file_ref idref="fl-da"/>
      </object_component>
      <object_component id="oc-39">
         <name>.debug_info</name>
         <load_address>0x109f7</load_address>
         <run_address>0x109f7</run_address>
         <size>0x111</size>
         <input_file_ref idref="fl-db"/>
      </object_component>
      <object_component id="oc-21a">
         <name>.debug_info</name>
         <load_address>0x10b08</load_address>
         <run_address>0x10b08</run_address>
         <size>0x547</size>
         <input_file_ref idref="fl-dc"/>
      </object_component>
      <object_component id="oc-fc">
         <name>.debug_info</name>
         <load_address>0x1104f</load_address>
         <run_address>0x1104f</run_address>
         <size>0x19b</size>
         <input_file_ref idref="fl-dc"/>
      </object_component>
      <object_component id="oc-2ba">
         <name>.debug_info</name>
         <load_address>0x111ea</load_address>
         <run_address>0x111ea</run_address>
         <size>0x39</size>
         <input_file_ref idref="fl-dc"/>
      </object_component>
      <object_component id="oc-2f9">
         <name>.debug_info</name>
         <load_address>0x11223</load_address>
         <run_address>0x11223</run_address>
         <size>0x39</size>
         <input_file_ref idref="fl-dc"/>
      </object_component>
      <object_component id="oc-2bf">
         <name>.debug_info</name>
         <load_address>0x1125c</load_address>
         <run_address>0x1125c</run_address>
         <size>0x39</size>
         <input_file_ref idref="fl-dc"/>
      </object_component>
      <object_component id="oc-2c4">
         <name>.debug_info</name>
         <load_address>0x11295</load_address>
         <run_address>0x11295</run_address>
         <size>0xcd</size>
         <input_file_ref idref="fl-dc"/>
      </object_component>
      <object_component id="oc-93">
         <name>.debug_info</name>
         <load_address>0x11362</load_address>
         <run_address>0x11362</run_address>
         <size>0x148</size>
         <input_file_ref idref="fl-dd"/>
      </object_component>
      <object_component id="oc-f3">
         <name>.debug_info</name>
         <load_address>0x114aa</load_address>
         <run_address>0x114aa</run_address>
         <size>0x117</size>
         <input_file_ref idref="fl-df"/>
      </object_component>
      <object_component id="oc-33c">
         <name>.debug_info</name>
         <load_address>0x115c1</load_address>
         <run_address>0x115c1</run_address>
         <size>0xa2</size>
      </object_component>
      <object_component id="oc-12e">
         <name>.debug_line</name>
         <load_address>0x0</load_address>
         <run_address>0x0</run_address>
         <size>0x7f</size>
         <input_file_ref idref="fl-2"/>
      </object_component>
      <object_component id="oc-28d">
         <name>.debug_line</name>
         <load_address>0x7f</load_address>
         <run_address>0x7f</run_address>
         <size>0x30</size>
         <input_file_ref idref="fl-2"/>
      </object_component>
      <object_component id="oc-285">
         <name>.debug_line</name>
         <load_address>0xaf</load_address>
         <run_address>0xaf</run_address>
         <size>0x30</size>
         <input_file_ref idref="fl-2"/>
      </object_component>
      <object_component id="oc-288">
         <name>.debug_line</name>
         <load_address>0xdf</load_address>
         <run_address>0xdf</run_address>
         <size>0x30</size>
         <input_file_ref idref="fl-2"/>
      </object_component>
      <object_component id="oc-28a">
         <name>.debug_line</name>
         <load_address>0x10f</load_address>
         <run_address>0x10f</run_address>
         <size>0x30</size>
         <input_file_ref idref="fl-2"/>
      </object_component>
      <object_component id="oc-dc">
         <name>.debug_line</name>
         <load_address>0x13f</load_address>
         <run_address>0x13f</run_address>
         <size>0x930</size>
         <input_file_ref idref="fl-2"/>
      </object_component>
      <object_component id="oc-70">
         <name>.debug_line</name>
         <load_address>0xa6f</load_address>
         <run_address>0xa6f</run_address>
         <size>0x69</size>
         <input_file_ref idref="fl-2"/>
      </object_component>
      <object_component id="oc-1d1">
         <name>.debug_line</name>
         <load_address>0xad8</load_address>
         <run_address>0xad8</run_address>
         <size>0x36</size>
         <input_file_ref idref="fl-2"/>
      </object_component>
      <object_component id="oc-b2">
         <name>.debug_line</name>
         <load_address>0xb0e</load_address>
         <run_address>0xb0e</run_address>
         <size>0x20</size>
         <input_file_ref idref="fl-2"/>
      </object_component>
      <object_component id="oc-ad">
         <name>.debug_line</name>
         <load_address>0xb2e</load_address>
         <run_address>0xb2e</run_address>
         <size>0x6d</size>
         <input_file_ref idref="fl-2"/>
      </object_component>
      <object_component id="oc-75">
         <name>.debug_line</name>
         <load_address>0xb9b</load_address>
         <run_address>0xb9b</run_address>
         <size>0x6a</size>
         <input_file_ref idref="fl-2"/>
      </object_component>
      <object_component id="oc-207">
         <name>.debug_line</name>
         <load_address>0xc05</load_address>
         <run_address>0xc05</run_address>
         <size>0x65</size>
         <input_file_ref idref="fl-2"/>
      </object_component>
      <object_component id="oc-132">
         <name>.debug_line</name>
         <load_address>0xc6a</load_address>
         <run_address>0xc6a</run_address>
         <size>0x2f</size>
         <input_file_ref idref="fl-2"/>
      </object_component>
      <object_component id="oc-137">
         <name>.debug_line</name>
         <load_address>0xc99</load_address>
         <run_address>0xc99</run_address>
         <size>0x30</size>
         <input_file_ref idref="fl-2"/>
      </object_component>
      <object_component id="oc-cd">
         <name>.debug_line</name>
         <load_address>0xcc9</load_address>
         <run_address>0xcc9</run_address>
         <size>0x4b</size>
         <input_file_ref idref="fl-3"/>
      </object_component>
      <object_component id="oc-269">
         <name>.debug_line</name>
         <load_address>0xd14</load_address>
         <run_address>0xd14</run_address>
         <size>0xc8</size>
         <input_file_ref idref="fl-4"/>
      </object_component>
      <object_component id="oc-d3">
         <name>.debug_line</name>
         <load_address>0xddc</load_address>
         <run_address>0xddc</run_address>
         <size>0x19a</size>
         <input_file_ref idref="fl-4"/>
      </object_component>
      <object_component id="oc-20e">
         <name>.debug_line</name>
         <load_address>0xf76</load_address>
         <run_address>0xf76</run_address>
         <size>0xc6</size>
         <input_file_ref idref="fl-5"/>
      </object_component>
      <object_component id="oc-20a">
         <name>.debug_line</name>
         <load_address>0x103c</load_address>
         <run_address>0x103c</run_address>
         <size>0x2d</size>
         <input_file_ref idref="fl-5"/>
      </object_component>
      <object_component id="oc-20c">
         <name>.debug_line</name>
         <load_address>0x1069</load_address>
         <run_address>0x1069</run_address>
         <size>0x2d</size>
         <input_file_ref idref="fl-5"/>
      </object_component>
      <object_component id="oc-99">
         <name>.debug_line</name>
         <load_address>0x1096</load_address>
         <run_address>0x1096</run_address>
         <size>0x8e</size>
         <input_file_ref idref="fl-5"/>
      </object_component>
      <object_component id="oc-6c">
         <name>.debug_line</name>
         <load_address>0x1124</load_address>
         <run_address>0x1124</run_address>
         <size>0x41</size>
         <input_file_ref idref="fl-6"/>
      </object_component>
      <object_component id="oc-2b">
         <name>.debug_line</name>
         <load_address>0x1165</load_address>
         <run_address>0x1165</run_address>
         <size>0x41</size>
         <input_file_ref idref="fl-6"/>
      </object_component>
      <object_component id="oc-28">
         <name>.debug_line</name>
         <load_address>0x11a6</load_address>
         <run_address>0x11a6</run_address>
         <size>0xa1</size>
         <input_file_ref idref="fl-6"/>
      </object_component>
      <object_component id="oc-36">
         <name>.debug_line</name>
         <load_address>0x1247</load_address>
         <run_address>0x1247</run_address>
         <size>0x20</size>
         <input_file_ref idref="fl-6"/>
      </object_component>
      <object_component id="oc-2a9">
         <name>.debug_line</name>
         <load_address>0x1267</load_address>
         <run_address>0x1267</run_address>
         <size>0x8e</size>
         <input_file_ref idref="fl-7"/>
      </object_component>
      <object_component id="oc-29c">
         <name>.debug_line</name>
         <load_address>0x12f5</load_address>
         <run_address>0x12f5</run_address>
         <size>0x57</size>
         <input_file_ref idref="fl-7"/>
      </object_component>
      <object_component id="oc-2a7">
         <name>.debug_line</name>
         <load_address>0x134c</load_address>
         <run_address>0x134c</run_address>
         <size>0x57</size>
         <input_file_ref idref="fl-7"/>
      </object_component>
      <object_component id="oc-29e">
         <name>.debug_line</name>
         <load_address>0x13a3</load_address>
         <run_address>0x13a3</run_address>
         <size>0x57</size>
         <input_file_ref idref="fl-7"/>
      </object_component>
      <object_component id="oc-29a">
         <name>.debug_line</name>
         <load_address>0x13fa</load_address>
         <run_address>0x13fa</run_address>
         <size>0x57</size>
         <input_file_ref idref="fl-7"/>
      </object_component>
      <object_component id="oc-e4">
         <name>.debug_line</name>
         <load_address>0x1451</load_address>
         <run_address>0x1451</run_address>
         <size>0x2a8</size>
         <input_file_ref idref="fl-7"/>
      </object_component>
      <object_component id="oc-2ce">
         <name>.debug_line</name>
         <load_address>0x16f9</load_address>
         <run_address>0x16f9</run_address>
         <size>0x82</size>
         <input_file_ref idref="fl-d"/>
      </object_component>
      <object_component id="oc-2cc">
         <name>.debug_line</name>
         <load_address>0x177b</load_address>
         <run_address>0x177b</run_address>
         <size>0x7d</size>
         <input_file_ref idref="fl-d"/>
      </object_component>
      <object_component id="oc-23f">
         <name>.debug_line</name>
         <load_address>0x17f8</load_address>
         <run_address>0x17f8</run_address>
         <size>0x95</size>
         <input_file_ref idref="fl-d"/>
      </object_component>
      <object_component id="oc-245">
         <name>.debug_line</name>
         <load_address>0x188d</load_address>
         <run_address>0x188d</run_address>
         <size>0xd1</size>
         <input_file_ref idref="fl-d"/>
      </object_component>
      <object_component id="oc-14f">
         <name>.debug_line</name>
         <load_address>0x195e</load_address>
         <run_address>0x195e</run_address>
         <size>0x93</size>
         <input_file_ref idref="fl-d"/>
      </object_component>
      <object_component id="oc-14b">
         <name>.debug_line</name>
         <load_address>0x19f1</load_address>
         <run_address>0x19f1</run_address>
         <size>0xa7</size>
         <input_file_ref idref="fl-d"/>
      </object_component>
      <object_component id="oc-13d">
         <name>.debug_line</name>
         <load_address>0x1a98</load_address>
         <run_address>0x1a98</run_address>
         <size>0x69</size>
         <input_file_ref idref="fl-d"/>
      </object_component>
      <object_component id="oc-2dc">
         <name>.debug_line</name>
         <load_address>0x1b01</load_address>
         <run_address>0x1b01</run_address>
         <size>0x82</size>
         <input_file_ref idref="fl-e"/>
      </object_component>
      <object_component id="oc-172">
         <name>.debug_line</name>
         <load_address>0x1b83</load_address>
         <run_address>0x1b83</run_address>
         <size>0x91</size>
         <input_file_ref idref="fl-e"/>
      </object_component>
      <object_component id="oc-178">
         <name>.debug_line</name>
         <load_address>0x1c14</load_address>
         <run_address>0x1c14</run_address>
         <size>0x91</size>
         <input_file_ref idref="fl-e"/>
      </object_component>
      <object_component id="oc-18a">
         <name>.debug_line</name>
         <load_address>0x1ca5</load_address>
         <run_address>0x1ca5</run_address>
         <size>0x91</size>
         <input_file_ref idref="fl-e"/>
      </object_component>
      <object_component id="oc-184">
         <name>.debug_line</name>
         <load_address>0x1d36</load_address>
         <run_address>0x1d36</run_address>
         <size>0x91</size>
         <input_file_ref idref="fl-e"/>
      </object_component>
      <object_component id="oc-17e">
         <name>.debug_line</name>
         <load_address>0x1dc7</load_address>
         <run_address>0x1dc7</run_address>
         <size>0x91</size>
         <input_file_ref idref="fl-e"/>
      </object_component>
      <object_component id="oc-2d7">
         <name>.debug_line</name>
         <load_address>0x1e58</load_address>
         <run_address>0x1e58</run_address>
         <size>0x7c</size>
         <input_file_ref idref="fl-f"/>
      </object_component>
      <object_component id="oc-2d5">
         <name>.debug_line</name>
         <load_address>0x1ed4</load_address>
         <run_address>0x1ed4</run_address>
         <size>0x82</size>
         <input_file_ref idref="fl-f"/>
      </object_component>
      <object_component id="oc-15d">
         <name>.debug_line</name>
         <load_address>0x1f56</load_address>
         <run_address>0x1f56</run_address>
         <size>0x97</size>
         <input_file_ref idref="fl-f"/>
      </object_component>
      <object_component id="oc-170">
         <name>.debug_line</name>
         <load_address>0x1fed</load_address>
         <run_address>0x1fed</run_address>
         <size>0x97</size>
         <input_file_ref idref="fl-f"/>
      </object_component>
      <object_component id="oc-163">
         <name>.debug_line</name>
         <load_address>0x2084</load_address>
         <run_address>0x2084</run_address>
         <size>0xc2</size>
         <input_file_ref idref="fl-f"/>
      </object_component>
      <object_component id="oc-230">
         <name>.debug_line</name>
         <load_address>0x2146</load_address>
         <run_address>0x2146</run_address>
         <size>0x13d</size>
         <input_file_ref idref="fl-10"/>
      </object_component>
      <object_component id="oc-2d2">
         <name>.debug_line</name>
         <load_address>0x2283</load_address>
         <run_address>0x2283</run_address>
         <size>0x7f</size>
         <input_file_ref idref="fl-10"/>
      </object_component>
      <object_component id="oc-1d7">
         <name>.debug_line</name>
         <load_address>0x2302</load_address>
         <run_address>0x2302</run_address>
         <size>0x94</size>
         <input_file_ref idref="fl-10"/>
      </object_component>
      <object_component id="oc-144">
         <name>.debug_line</name>
         <load_address>0x2396</load_address>
         <run_address>0x2396</run_address>
         <size>0x94</size>
         <input_file_ref idref="fl-10"/>
      </object_component>
      <object_component id="oc-cb">
         <name>.debug_line</name>
         <load_address>0x242a</load_address>
         <run_address>0x242a</run_address>
         <size>0xee</size>
         <input_file_ref idref="fl-10"/>
      </object_component>
      <object_component id="oc-157">
         <name>.debug_line</name>
         <load_address>0x2518</load_address>
         <run_address>0x2518</run_address>
         <size>0x11a</size>
         <input_file_ref idref="fl-10"/>
      </object_component>
      <object_component id="oc-234">
         <name>.debug_line</name>
         <load_address>0x2632</load_address>
         <run_address>0x2632</run_address>
         <size>0x7f</size>
         <input_file_ref idref="fl-10"/>
      </object_component>
      <object_component id="oc-2d9">
         <name>.debug_line</name>
         <load_address>0x26b1</load_address>
         <run_address>0x26b1</run_address>
         <size>0x82</size>
         <input_file_ref idref="fl-11"/>
      </object_component>
      <object_component id="oc-165">
         <name>.debug_line</name>
         <load_address>0x2733</load_address>
         <run_address>0x2733</run_address>
         <size>0x92</size>
         <input_file_ref idref="fl-11"/>
      </object_component>
      <object_component id="oc-1e1">
         <name>.debug_line</name>
         <load_address>0x27c5</load_address>
         <run_address>0x27c5</run_address>
         <size>0x93</size>
         <input_file_ref idref="fl-11"/>
      </object_component>
      <object_component id="oc-291">
         <name>.debug_line</name>
         <load_address>0x2858</load_address>
         <run_address>0x2858</run_address>
         <size>0x96</size>
         <input_file_ref idref="fl-11"/>
      </object_component>
      <object_component id="oc-1db">
         <name>.debug_line</name>
         <load_address>0x28ee</load_address>
         <run_address>0x28ee</run_address>
         <size>0xb3</size>
         <input_file_ref idref="fl-11"/>
      </object_component>
      <object_component id="oc-1e7">
         <name>.debug_line</name>
         <load_address>0x29a1</load_address>
         <run_address>0x29a1</run_address>
         <size>0x93</size>
         <input_file_ref idref="fl-11"/>
      </object_component>
      <object_component id="oc-1ed">
         <name>.debug_line</name>
         <load_address>0x2a34</load_address>
         <run_address>0x2a34</run_address>
         <size>0x93</size>
         <input_file_ref idref="fl-11"/>
      </object_component>
      <object_component id="oc-24f">
         <name>.debug_line</name>
         <load_address>0x2ac7</load_address>
         <run_address>0x2ac7</run_address>
         <size>0x91</size>
         <input_file_ref idref="fl-12"/>
      </object_component>
      <object_component id="oc-25c">
         <name>.debug_line</name>
         <load_address>0x2b58</load_address>
         <run_address>0x2b58</run_address>
         <size>0x91</size>
         <input_file_ref idref="fl-12"/>
      </object_component>
      <object_component id="oc-2e7">
         <name>.debug_line</name>
         <load_address>0x2be9</load_address>
         <run_address>0x2be9</run_address>
         <size>0x2a</size>
         <input_file_ref idref="fl-c8"/>
      </object_component>
      <object_component id="oc-19a">
         <name>.debug_line</name>
         <load_address>0x2c13</load_address>
         <run_address>0x2c13</run_address>
         <size>0xe3</size>
         <input_file_ref idref="fl-c8"/>
      </object_component>
      <object_component id="oc-2eb">
         <name>.debug_line</name>
         <load_address>0x2cf6</load_address>
         <run_address>0x2cf6</run_address>
         <size>0x92</size>
         <input_file_ref idref="fl-c8"/>
      </object_component>
      <object_component id="oc-276">
         <name>.debug_line</name>
         <load_address>0x2d88</load_address>
         <run_address>0x2d88</run_address>
         <size>0x8f</size>
         <input_file_ref idref="fl-c8"/>
      </object_component>
      <object_component id="oc-2f3">
         <name>.debug_line</name>
         <load_address>0x2e17</load_address>
         <run_address>0x2e17</run_address>
         <size>0x89</size>
         <input_file_ref idref="fl-c9"/>
      </object_component>
      <object_component id="oc-1a2">
         <name>.debug_line</name>
         <load_address>0x2ea0</load_address>
         <run_address>0x2ea0</run_address>
         <size>0x12d</size>
         <input_file_ref idref="fl-c9"/>
      </object_component>
      <object_component id="oc-30f">
         <name>.debug_line</name>
         <load_address>0x2fcd</load_address>
         <run_address>0x2fcd</run_address>
         <size>0x20</size>
         <input_file_ref idref="fl-ca"/>
      </object_component>
      <object_component id="oc-307">
         <name>.debug_line</name>
         <load_address>0x2fed</load_address>
         <run_address>0x2fed</run_address>
         <size>0x2c</size>
         <input_file_ref idref="fl-ca"/>
      </object_component>
      <object_component id="oc-26f">
         <name>.debug_line</name>
         <load_address>0x3019</load_address>
         <run_address>0x3019</run_address>
         <size>0xca</size>
         <input_file_ref idref="fl-ca"/>
      </object_component>
      <object_component id="oc-8d">
         <name>.debug_line</name>
         <load_address>0x30e3</load_address>
         <run_address>0x30e3</run_address>
         <size>0x79</size>
         <input_file_ref idref="fl-cb"/>
      </object_component>
      <object_component id="oc-1fc">
         <name>.debug_line</name>
         <load_address>0x315c</load_address>
         <run_address>0x315c</run_address>
         <size>0x5b</size>
         <input_file_ref idref="fl-cc"/>
      </object_component>
      <object_component id="oc-1c9">
         <name>.debug_line</name>
         <load_address>0x31b7</load_address>
         <run_address>0x31b7</run_address>
         <size>0xd2</size>
         <input_file_ref idref="fl-cd"/>
      </object_component>
      <object_component id="oc-2de">
         <name>.debug_line</name>
         <load_address>0x3289</load_address>
         <run_address>0x3289</run_address>
         <size>0x77</size>
         <input_file_ref idref="fl-ce"/>
      </object_component>
      <object_component id="oc-1b0">
         <name>.debug_line</name>
         <load_address>0x3300</load_address>
         <run_address>0x3300</run_address>
         <size>0xa8</size>
         <input_file_ref idref="fl-cf"/>
      </object_component>
      <object_component id="oc-1b5">
         <name>.debug_line</name>
         <load_address>0x33a8</load_address>
         <run_address>0x33a8</run_address>
         <size>0x8e</size>
         <input_file_ref idref="fl-d0"/>
      </object_component>
      <object_component id="oc-19d">
         <name>.debug_line</name>
         <load_address>0x3436</load_address>
         <run_address>0x3436</run_address>
         <size>0x67</size>
         <input_file_ref idref="fl-d1"/>
      </object_component>
      <object_component id="oc-1ab">
         <name>.debug_line</name>
         <load_address>0x349d</load_address>
         <run_address>0x349d</run_address>
         <size>0x57</size>
         <input_file_ref idref="fl-d2"/>
      </object_component>
      <object_component id="oc-195">
         <name>.debug_line</name>
         <load_address>0x34f4</load_address>
         <run_address>0x34f4</run_address>
         <size>0x50</size>
         <input_file_ref idref="fl-d3"/>
      </object_component>
      <object_component id="oc-1be">
         <name>.debug_line</name>
         <load_address>0x3544</load_address>
         <run_address>0x3544</run_address>
         <size>0x4c</size>
         <input_file_ref idref="fl-d4"/>
      </object_component>
      <object_component id="oc-c3">
         <name>.debug_line</name>
         <load_address>0x3590</load_address>
         <run_address>0x3590</run_address>
         <size>0x9e</size>
         <input_file_ref idref="fl-d5"/>
      </object_component>
      <object_component id="oc-4b">
         <name>.debug_line</name>
         <load_address>0x362e</load_address>
         <run_address>0x362e</run_address>
         <size>0x4f</size>
         <input_file_ref idref="fl-d5"/>
      </object_component>
      <object_component id="oc-89">
         <name>.debug_line</name>
         <load_address>0x367d</load_address>
         <run_address>0x367d</run_address>
         <size>0x34</size>
         <input_file_ref idref="fl-d5"/>
      </object_component>
[...]
      <symbol id="sm-144">
         <name>LSM9DS1_configMagInt</name>
         <value>0x15b7</value>
         <object_component_ref idref="oc-d8"/>
      </symbol>
      <symbol id="sm-145">
         <name>LSM9DS1_mWriteByte</name>
         <value>0x17ed</value>
         <object_component_ref idref="oc-d8"/>
      </symbol>
      <symbol id="sm-146">
         <name>LSM9DS1_xgReadBytes</name>
         <value>0x1821</value>
         <object_component_ref idref="oc-d8"/>
      </symbol>
      <symbol id="sm-147">
         <name>LSM9DS1_calcaRes</name>
         <value>0x1321</value>
         <object_component_ref idref="oc-d8"/>
      </symbol>
      <symbol id="sm-148">
         <name>LSM9DS1_I2CreadByte</name>
         <value>0x18a1</value>
         <object_component_ref idref="oc-d8"/>
      </symbol>
      <symbol id="sm-149">
         <name>LSM9DS1_getGyroIntSrc</name>
         <value>0x1591</value>
         <object_component_ref idref="oc-d8"/>
      </symbol>
      <symbol id="sm-14a">
         <name>LSM9DS1_setMagODR</name>
         <value>0x12ad</value>
         <object_component_ref idref="oc-d8"/>
      </symbol>
      <symbol id="sm-14b">
         <name>LSM9DS1_enableFIFO</name>
         <value>0x16c3</value>
         <object_component_ref idref="oc-d8"/>
      </symbol>
      <symbol id="sm-14c">
         <name>PI</name>
         <value>0x3954</value>
         <object_component_ref idref="oc-1b7"/>
      </symbol>
      <symbol id="sm-14d">
         <name>LSM9DS1_setFIFO</name>
         <value>0x1705</value>
         <object_component_ref idref="oc-d8"/>
      </symbol>
      <symbol id="sm-14e">
         <name>LSM9DS1_accelAvailable</name>
         <value>0xec9</value>
         <object_component_ref idref="oc-d8"/>
      </symbol>
      <symbol id="sm-14f">
         <name>LSM9DS1_getFIFOSamples</name>
         <value>0x1745</value>
         <object_component_ref idref="oc-d8"/>
      </symbol>
      <symbol id="sm-150">
         <name>LSM9DS1_xgReadByte</name>
         <value>0x180b</value>
         <object_component_ref idref="oc-d8"/>
      </symbol>
      <symbol id="sm-151">
         <name>LSM9DS1_initMag</name>
         <value>0xdb7</value>
         <object_component_ref idref="oc-d8"/>
      </symbol>
      <symbol id="sm-152">
         <name>LSM9DS1_gyroAvailable</name>
         <value>0xee3</value>
         <object_component_ref idref="oc-d8"/>
      </symbol>
      <symbol id="sm-153">
         <name>LSM9DS1_setAccelODR</name>
         <value>0x1255</value>
         <object_component_ref idref="oc-d8"/>
      </symbol>
      <symbol id="sm-154">
         <name>LSM9DS1_sleepGyro</name>
         <value>0x1681</value>
         <object_component_ref idref="oc-d8"/>
      </symbol>
      <symbol id="sm-155">
         <name>LSM9DS1_xgAverage</name>
         <value>0xb01</value>
         <object_component_ref idref="oc-d8"/>
      </symbol>
      <symbol id="sm-156">
         <name>LSM9DS1_getAccelIntSrc</name>
         <value>0x149d</value>
         <object_component_ref idref="oc-d8"/>
      </symbol>
      <symbol id="sm-157">
         <name>LSM9DS1_magAvailable</name>
         <value>0xf1b</value>
         <object_component_ref idref="oc-d8"/>
      </symbol>
      <symbol id="sm-158">
         <name>LSM9DS1_I2CreadBytes</name>
         <value>0x18cb</value>
         <object_component_ref idref="oc-d8"/>
      </symbol>
      <symbol id="sm-159">
         <name>LSM9DS1_initAccel</name>
         <value>0x72f</value>
         <object_component_ref idref="oc-d8"/>
      </symbol>
      <symbol id="sm-15a">
         <name>LSM9DS1_mAverage</name>
         <value>0xc31</value>
         <object_component_ref idref="oc-d8"/>
      </symbol>
      <symbol id="sm-15b">
         <name>LSM9DS1_step</name>
         <value>0x44f</value>
         <object_component_ref idref="oc-d8"/>
      </symbol>
      <symbol id="sm-15c">
         <name>LSM9DS1_getInactivity</name>
         <value>0x13f9</value>
         <object_component_ref idref="oc-d8"/>
      </symbol>
      <symbol id="sm-15d">
         <name>LSM9DS1_calcTemp</name>
         <value>0x103f</value>
         <object_component_ref idref="oc-d8"/>
      </symbol>
      <symbol id="sm-15e">
         <name>NUM_RETRIES</name>
         <value>0x3950</value>
         <object_component_ref idref="oc-1b7"/>
      </symbol>
      <symbol id="sm-15f">
         <name>LSM9DS1_configInactivity</name>
         <value>0x13ab</value>
         <object_component_ref idref="oc-d8"/>
      </symbol>
      <symbol id="sm-160">
         <name>LSM9DS1_setGyroScale</name>
         <value>0x1067</value>
         <object_component_ref idref="oc-d8"/>
      </symbol>
      <symbol id="sm-161">
         <name>LSM9DS1_sleep</name>
         <value>0x489</value>
         <object_component_ref idref="oc-d8"/>
      </symbol>
      <symbol id="sm-162">
         <name>LSM9DS1_setAccelScale</name>
         <value>0x10e5</value>
         <object_component_ref idref="oc-d8"/>
      </symbol>
      <symbol id="sm-163">
         <name>LSM9DS1_configGyroThs</name>
         <value>0x150d</value>
         <object_component_ref idref="oc-d8"/>
      </symbol>
      <symbol id="sm-164">
         <name>LSM9DS1_getMagIntSrc</name>
         <value>0x164b</value>
         <object_component_ref idref="oc-d8"/>
      </symbol>
      <symbol id="sm-165">
         <name>LSM9DS1_init</name>
         <value>0x26d</value>
         <object_component_ref idref="oc-d8"/>
      </symbol>
      <symbol id="sm-166">
         <name>LSM9DS1_constrainScales</name>
         <value>0x1757</value>
         <object_component_ref idref="oc-d8"/>
      </symbol>
      <symbol id="sm-167">
         <name>LSM9DS1_tempAvailable</name>
         <value>0xeff</value>
         <object_component_ref idref="oc-d8"/>
      </symbol>
      <symbol id="sm-168">
         <name>LSM9DS1_calcgRes</name>
         <value>0x12fb</value>
         <object_component_ref idref="oc-d8"/>
      </symbol>
      <symbol id="sm-169">
         <name>LSM9DS1_configAccelInt</name>
         <value>0x141b</value>
         <object_component_ref idref="oc-d8"/>
      </symbol>
      <symbol id="sm-16a">
         <name>LSM9DS1_calibratePosture</name>
         <value>0x855</value>
         <object_component_ref idref="oc-d8"/>
      </symbol>
      <symbol id="sm-16b">
         <name>LSM9DS1_readAccel</name>
         <value>0xf49</value>
         <object_component_ref idref="oc-d8"/>
      </symbol>
      <symbol id="sm-16c">
         <name>LSM9DS1_mReadBytes</name>
         <value>0x1859</value>
         <object_component_ref idref="oc-d8"/>
      </symbol>
      <symbol id="sm-17a">
         <name>UART_init</name>
         <value>0x3341</value>
         <object_component_ref idref="oc-cc"/>
      </symbol>
      <symbol id="sm-1ba">
         <name>I2C_Write</name>
         <value>0x1fc9</value>
         <object_component_ref idref="oc-d2"/>
      </symbol>
      <symbol id="sm-1bb">
         <name>I2C_Init</name>
         <value>0x1d9d</value>
         <object_component_ref idref="oc-d2"/>
      </symbol>
      <symbol id="sm-1bc">
         <name>I2C_Read</name>
         <value>0x20b5</value>
         <object_component_ref idref="oc-d2"/>
      </symbol>
      <symbol id="sm-1ed">
         <name>dev</name>
         <value>0x20000000</value>
      </symbol>
      <symbol id="sm-1ee">
         <name>imu_config</name>
         <value>0x20000888</value>
         <object_component_ref idref="oc-e8"/>
      </symbol>
      <symbol id="sm-1ef">
         <name>printAccel</name>
         <value>0x2c87</value>
         <object_component_ref idref="oc-98"/>
      </symbol>
      <symbol id="sm-1f0">
         <name>main</name>
         <value>0x2c51</value>
         <object_component_ref idref="oc-98"/>
      </symbol>
      <symbol id="sm-1f1">
         <name>printAttitude</name>
         <value>0x2cb5</value>
         <object_component_ref idref="oc-98"/>
      </symbol>
      <symbol id="sm-212">
         <name>ResetISR</name>
         <value>0x3699</value>
         <object_component_ref idref="oc-24"/>
      </symbol>
      <symbol id="sm-213">
         <name>g_pfnVectors</name>
         <value>0x0</value>
         <object_component_ref idref="oc-f"/>
      </symbol>
      <symbol id="sm-282">
         <name>UARTgetc</name>
         <value>0x1a47</value>
         <object_component_ref idref="oc-df"/>
      </symbol>
      <symbol id="sm-283">
         <name>UARTgets</name>
         <value>0x198d</value>
         <object_component_ref idref="oc-df"/>
      </symbol>
      <symbol id="sm-284">
         <name>UARTStdioConfig</name>
         <value>0x1901</value>
         <object_component_ref idref="oc-df"/>
      </symbol>
      <symbol id="sm-285">
         <name>UARTwrite</name>
         <value>0x1947</value>
         <object_component_ref idref="oc-df"/>
      </symbol>
      <symbol id="sm-286">
         <name>UARTprintf</name>
         <value>0x1d67</value>
         <object_component_ref idref="oc-df"/>
      </symbol>
      <symbol id="sm-287">
         <name>UARTvprintf</name>
         <value>0x1a6d</value>
         <object_component_ref idref="oc-df"/>
      </symbol>
      <symbol id="sm-2be">
         <name>GPIOPinConfigure</name>
         <value>0x3399</value>
         <object_component_ref idref="oc-146"/>
      </symbol>
      <symbol id="sm-2bf">
         <name>GPIOPinTypeUART</name>
         <value>0x3635</value>
         <object_component_ref idref="oc-14c"/>
      </symbol>
      <symbol id="sm-2c0">
         <name>GPIODirModeSet</name>
         <value>0x35b7</value>
         <object_component_ref idref="oc-23c"/>
      </symbol>
      <symbol id="sm-2c1">
         <name>GPIOPadConfigSet</name>
         <value>0x2b1f</value>
         <object_component_ref idref="oc-242"/>
      </symbol>
      <symbol id="sm-2ee">
         <name>I2CMasterDataPut</name>
         <value>0x36e7</value>
         <object_component_ref idref="oc-177"/>
      </symbol>
      <symbol id="sm-2ef">
         <name>I2CMasterSlaveAddrSet</name>
         <value>0x36c1</value>
         <object_component_ref idref="oc-171"/>
      </symbol>
      <symbol id="sm-2f0">
         <name>I2CMasterDataGet</name>
         <value>0x36e3</value>
         <object_component_ref idref="oc-189"/>
      </symbol>
      <symbol id="sm-2f1">
         <name>I2CMasterControl</name>
         <value>0x36df</value>
         <object_component_ref idref="oc-183"/>
      </symbol>
      <symbol id="sm-2f2">
         <name>I2CMasterBusy</name>
         <value>0x36b9</value>
         <object_component_ref idref="oc-17d"/>
      </symbol>
      <symbol id="sm-32b">
         <name>IntEnable</name>
         <value>0x3271</value>
         <object_component_ref idref="oc-15e"/>
      </symbol>
      <symbol id="sm-32c">
         <name>IntMasterDisable</name>
         <value>0x3647</value>
         <object_component_ref idref="oc-16b"/>
      </symbol>
      <symbol id="sm-32d">
         <name>IntMasterEnable</name>
         <value>0x3657</value>
         <object_component_ref idref="oc-158"/>
      </symbol>
      <symbol id="sm-38a">
         <name>SysCtlPeripheralPresent</name>
         <value>0x34ad</value>
         <object_component_ref idref="oc-1d3"/>
      </symbol>
      <symbol id="sm-38b">
         <name>SysCtlClockSet</name>
         <value>0x2f71</value>
         <object_component_ref idref="oc-c6"/>
      </symbol>
      <symbol id="sm-38c">
         <name>SysCtlDelay</name>
         <value>0x36d9</value>
         <object_component_ref idref="oc-de"/>
      </symbol>
      <symbol id="sm-38d">
         <name>SysCtlPeripheralEnable</name>
         <value>0x3555</value>
         <object_component_ref idref="oc-140"/>
      </symbol>
      <symbol id="sm-38e">
         <name>SysCtlClockGet</name>
         <value>0x2d65</value>
         <object_component_ref idref="oc-152"/>
      </symbol>
      <symbol id="sm-3c9">
         <name>UARTConfigSetExpClk</name>
         <value>0x33e1</value>
         <object_component_ref idref="oc-1d9"/>
      </symbol>
      <symbol id="sm-3ca">
         <name>UARTDisable</name>
         <value>0x35e1</value>
         <object_component_ref idref="oc-28f"/>
      </symbol>
      <symbol id="sm-3cb">
         <name>UARTIntEnable</name>
         <value>0x36c9</value>
         <object_component_ref idref="oc-164"/>
      </symbol>
      <symbol id="sm-3cc">
         <name>UARTCharPut</name>
         <value>0x36af</value>
         <object_component_ref idref="oc-1e5"/>
      </symbol>
      <symbol id="sm-3cd">
         <name>UARTEnable</name>
         <value>0x3621</value>
         <object_component_ref idref="oc-1df"/>
      </symbol>
      <symbol id="sm-3ce">
         <name>UARTCharGet</name>
         <value>0x36a5</value>
         <object_component_ref idref="oc-1eb"/>
      </symbol>
      <symbol id="sm-3e0">
         <name>CPUcpsie</name>
         <value>0x3681</value>
         <object_component_ref idref="oc-24d"/>
      </symbol>
      <symbol id="sm-3e1">
         <name>CPUcpsid</name>
         <value>0x3675</value>
         <object_component_ref idref="oc-25b"/>
      </symbol>
      <symbol id="sm-425">
         <name>atan2</name>
         <value>0x24ed</value>
         <object_component_ref idref="oc-196"/>
      </symbol>
      <symbol id="sm-426">
         <name>atan2l</name>
         <value>0x24ed</value>
         <object_component_ref idref="oc-196"/>
      </symbol>
      <symbol id="sm-448">
         <name>sqrtl</name>
         <value>0x2891</value>
         <object_component_ref idref="oc-1a1"/>
      </symbol>
      <symbol id="sm-449">
         <name>sqrt</name>
         <value>0x2891</value>
         <object_component_ref idref="oc-1a1"/>
      </symbol>
      <symbol id="sm-47f">
         <name>atanl</name>
         <value>0x2201</value>
         <object_component_ref idref="oc-26b"/>
      </symbol>
      <symbol id="sm-480">
         <name>atan</name>
         <value>0x2201</value>
         <object_component_ref idref="oc-26b"/>
      </symbol>
      <symbol id="sm-48f">
         <name>__aeabi_memset</name>
         <value>0x3189</value>
         <object_component_ref idref="oc-8c"/>
      </symbol>
      <symbol id="sm-490">
         <name>memset</name>
         <value>0x318f</value>
         <object_component_ref idref="oc-8c"/>
      </symbol>
      <symbol id="sm-491">
         <name>__aeabi_memset8</name>
         <value>0x3189</value>
         <object_component_ref idref="oc-8c"/>
      </symbol>
      <symbol id="sm-492">
         <name>__aeabi_memset4</name>
         <value>0x3189</value>
         <object_component_ref idref="oc-8c"/>
      </symbol>
      <symbol id="sm-493">
         <name>__aeabi_memclr8</name>
         <value>0x3187</value>
         <object_component_ref idref="oc-8c"/>
      </symbol>
      <symbol id="sm-494">
         <name>__aeabi_memclr4</name>
         <value>0x3187</value>
         <object_component_ref idref="oc-8c"/>
      </symbol>
      <symbol id="sm-495">
         <name>__aeabi_memclr</name>
         <value>0x3187</value>
         <object_component_ref idref="oc-8c"/>
      </symbol>
      <symbol id="sm-4a4">
         <name>__aeabi_uidivmod</name>
         <value>0x346d</value>
         <object_component_ref idref="oc-1fa"/>
      </symbol>
      <symbol id="sm-4a5">
         <name>__aeabi_uidiv</name>
         <value>0x346d</value>
         <object_component_ref idref="oc-1fa"/>
      </symbol>
      <symbol id="sm-4bc">
         <name>__aeabi_dsub</name>
         <value>0x26d9</value>
         <object_component_ref idref="oc-1c5"/>
      </symbol>
      <symbol id="sm-4bd">
         <name>__aeabi_dadd</name>
         <value>0x26e3</value>
         <object_component_ref idref="oc-1c5"/>
      </symbol>
      <symbol id="sm-4cf">
         <name>__aeabi_cdrcmple</name>
         <value>0x3101</value>
         <object_component_ref idref="oc-2dd"/>
      </symbol>
      <symbol id="sm-4e3">
         <name>__aeabi_ddiv</name>
         <value>0x29e9</value>
         <object_component_ref idref="oc-1ac"/>
      </symbol>
      <symbol id="sm-4ee">
         <name>__aeabi_dmul</name>
         <value>0x2e75</value>
         <object_component_ref idref="oc-1b1"/>
      </symbol>
      <symbol id="sm-4fa">
         <name>__aeabi_d2f</name>
         <value>0x3201</value>
         <object_component_ref idref="oc-19c"/>
      </symbol>
      <symbol id="sm-505">
         <name>__aeabi_f2d</name>
         <value>0x351d</value>
         <object_component_ref idref="oc-1a7"/>
      </symbol>
      <symbol id="sm-50f">
         <name>__aeabi_i2d</name>
         <value>0x3589</value>
         <object_component_ref idref="oc-191"/>
      </symbol>
      <symbol id="sm-519">
         <name>__aeabi_ui2d</name>
         <value>0x3601</value>
         <object_component_ref idref="oc-1ba"/>
      </symbol>
      <symbol id="sm-530">
         <name>__TI_zero_init</name>
         <value>0x368d</value>
         <object_component_ref idref="oc-4a"/>
      </symbol>
      <symbol id="sm-547">
         <name>__TI_decompress_none</name>
         <value>0x3667</value>
         <object_component_ref idref="oc-18"/>
      </symbol>
      <symbol id="sm-56a">
         <name>__TI_decompress_lzss</name>
         <value>0x32d9</value>
         <object_component_ref idref="oc-12"/>
      </symbol>
      <symbol id="sm-580">
         <name>__aeabi_errno_addr</name>
         <value>0x36d1</value>
         <object_component_ref idref="oc-279"/>
      </symbol>
      <symbol id="sm-581">
         <name>errno</name>
         <value>0x20000898</value>
         <object_component_ref idref="oc-2ed"/>
      </symbol>
      <symbol id="sm-594">
         <name>__stack</name>
         <value>0x20000688</value>
         <object_component_ref idref="oc-21"/>
      </symbol>
      <symbol id="sm-595">
         <name>_c_int00_noargs</name>
         <value>0x34e5</value>
         <object_component_ref idref="oc-56"/>
      </symbol>
      <symbol id="sm-59f">
         <name>__aeabi_idiv0</name>
         <value>0x288f</value>
         <object_component_ref idref="oc-29f"/>
      </symbol>
      <symbol id="sm-5a0">
         <name>__aeabi_ldiv0</name>
         <value>0x288f</value>
         <object_component_ref idref="oc-29f"/>
      </symbol>
      <symbol id="sm-5bb">
         <name>memcpy</name>
         <value>0x3065</value>
         <object_component_ref idref="oc-38"/>
      </symbol>
      <symbol id="sm-5bc">
         <name>__aeabi_memcpy</name>
         <value>0x3065</value>
         <object_component_ref idref="oc-38"/>
      </symbol>
      <symbol id="sm-5bd">
         <name>__aeabi_memcpy8</name>
         <value>0x3065</value>
         <object_component_ref idref="oc-38"/>
      </symbol>
      <symbol id="sm-5be">
         <name>__aeabi_memcpy4</name>
         <value>0x3065</value>
         <object_component_ref idref="oc-38"/>
      </symbol>
      <symbol id="sm-5e6">
         <name>__TI_auto_init_nobinit_nopinit</name>
         <value>0x3429</value>
         <object_component_ref idref="oc-fb"/>
      </symbol>
      <symbol id="sm-5f0">
         <name>_system_pre_init</name>
         <value>0x36eb</value>
         <object_component_ref idref="oc-92"/>
      </symbol>
      <symbol id="sm-5fc">
         <name>C$$EXIT</name>
         <value>0x36ef</value>
         <object_component_ref idref="oc-ef"/>
      </symbol>
      <symbol id="sm-5fd">
         <name>abort</name>
         <value>0x36ef</value>
         <object_component_ref idref="oc-ef"/>
      </symbol>
      <symbol id="sm-600">
         <name>__TI_static_base__</name>
         <value>0x0</value>
      </symbol>
      <symbol id="sm-603">
         <name>__mpu_init</name>
         <value>0x0</value>
      </symbol>
      <symbol id="sm-604">
         <name>_system_post_cinit</name>
         <value>0x0</value>
      </symbol>
   </symbol_table>
   <title>Link successful</title>
</link_info>
