******************************************************************************
                  TI ARM Linker PC v18.1.3                     
******************************************************************************
>> Linked Thu Mar 21 22:31:32 2019

OUTPUT FILE NAME:   <TIVAC-LSM9DS1-master.out>
ENTRY POINT SYMBOL: "_c_int00_noargs"  address: 00002d7d


MEMORY CONFIGURATION

         name            origin    length      used     unused   attr    fill
----------------------  --------  ---------  --------  --------  ----  --------
  FLASH                 00000000   00040000  000031be  0003ce42  R  X
  SRAM                  20000000   00008000  000002ac  00007d54  RW X


SEGMENT ALLOCATION MAP

run origin  load origin   length   init length attrs members
----------  ----------- ---------- ----------- ----- -------
00000000    00000000    000031c0   000031c0    r-x
  00000000    00000000    0000026c   0000026c    r-- .intvecs
  0000026c    0000026c    00002cda   00002cda    r-x .text
  00002f48    00002f48    00000238   00000238    r-- .const
  00003180    00003180    00000040   00000040    r-- .cinit
20000000    20000000    000002ac   00000000    rw-
  20000000    20000000    00000200   00000000    rw- .stack
  20000200    20000200    00000090   00000000    rw- .bss
  20000290    20000290    0000001c   00000000    rw- .data


SECTION ALLOCATION MAP

 output                                  attributes/
section   page    origin      length       input sections
--------  ----  ----------  ----------   ----------------
.intvecs   0    00000000    0000026c     
                  00000000    0000026c     tm4c123gh6pm_startup_ccs.obj (.intvecs)

.text      0    0000026c    00002cda     
                  0000026c    00000c48     LSM9DS1.obj (.text)
                  00000eb4    0000049c     uartstdio.obj (.text)
                  00001350    00000474     main.obj (.text)
                  000017c4    00000464     i2c.obj (.text)
                  00001c28    000002ec     rtsv7M4_T_le_v4SPD16_eabi.lib : s_atan.c.obj (.text:atan)
                  00001f14    000001ec                                   : e_atan2.c.obj (.text:atan2)
                  00002100    000001b6                                   : fd_add_t2.asm.obj (.text)
                  000022b6    00000002                                   : div0.asm.obj (.text)
                  000022b8    00000158                                   : e_sqrt.c.obj (.text:sqrt)
                  00002410    00000136                                   : fd_div_t2.asm.obj (.text)
                  00002546    00000132     driverlib.lib : gpio.obj (.text:GPIOPadConfigSet)
                  00002678    00000110                   : sysctl.obj (.text:SysCtlClockGet)
                  00002788    000000fc     rtsv7M4_T_le_v4SPD16_eabi.lib : fd_mul_t2.asm.obj (.text)
                  00002884    000000f4     driverlib.lib : sysctl.obj (.text:SysCtlClockSet)
                  00002978    0000009c     rtsv7M4_T_le_v4SPD16_eabi.lib : memcpy_t2.asm.obj (.text)
                  00002a14    00000086                                   : fd_cmp_t2.asm.obj (.text:__aeabi_cdrcmple)
                  00002a9a    0000006e                                   : fd_tos_t2.asm.obj (.text)
                  00002b08    00000068     driverlib.lib : interrupt.obj (.text:IntEnable)
                  00002b70    00000068     rtsv7M4_T_le_v4SPD16_eabi.lib : copy_decompress_lzss.c.obj (.text:decompress:lzss:__TI_decompress_lzss)
                  00002bd8    00000058     basic_functions.obj (.text)
                  00002c30    00000048     driverlib.lib : gpio.obj (.text:GPIOPinConfigure)
                  00002c78    00000046                   : uart.obj (.text:UARTConfigSetExpClk)
                  00002cbe    00000002     --HOLE-- [fill = 0]
                  00002cc0    00000044     rtsv7M4_T_le_v4SPD16_eabi.lib : autoinit.c.obj (.text:__TI_auto_init_nobinit_nopinit:__TI_auto_init_nobinit_nopinit)
                  00002d04    00000040                                   : u_divt2.asm.obj (.text)
                  00002d44    00000038     driverlib.lib : sysctl.obj (.text:SysCtlPeripheralPresent)
                  00002d7c    00000038     rtsv7M4_T_le_v4SPD16_eabi.lib : boot_cortex_m.c.obj (.text:_c_int00_noargs:_c_int00_noargs)
                  00002db4    00000038                                   : fs_tod_t2.asm.obj (.text)
                  00002dec    00000034     driverlib.lib : sysctl.obj (.text:SysCtlPeripheralEnable)
                  00002e20    0000002a                   : gpio.obj (.text:GPIODirModeSet)
                  00002e4a    00000002     --HOLE-- [fill = 0]
                  00002e4c    00000020                   : uart.obj (.text:UARTDisable)
                  00002e6c    00000014                   : uart.obj (.text:UARTEnable)
                  00002e80    00000012                   : gpio.obj (.text:GPIOPinTypeUART)
                  00002e92    00000012     rtsv7M4_T_le_v4SPD16_eabi.lib : copy_zero_init.c.obj (.text:decompress:ZI:__TI_zero_init_nomemset:__TI_zero_init_nomemset)
                  00002ea4    00000010     driverlib.lib : interrupt.obj (.text:IntMasterDisable)
                  00002eb4    00000010                   : interrupt.obj (.text:IntMasterEnable)
                  00002ec4    0000000e     rtsv7M4_T_le_v4SPD16_eabi.lib : copy_decompress_none.c.obj (.text:decompress:none:__TI_decompress_none)
                  00002ed2    0000000c     driverlib.lib : cpu.obj (.text:CPUcpsid)
                  00002ede    0000000c                   : cpu.obj (.text:CPUcpsie)
                  00002eea    0000000c     tm4c123gh6pm_startup_ccs.obj (.text)
                  00002ef6    0000000a     driverlib.lib : uart.obj (.text:UARTCharGet)
                  00002f00    0000000a                   : uart.obj (.text:UARTCharPut)
                  00002f0a    00000008                   : i2c.obj (.text:I2CMasterBusy)
                  00002f12    00000008                   : i2c.obj (.text:I2CMasterSlaveAddrSet)
                  00002f1a    00000008                   : uart.obj (.text:UARTIntEnable)
                  00002f22    00000002     --HOLE-- [fill = 0]
                  00002f24    00000008     rtsv7M4_T_le_v4SPD16_eabi.lib : errno.c.obj (.text:__aeabi_errno_addr)
                  00002f2c    00000006     driverlib.lib : sysctl.obj (.text:SysCtlDelay)
                  00002f32    00000004                   : i2c.obj (.text:I2CMasterControl)
                  00002f36    00000004                   : i2c.obj (.text:I2CMasterDataGet)
                  00002f3a    00000004                   : i2c.obj (.text:I2CMasterDataPut)
                  00002f3e    00000004     rtsv7M4_T_le_v4SPD16_eabi.lib : pre_init.c.obj (.text:_system_pre_init)
                  00002f42    00000004                                   : exit.c.obj (.text:abort:abort)

.const     0    00002f48    00000238     
                  00002f48    00000098     rtsv7M4_T_le_v4SPD16_eabi.lib : s_atan.c.obj (.const:$O1$$)
                  00002fe0    00000090     driverlib.lib : gpio.obj (.const:g_pui32GPIOBaseAddrs)
                  00003070    00000070                   : interrupt.obj (.const)
                  000030e0    0000006c                   : sysctl.obj (.const:g_pui32Xtals)
                  0000314c    00000012     uartstdio.obj (.const:.string)
                  0000315e    00000002     --HOLE-- [fill = 0]
                  00003160    0000000c     uartstdio.obj (.const:g_ui32UARTBase)
                  0000316c    0000000c     uartstdio.obj (.const:g_ui32UARTPeriph)
                  00003178    00000004     main.obj (.const)
                  0000317c    00000004     uartstdio.obj (.const)

.cinit     0    00003180    00000040     
                  00003180    00000018     (.cinit..data.load) [load image, compression = lzss]
                  00003198    0000000c     (__TI_handler_table)
                  000031a4    00000004     --HOLE-- [fill = 0]
                  000031a8    00000008     (.cinit..bss.load) [load image, compression = zero_init]
                  000031b0    00000010     (__TI_cinit_table)

.init_array 
*          0    00000000    00000000     UNINITIALIZED

.bss       0    20000200    00000090     UNINITIALIZED
                  20000200    00000012     (.common:gyro)
                  20000212    00000002     (.common:ax)
                  20000214    0000000c     (.common:aBias)
                  20000220    0000000c     (.common:gBias)
                  2000022c    0000000c     (.common:mBias)
                  20000238    0000000c     (.common:rev_data)
                  20000244    00000009     (.common:accel)
                  2000024d    00000001     (.common:temp)
                  2000024e    00000008     (.common:aBiasRaw)
                  20000256    00000008     (.common:gBiasRaw)
                  2000025e    00000008     (.common:mBiasRaw)
                  20000266    00000008     (.common:mag)
                  2000026e    00000002     (.common:ay)
                  20000270    00000004     (.common:aRes)
                  20000274    00000004     (.common:gRes)
                  20000278    00000004     (.common:mRes)
                  2000027c    00000003     (.common:device)
                  2000027f    00000001     --HOLE--
                  20000280    00000002     (.common:az)
                  20000282    00000002     (.common:gx)
                  20000284    00000002     (.common:gy)
                  20000286    00000002     (.common:gz)
                  20000288    00000002     (.common:mx)
                  2000028a    00000002     (.common:my)
                  2000028c    00000002     (.common:mz)
                  2000028e    00000002     (.common:temperature)

.data      0    20000290    0000001c     UNINITIALIZED
                  20000290    00000010     LSM9DS1.obj (.data:magSensitivity)
                  200002a0    00000005     uartstdio.obj (.data)
                  200002a5    00000003     --HOLE--
                  200002a8    00000004     rtsv7M4_T_le_v4SPD16_eabi.lib : errno.c.obj (.data)

.stack     0    20000000    00000200     UNINITIALIZED
                  20000000    00000004     rtsv7M4_T_le_v4SPD16_eabi.lib : boot_cortex_m.c.obj (.stack)
                  20000004    000001fc     --HOLE--

MODULE SUMMARY

       Module                         code    ro data   rw data
       ------                         ----    -------   -------
    .\
       LSM9DS1.obj                    3144    0         147    
       uartstdio.obj                  1180    46        5      
       main.obj                       1140    4         12     
       i2c.obj                        1124    0         0      
       tm4c123gh6pm_startup_ccs.obj   12      620       0      
       basic_functions.obj            88      0         0      
    +--+------------------------------+-------+---------+---------+
       Total:                         6688    670       164    
                                                               
    C:/ti/TivaWare_C_Series-2.1.4.178/driverlib/ccs/Debug/driverlib.lib
       sysctl.obj                     630     108       0      
       gpio.obj                       438     144       0      
       interrupt.obj                  136     112       0      
       uart.obj                       150     0         0      
       i2c.obj                        28      0         0      
       cpu.obj                        24      0         0      
    +--+------------------------------+-------+---------+---------+
       Total:                         1406    364       0      
                                                               
    C:\ti\ccsv8\tools\compiler\ti-cgt-arm_18.1.3.LTS\lib\rtsv7M4_T_le_v4SPD16_eabi.lib
       s_atan.c.obj                   748     152       0      
       e_atan2.c.obj                  492     0         0      
       fd_add_t2.asm.obj              438     0         0      
       e_sqrt.c.obj                   344     0         0      
       fd_div_t2.asm.obj              310     0         0      
       fd_mul_t2.asm.obj              252     0         0      
       memcpy_t2.asm.obj              156     0         0      
       fd_cmp_t2.asm.obj              134     0         0      
       fd_tos_t2.asm.obj              110     0         0      
       copy_decompress_lzss.c.obj     104     0         0      
       autoinit.c.obj                 68      0         0      
       u_divt2.asm.obj                64      0         0      
       boot_cortex_m.c.obj            56      0         0      
       fs_tod_t2.asm.obj              56      0         0      
       copy_zero_init.c.obj           18      0         0      
       copy_decompress_none.c.obj     14      0         0      
       errno.c.obj                    8       0         4      
       exit.c.obj                     4       0         0      
       pre_init.c.obj                 4       0         0      
       div0.asm.obj                   2       0         0      
    +--+------------------------------+-------+---------+---------+
       Total:                         3382    152       4      
                                                               
       Stack:                         0       0         512    
       Linker Generated:              0       60        0      
    +--+------------------------------+-------+---------+---------+
       Grand Total:                   11476   1246      680    


LINKER GENERATED COPY TABLES

__TI_cinit_table @ 000031b0 records: 2, size/record: 8, table size: 16
	.data: load addr=00003180, load size=00000018 bytes, run addr=20000290, run size=0000001c bytes, compression=lzss
	.bss: load addr=000031a8, load size=00000008 bytes, run addr=20000200, run size=00000090 bytes, compression=zero_init


LINKER GENERATED HANDLER TABLE

__TI_handler_table @ 00003198 records: 3, size/record: 4, table size: 12
	index: 0, handler: __TI_decompress_lzss
	index: 1, handler: __TI_decompress_none
	index: 2, handler: __TI_zero_init


GLOBAL SYMBOLS: SORTED ALPHABETICALLY BY Name 

address   name                          
-------   ----                          
00002f43  C$$EXIT                       
00002ed3  CPUcpsid                      
00002edf  CPUcpsie                      
00002e21  GPIODirModeSet                
00002547  GPIOPadConfigSet              
00002c31  GPIOPinConfigure              
00002e81  GPIOPinTypeUART               
00002f0b  I2CMasterBusy                 
00002f33  I2CMasterControl              
00002f37  I2CMasterDataGet              
00002f3b  I2CMasterDataPut              
00002f13  I2CMasterSlaveAddrSet         
000017c5  I2C_Init                      
00001add  I2C_Read                      
000019f1  I2C_Write                     
000002a5  IMU_init                      
0000026d  IMU_readWHOAMI_AG             
00000289  IMU_readWHOAMI_M              
00002b09  IntEnable                     
00002ea5  IntMasterDisable              
00002eb5  IntMasterEnable               
0000045b  LSM9DS1_begin                 
00003178  PI                            
00002eeb  ResetISR                      
00002679  SysCtlClockGet                
00002885  SysCtlClockSet                
00002f2d  SysCtlDelay                   
00002ded  SysCtlPeripheralEnable        
00002d45  SysCtlPeripheralPresent       
00002ef7  UARTCharGet                   
00002f01  UARTCharPut                   
00002c79  UARTConfigSetExpClk           
00002e4d  UARTDisable                   
00002e6d  UARTEnable                    
00002f1b  UARTIntEnable                 
00000eb5  UARTStdioConfig               
00002bd9  UART_init                     
00000ffb  UARTgetc                      
00000f41  UARTgets                      
0000131b  UARTprintf                    
00001021  UARTvprintf                   
00000efb  UARTwrite                     
20000200  __STACK_END                   
00000200  __STACK_SIZE                  
20000200  __STACK_TOP                   
000031b0  __TI_CINIT_Base               
000031c0  __TI_CINIT_Limit              
00003198  __TI_Handler_Table_Base       
000031a4  __TI_Handler_Table_Limit      
00002cc1  __TI_auto_init_nobinit_nopinit
00002b71  __TI_decompress_lzss          
00002ec5  __TI_decompress_none          
ffffffff  __TI_pprof_out_hndl           
ffffffff  __TI_prof_data_size           
ffffffff  __TI_prof_data_start          
00000000  __TI_static_base__            
00002e93  __TI_zero_init_nomemset       
00002a15  __aeabi_cdrcmple              
00002a9b  __aeabi_d2f                   
0000210b  __aeabi_dadd                  
00002411  __aeabi_ddiv                  
00002789  __aeabi_dmul                  
00002101  __aeabi_dsub                  
00002f25  __aeabi_errno_addr            
00002db5  __aeabi_f2d                   
000022b7  __aeabi_idiv0                 
000022b7  __aeabi_ldiv0                 
00002979  __aeabi_memcpy                
00002979  __aeabi_memcpy4               
00002979  __aeabi_memcpy8               
00002d05  __aeabi_uidiv                 
00002d05  __aeabi_uidivmod              
ffffffff  __binit__                     
ffffffff  __c_args__                    
UNDEFED   __mpu_init                    
20000000  __stack                       
00002d7d  _c_int00_noargs               
UNDEFED   _system_post_cinit            
00002f3f  _system_pre_init              
20000214  aBias                         
2000024e  aBiasRaw                      
20000270  aRes                          
00002f43  abort                         
20000244  accel                         
000008a5  accelAvailable                
00001c29  atan                          
00001f15  atan2                         
00001f15  atan2l                        
00001c29  atanl                         
20000212  ax                            
2000026e  ay                            
20000280  az                            
ffffffff  binit                         
000009eb  calcAccel                     
000009c9  calcGyro                      
00000a15  calcMag                       
000003fb  calcaRes                      
000003dd  calcgRes                      
00000419  calcmRes                      
00000d11  constrainScales               
2000027c  device                        
200002a8  errno                         
20000220  gBias                         
20000256  gBiasRaw                      
20000274  gRes                          
00000000  g_pfnVectors                  
20000282  gx                            
20000284  gy                            
20000200  gyro                          
000008bb  gyroAvailable                 
20000286  gz                            
00000699  initAccel                     
0000048d  initGyro                      
000007a9  initMag                       
2000022c  mBias                         
2000025e  mBiasRaw                      
00000e3d  mReadByte                     
00000e69  mReadBytes                    
20000278  mRes                          
00000dad  mWriteByte                    
20000266  mag                           
20000290  magSensitivity                
00001351  main                          
00002979  memcpy                        
20000288  mx                            
2000028a  my                            
2000028c  mz                            
000013f3  printAccel                    
000014cd  printAttitude                 
00001425  printGyro                     
00001457  printMag                      
000008eb  readAccel                     
00000985  readGyro                      
00000929  readMag                       
00000967  readTemp                      
20000238  rev_data                      
00000c4d  setAccelODR                   
00000ad5  setAccelScale                 
00000bed  setGyroODR                    
00000a49  setGyroScale                  
00000cb1  setMagODR                     
00000b69  setMagScale                   
000022b9  sqrt                          
000022b9  sqrtl                         
2000024d  temp                          
000008d3  tempAvailable                 
2000028e  temperature                   
00000dd7  xgReadByte                    
00000e09  xgReadBytes                   
00000d81  xgWriteByte                   


GLOBAL SYMBOLS: SORTED BY Symbol Address 

address   name                          
-------   ----                          
00000000  __TI_static_base__            
00000000  g_pfnVectors                  
00000200  __STACK_SIZE                  
0000026d  IMU_readWHOAMI_AG             
00000289  IMU_readWHOAMI_M              
000002a5  IMU_init                      
000003dd  calcgRes                      
000003fb  calcaRes                      
00000419  calcmRes                      
0000045b  LSM9DS1_begin                 
0000048d  initGyro                      
00000699  initAccel                     
000007a9  initMag                       
000008a5  accelAvailable                
000008bb  gyroAvailable                 
000008d3  tempAvailable                 
000008eb  readAccel                     
00000929  readMag                       
00000967  readTemp                      
00000985  readGyro                      
000009c9  calcGyro                      
000009eb  calcAccel                     
00000a15  calcMag                       
00000a49  setGyroScale                  
00000ad5  setAccelScale                 
00000b69  setMagScale                   
00000bed  setGyroODR                    
00000c4d  setAccelODR                   
00000cb1  setMagODR                     
00000d11  constrainScales               
00000d81  xgWriteByte                   
00000dad  mWriteByte                    
00000dd7  xgReadByte                    
00000e09  xgReadBytes                   
00000e3d  mReadByte                     
00000e69  mReadBytes                    
00000eb5  UARTStdioConfig               
00000efb  UARTwrite                     
00000f41  UARTgets                      
00000ffb  UARTgetc                      
00001021  UARTvprintf                   
0000131b  UARTprintf                    
00001351  main                          
000013f3  printAccel                    
00001425  printGyro                     
00001457  printMag                      
000014cd  printAttitude                 
000017c5  I2C_Init                      
000019f1  I2C_Write                     
00001add  I2C_Read                      
00001c29  atan                          
00001c29  atanl                         
00001f15  atan2                         
00001f15  atan2l                        
00002101  __aeabi_dsub                  
0000210b  __aeabi_dadd                  
000022b7  __aeabi_idiv0                 
000022b7  __aeabi_ldiv0                 
000022b9  sqrt                          
000022b9  sqrtl                         
00002411  __aeabi_ddiv                  
00002547  GPIOPadConfigSet              
00002679  SysCtlClockGet                
00002789  __aeabi_dmul                  
00002885  SysCtlClockSet                
00002979  __aeabi_memcpy                
00002979  __aeabi_memcpy4               
00002979  __aeabi_memcpy8               
00002979  memcpy                        
00002a15  __aeabi_cdrcmple              
00002a9b  __aeabi_d2f                   
00002b09  IntEnable                     
00002b71  __TI_decompress_lzss          
00002bd9  UART_init                     
00002c31  GPIOPinConfigure              
00002c79  UARTConfigSetExpClk           
00002cc1  __TI_auto_init_nobinit_nopinit
00002d05  __aeabi_uidiv                 
00002d05  __aeabi_uidivmod              
00002d45  SysCtlPeripheralPresent       
00002d7d  _c_int00_noargs               
00002db5  __aeabi_f2d                   
00002ded  SysCtlPeripheralEnable        
00002e21  GPIODirModeSet                
00002e4d  UARTDisable                   
00002e6d  UARTEnable                    
00002e81  GPIOPinTypeUART               
00002e93  __TI_zero_init_nomemset       
00002ea5  IntMasterDisable              
00002eb5  IntMasterEnable               
00002ec5  __TI_decompress_none          
00002ed3  CPUcpsid                      
00002edf  CPUcpsie                      
00002eeb  ResetISR                      
00002ef7  UARTCharGet                   
00002f01  UARTCharPut                   
00002f0b  I2CMasterBusy                 
00002f13  I2CMasterSlaveAddrSet         
00002f1b  UARTIntEnable                 
00002f25  __aeabi_errno_addr            
00002f2d  SysCtlDelay                   
00002f33  I2CMasterControl              
00002f37  I2CMasterDataGet              
00002f3b  I2CMasterDataPut              
00002f3f  _system_pre_init              
00002f43  C$$EXIT                       
00002f43  abort                         
00003178  PI                            
00003198  __TI_Handler_Table_Base       
000031a4  __TI_Handler_Table_Limit      
000031b0  __TI_CINIT_Base               
000031c0  __TI_CINIT_Limit              
20000000  __stack                       
20000200  __STACK_END                   
20000200  __STACK_TOP                   
20000200  gyro                          
20000212  ax                            
20000214  aBias                         
20000220  gBias                         
2000022c  mBias                         
20000238  rev_data                      
20000244  accel                         
2000024d  temp                          
2000024e  aBiasRaw                      
20000256  gBiasRaw                      
2000025e  mBiasRaw                      
20000266  mag                           
2000026e  ay                            
20000270  aRes                          
20000274  gRes                          
20000278  mRes                          
2000027c  device                        
20000280  az                            
20000282  gx                            
20000284  gy                            
20000286  gz                            
20000288  mx                            
2000028a  my                            
2000028c  mz                            
2000028e  temperature                   
20000290  magSensitivity                
200002a8  errno                         
ffffffff  __TI_pprof_out_hndl           
ffffffff  __TI_prof_data_size           
ffffffff  __TI_prof_data_start          
ffffffff  __binit__                     
ffffffff  __c_args__                    
ffffffff  binit                         
UNDEFED   __mpu_init                    
UNDEFED   _system_post_cinit            

[150 symbols]
