<?xml version="1.0" encoding="ISO-8859-1" ?>
<link_info>
   <banner>TI ARM Linker PC v18.1.3.LTS</banner>
   <copyright>Copyright (c) 1996-2017 Texas Instruments Incorporated</copyright>
   <link_time>0x5c947334</link_time>
   <link_errors>0x0</link_errors>
   <output_file>TIVAC-LSM9DS1-master.out</output_file>
   <entry_point>
      <name>_c_int00_noargs</name>
      <address>0x2d7d</address>
   </entry_point>
   <input_file_list>
      <input_file id="fl-2">
         <path>.\</path>
         <kind>object</kind>
         <file>LSM9DS1.obj</file>
         <name>LSM9DS1.obj</name>
      </input_file>
      <input_file id="fl-3">
         <path>.\</path>
         <kind>object</kind>
         <file>basic_functions.obj</file>
         <name>basic_functions.obj</name>
      </input_file>
      <input_file id="fl-4">
         <path>.\</path>
         <kind>object</kind>
         <file>i2c.obj</file>
         <name>i2c.obj</name>
      </input_file>
      <input_file id="fl-5">
         <path>.\</path>
         <kind>object</kind>
         <file>main.obj</file>
         <name>main.obj</name>
      </input_file>
      <input_file id="fl-6">
         <path>.\</path>
         <kind>object</kind>
         <file>tm4c123gh6pm_startup_ccs.obj</file>
         <name>tm4c123gh6pm_startup_ccs.obj</name>
      </input_file>
      <input_file id="fl-7">
         <path>.\</path>
         <kind>object</kind>
         <file>uartstdio.obj</file>
         <name>uartstdio.obj</name>
      </input_file>
      <input_file id="fl-c">
         <kind>object</kind>
         <file>&lt;internal&gt;</file>
         <name>&lt;internal&gt;</name>
      </input_file>
      <input_file id="fl-d">
         <path>C:\ti\TivaWare_C_Series-2.1.4.178\driverlib\ccs\Debug\</path>
         <kind>archive</kind>
         <file>driverlib.lib</file>
         <name>gpio.obj</name>
      </input_file>
      <input_file id="fl-e">
         <path>C:\ti\TivaWare_C_Series-2.1.4.178\driverlib\ccs\Debug\</path>
         <kind>archive</kind>
         <file>driverlib.lib</file>
         <name>i2c.obj</name>
      </input_file>
      <input_file id="fl-f">
         <path>C:\ti\TivaWare_C_Series-2.1.4.178\driverlib\ccs\Debug\</path>
         <kind>archive</kind>
         <file>driverlib.lib</file>
         <name>interrupt.obj</name>
      </input_file>
      <input_file id="fl-10">
         <path>C:\ti\TivaWare_C_Series-2.1.4.178\driverlib\ccs\Debug\</path>
         <kind>archive</kind>
         <file>driverlib.lib</file>
         <name>sysctl.obj</name>
      </input_file>
      <input_file id="fl-11">
         <path>C:\ti\TivaWare_C_Series-2.1.4.178\driverlib\ccs\Debug\</path>
         <kind>archive</kind>
         <file>driverlib.lib</file>
         <name>uart.obj</name>
      </input_file>
      <input_file id="fl-12">
         <path>C:\ti\TivaWare_C_Series-2.1.4.178\driverlib\ccs\Debug\</path>
         <kind>archive</kind>
         <file>driverlib.lib</file>
         <name>cpu.obj</name>
      </input_file>
      <input_file id="fl-c8">
         <path>C:\ti\ccsv8\tools\compiler\ti-cgt-arm_18.1.3.LTS\lib\</path>
         <kind>archive</kind>
         <file>rtsv7M4_T_le_v4SPD16_eabi.lib</file>
         <name>e_atan2.c.obj</name>
      </input_file>
      <input_file id="fl-c9">
         <path>C:\ti\ccsv8\tools\compiler\ti-cgt-arm_18.1.3.LTS\lib\</path>
         <kind>archive</kind>
         <file>rtsv7M4_T_le_v4SPD16_eabi.lib</file>
         <name>e_sqrt.c.obj</name>
      </input_file>
      <input_file id="fl-ca">
         <path>C:\ti\ccsv8\tools\compiler\ti-cgt-arm_18.1.3.LTS\lib\</path>
         <kind>archive</kind>
         <file>rtsv7M4_T_le_v4SPD16_eabi.lib</file>
         <name>s_atan.c.obj</name>
      </input_file>
      <input_file id="fl-cb">
         <path>C:\ti\ccsv8\tools\compiler\ti-cgt-arm_18.1.3.LTS\lib\</path>
         <kind>archive</kind>
         <file>rtsv7M4_T_le_v4SPD16_eabi.lib</file>
         <name>u_divt2.asm.obj</name>
      </input_file>
      <input_file id="fl-cc">
         <path>C:\ti\ccsv8\tools\compiler\ti-cgt-arm_18.1.3.LTS\lib\</path>
         <kind>archive</kind>
         <file>rtsv7M4_T_le_v4SPD16_eabi.lib</file>
         <name>fd_add_t2.asm.obj</name>
      </input_file>
      <input_file id="fl-cd">
         <path>C:\ti\ccsv8\tools\compiler\ti-cgt-arm_18.1.3.LTS\lib\</path>
         <kind>archive</kind>
         <file>rtsv7M4_T_le_v4SPD16_eabi.lib</file>
         <name>fd_cmp_t2.asm.obj</name>
      </input_file>
      <input_file id="fl-ce">
         <path>C:\ti\ccsv8\tools\compiler\ti-cgt-arm_18.1.3.LTS\lib\</path>
         <kind>archive</kind>
         <file>rtsv7M4_T_le_v4SPD16_eabi.lib</file>
         <name>fd_div_t2.asm.obj</name>
      </input_file>
      <input_file id="fl-cf">
         <path>C:\ti\ccsv8\tools\compiler\ti-cgt-arm_18.1.3.LTS\lib\</path>
         <kind>archive</kind>
         <file>rtsv7M4_T_le_v4SPD16_eabi.lib</file>
         <name>fd_mul_t2.asm.obj</name>
      </input_file>
      <input_file id="fl-d0">
         <path>C:\ti\ccsv8\tools\compiler\ti-cgt-arm_18.1.3.LTS\lib\</path>
         <kind>archive</kind>
         <file>rtsv7M4_T_le_v4SPD16_eabi.lib</file>
         <name>fd_tos_t2.asm.obj</name>
      </input_file>
      <input_file id="fl-d1">
         <path>C:\ti\ccsv8\tools\compiler\ti-cgt-arm_18.1.3.LTS\lib\</path>
         <kind>archive</kind>
         <file>rtsv7M4_T_le_v4SPD16_eabi.lib</file>
         <name>fs_tod_t2.asm.obj</name>
      </input_file>
      <input_file id="fl-d2">
         <path>C:\ti\ccsv8\tools\compiler\ti-cgt-arm_18.1.3.LTS\lib\</path>
         <kind>archive</kind>
         <file>rtsv7M4_T_le_v4SPD16_eabi.lib</file>
         <name>copy_zero_init.c.obj</name>
      </input_file>
      <input_file id="fl-d3">
         <path>C:\ti\ccsv8\tools\compiler\ti-cgt-arm_18.1.3.LTS\lib\</path>
         <kind>archive</kind>
         <file>rtsv7M4_T_le_v4SPD16_eabi.lib</file>
         <name>copy_decompress_none.c.obj</name>
      </input_file>
      <input_file id="fl-d4">
         <path>C:\ti\ccsv8\tools\compiler\ti-cgt-arm_18.1.3.LTS\lib\</path>
         <kind>archive</kind>
         <file>rtsv7M4_T_le_v4SPD16_eabi.lib</file>
         <name>copy_decompress_lzss.c.obj</name>
      </input_file>
      <input_file id="fl-d5">
         <path>C:\ti\ccsv8\tools\compiler\ti-cgt-arm_18.1.3.LTS\lib\</path>
         <kind>archive</kind>
         <file>rtsv7M4_T_le_v4SPD16_eabi.lib</file>
         <name>errno.c.obj</name>
      </input_file>
      <input_file id="fl-d6">
         <path>C:\ti\ccsv8\tools\compiler\ti-cgt-arm_18.1.3.LTS\lib\</path>
         <kind>archive</kind>
         <file>rtsv7M4_T_le_v4SPD16_eabi.lib</file>
         <name>boot_cortex_m.c.obj</name>
      </input_file>
      <input_file id="fl-d7">
         <path>C:\ti\ccsv8\tools\compiler\ti-cgt-arm_18.1.3.LTS\lib\</path>
         <kind>archive</kind>
         <file>rtsv7M4_T_le_v4SPD16_eabi.lib</file>
         <name>div0.asm.obj</name>
      </input_file>
      <input_file id="fl-d8">
         <path>C:\ti\ccsv8\tools\compiler\ti-cgt-arm_18.1.3.LTS\lib\</path>
         <kind>archive</kind>
         <file>rtsv7M4_T_le_v4SPD16_eabi.lib</file>
         <name>memset_t2.asm.obj</name>
      </input_file>
      <input_file id="fl-d9">
         <path>C:\ti\ccsv8\tools\compiler\ti-cgt-arm_18.1.3.LTS\lib\</path>
         <kind>archive</kind>
         <file>rtsv7M4_T_le_v4SPD16_eabi.lib</file>
         <name>memcpy_t2.asm.obj</name>
      </input_file>
      <input_file id="fl-da">
         <path>C:\ti\ccsv8\tools\compiler\ti-cgt-arm_18.1.3.LTS\lib\</path>
         <kind>archive</kind>
         <file>rtsv7M4_T_le_v4SPD16_eabi.lib</file>
         <name>autoinit.c.obj</name>
      </input_file>
      <input_file id="fl-db">
         <path>C:\ti\ccsv8\tools\compiler\ti-cgt-arm_18.1.3.LTS\lib\</path>
         <kind>archive</kind>
         <file>rtsv7M4_T_le_v4SPD16_eabi.lib</file>
         <name>pre_init.c.obj</name>
      </input_file>
      <input_file id="fl-dc">
         <path>C:\ti\ccsv8\tools\compiler\ti-cgt-arm_18.1.3.LTS\lib\</path>
         <kind>archive</kind>
         <file>rtsv7M4_T_le_v4SPD16_eabi.lib</file>
         <name>cpy_tbl.c.obj</name>
      </input_file>
      <input_file id="fl-dd">
         <path>C:\ti\ccsv8\tools\compiler\ti-cgt-arm_18.1.3.LTS\lib\</path>
         <kind>archive</kind>
         <file>rtsv7M4_T_le_v4SPD16_eabi.lib</file>
         <name>exit.c.obj</name>
      </input_file>
      <input_file id="fl-de">
         <path>C:\ti\ccsv8\tools\compiler\ti-cgt-arm_18.1.3.LTS\lib\</path>
         <kind>archive</kind>
         <file>rtsv7M4_T_le_v4SPD16_eabi.lib</file>
         <name>_lock.c.obj</name>
      </input_file>
      <input_file id="fl-df">
         <path>C:\ti\ccsv8\tools\compiler\ti-cgt-arm_18.1.3.LTS\lib\</path>
         <kind>archive</kind>
         <file>rtsv7M4_T_le_v4SPD16_eabi.lib</file>
         <name>args_main.c.obj</name>
      </input_file>
   </input_file_list>
   <object_component_list>
      <object_component id="oc-f">
         <name>.intvecs</name>
         <load_address>0x0</load_address>
         <run_address>0x0</run_address>
         <size>0x26c</size>
         <input_file_ref idref="fl-6"/>
      </object_component>
      <object_component id="oc-d2">
         <name>.text</name>
         <load_address>0x26c</load_address>
         <run_address>0x26c</run_address>
         <size>0xc48</size>
         <input_file_ref idref="fl-2"/>
      </object_component>
      <object_component id="oc-d8">
         <name>.text</name>
         <load_address>0xeb4</load_address>
         <run_address>0xeb4</run_address>
         <size>0x49c</size>
         <input_file_ref idref="fl-7"/>
      </object_component>
      <object_component id="oc-98">
         <name>.text</name>
         <load_address>0x1350</load_address>
         <run_address>0x1350</run_address>
         <size>0x474</size>
         <input_file_ref idref="fl-5"/>
      </object_component>
      <object_component id="oc-186">
         <name>.text</name>
         <load_address>0x17c4</load_address>
         <run_address>0x17c4</run_address>
         <size>0x464</size>
         <input_file_ref idref="fl-4"/>
      </object_component>
      <object_component id="oc-1dd">
         <name>.text:atan</name>
         <load_address>0x1c28</load_address>
         <run_address>0x1c28</run_address>
         <size>0x2ec</size>
         <input_file_ref idref="fl-ca"/>
      </object_component>
      <object_component id="oc-ed">
         <name>.text:atan2</name>
         <load_address>0x1f14</load_address>
         <run_address>0x1f14</run_address>
         <size>0x1ec</size>
         <input_file_ref idref="fl-c8"/>
      </object_component>
      <object_component id="oc-1d8">
         <name>.text</name>
         <load_address>0x2100</load_address>
         <run_address>0x2100</run_address>
         <size>0x1b6</size>
         <input_file_ref idref="fl-cc"/>
      </object_component>
      <object_component id="oc-27c">
         <name>.text</name>
         <load_address>0x22b6</load_address>
         <run_address>0x22b6</run_address>
         <size>0x2</size>
         <input_file_ref idref="fl-d7"/>
      </object_component>
      <object_component id="oc-f8">
         <name>.text:sqrt</name>
         <load_address>0x22b8</load_address>
         <run_address>0x22b8</run_address>
         <size>0x158</size>
         <input_file_ref idref="fl-c9"/>
      </object_component>
      <object_component id="oc-fe">
         <name>.text</name>
         <load_address>0x2410</load_address>
         <run_address>0x2410</run_address>
         <size>0x136</size>
         <input_file_ref idref="fl-ce"/>
      </object_component>
      <object_component id="oc-22a">
         <name>.text:GPIOPadConfigSet</name>
         <load_address>0x2546</load_address>
         <run_address>0x2546</run_address>
         <size>0x132</size>
         <input_file_ref idref="fl-d"/>
      </object_component>
      <object_component id="oc-16d">
         <name>.text:SysCtlClockGet</name>
         <load_address>0x2678</load_address>
         <run_address>0x2678</run_address>
         <size>0x110</size>
         <input_file_ref idref="fl-10"/>
      </object_component>
      <object_component id="oc-103">
         <name>.text</name>
         <load_address>0x2788</load_address>
         <run_address>0x2788</run_address>
         <size>0xfc</size>
         <input_file_ref idref="fl-cf"/>
      </object_component>
      <object_component id="oc-c6">
         <name>.text:SysCtlClockSet</name>
         <load_address>0x2884</load_address>
         <run_address>0x2884</run_address>
         <size>0xf4</size>
         <input_file_ref idref="fl-10"/>
      </object_component>
      <object_component id="oc-38">
         <name>.text</name>
         <load_address>0x2978</load_address>
         <run_address>0x2978</run_address>
         <size>0x9c</size>
         <input_file_ref idref="fl-d9"/>
      </object_component>
      <object_component id="oc-288">
         <name>.text:__aeabi_cdrcmple</name>
         <load_address>0x2a14</load_address>
         <run_address>0x2a14</run_address>
         <size>0x86</size>
         <input_file_ref idref="fl-cd"/>
      </object_component>
      <object_component id="oc-f3">
         <name>.text</name>
         <load_address>0x2a9a</load_address>
         <run_address>0x2a9a</run_address>
         <size>0x6e</size>
         <input_file_ref idref="fl-d0"/>
      </object_component>
      <object_component id="oc-179">
         <name>.text:IntEnable</name>
         <load_address>0x2b08</load_address>
         <run_address>0x2b08</run_address>
         <size>0x68</size>
         <input_file_ref idref="fl-f"/>
      </object_component>
      <object_component id="oc-12">
         <name>.text:decompress:lzss:__TI_decompress_lzss</name>
         <load_address>0x2b70</load_address>
         <run_address>0x2b70</run_address>
         <size>0x68</size>
         <input_file_ref idref="fl-d4"/>
      </object_component>
      <object_component id="oc-cc">
         <name>.text</name>
         <load_address>0x2bd8</load_address>
         <run_address>0x2bd8</run_address>
         <size>0x58</size>
         <input_file_ref idref="fl-3"/>
      </object_component>
      <object_component id="oc-161">
         <name>.text:GPIOPinConfigure</name>
         <load_address>0x2c30</load_address>
         <run_address>0x2c30</run_address>
         <size>0x48</size>
         <input_file_ref idref="fl-d"/>
      </object_component>
      <object_component id="oc-1a5">
         <name>.text:UARTConfigSetExpClk</name>
         <load_address>0x2c78</load_address>
         <run_address>0x2c78</run_address>
         <size>0x46</size>
         <input_file_ref idref="fl-11"/>
      </object_component>
      <object_component id="oc-11b">
         <name>.text:__TI_auto_init_nobinit_nopinit:__TI_auto_init_nobinit_nopinit</name>
         <load_address>0x2cc0</load_address>
         <run_address>0x2cc0</run_address>
         <size>0x44</size>
         <input_file_ref idref="fl-da"/>
      </object_component>
      <object_component id="oc-1c6">
         <name>.text</name>
         <load_address>0x2d04</load_address>
         <run_address>0x2d04</run_address>
         <size>0x40</size>
         <input_file_ref idref="fl-cb"/>
      </object_component>
      <object_component id="oc-19f">
         <name>.text:SysCtlPeripheralPresent</name>
         <load_address>0x2d44</load_address>
         <run_address>0x2d44</run_address>
         <size>0x38</size>
         <input_file_ref idref="fl-10"/>
      </object_component>
      <object_component id="oc-56">
         <name>.text:_c_int00_noargs:_c_int00_noargs</name>
         <load_address>0x2d7c</load_address>
         <run_address>0x2d7c</run_address>
         <size>0x38</size>
         <input_file_ref idref="fl-d6"/>
      </object_component>
      <object_component id="oc-e8">
         <name>.text</name>
         <load_address>0x2db4</load_address>
         <run_address>0x2db4</run_address>
         <size>0x38</size>
         <input_file_ref idref="fl-d1"/>
      </object_component>
      <object_component id="oc-15b">
         <name>.text:SysCtlPeripheralEnable</name>
         <load_address>0x2dec</load_address>
         <run_address>0x2dec</run_address>
         <size>0x34</size>
         <input_file_ref idref="fl-10"/>
      </object_component>
      <object_component id="oc-224">
         <name>.text:GPIODirModeSet</name>
         <load_address>0x2e20</load_address>
         <run_address>0x2e20</run_address>
         <size>0x2a</size>
         <input_file_ref idref="fl-d"/>
      </object_component>
      <object_component id="oc-26c">
         <name>.text:UARTDisable</name>
         <load_address>0x2e4c</load_address>
         <run_address>0x2e4c</run_address>
         <size>0x20</size>
         <input_file_ref idref="fl-11"/>
      </object_component>
      <object_component id="oc-1ab">
         <name>.text:UARTEnable</name>
         <load_address>0x2e6c</load_address>
         <run_address>0x2e6c</run_address>
         <size>0x14</size>
         <input_file_ref idref="fl-11"/>
      </object_component>
      <object_component id="oc-167">
         <name>.text:GPIOPinTypeUART</name>
         <load_address>0x2e80</load_address>
         <run_address>0x2e80</run_address>
         <size>0x12</size>
         <input_file_ref idref="fl-d"/>
      </object_component>
      <object_component id="oc-44">
         <name>.text:decompress:ZI:__TI_zero_init_nomemset:__TI_zero_init_nomemset</name>
         <load_address>0x2e92</load_address>
         <run_address>0x2e92</run_address>
         <size>0x12</size>
         <input_file_ref idref="fl-d2"/>
      </object_component>
      <object_component id="oc-243">
         <name>.text:IntMasterDisable</name>
         <load_address>0x2ea4</load_address>
         <run_address>0x2ea4</run_address>
         <size>0x10</size>
         <input_file_ref idref="fl-f"/>
      </object_component>
      <object_component id="oc-173">
         <name>.text:IntMasterEnable</name>
         <load_address>0x2eb4</load_address>
         <run_address>0x2eb4</run_address>
         <size>0x10</size>
         <input_file_ref idref="fl-f"/>
      </object_component>
      <object_component id="oc-18">
         <name>.text:decompress:none:__TI_decompress_none</name>
         <load_address>0x2ec4</load_address>
         <run_address>0x2ec4</run_address>
         <size>0xe</size>
         <input_file_ref idref="fl-d3"/>
      </object_component>
      <object_component id="oc-2cf">
         <name>.text:CPUcpsid</name>
         <load_address>0x2ed2</load_address>
         <run_address>0x2ed2</run_address>
         <size>0xc</size>
         <input_file_ref idref="fl-12"/>
      </object_component>
      <object_component id="oc-235">
         <name>.text:CPUcpsie</name>
         <load_address>0x2ede</load_address>
         <run_address>0x2ede</run_address>
         <size>0xc</size>
         <input_file_ref idref="fl-12"/>
      </object_component>
      <object_component id="oc-24">
         <name>.text</name>
         <load_address>0x2eea</load_address>
         <run_address>0x2eea</run_address>
         <size>0xc</size>
         <input_file_ref idref="fl-6"/>
      </object_component>
      <object_component id="oc-1b7">
         <name>.text:UARTCharGet</name>
         <load_address>0x2ef6</load_address>
         <run_address>0x2ef6</run_address>
         <size>0xa</size>
         <input_file_ref idref="fl-11"/>
      </object_component>
      <object_component id="oc-1b1">
         <name>.text:UARTCharPut</name>
         <load_address>0x2f00</load_address>
         <run_address>0x2f00</run_address>
         <size>0xa</size>
         <input_file_ref idref="fl-11"/>
      </object_component>
      <object_component id="oc-255">
         <name>.text:I2CMasterBusy</name>
         <load_address>0x2f0a</load_address>
         <run_address>0x2f0a</run_address>
         <size>0x8</size>
         <input_file_ref idref="fl-e"/>
      </object_component>
      <object_component id="oc-249">
         <name>.text:I2CMasterSlaveAddrSet</name>
         <load_address>0x2f12</load_address>
         <run_address>0x2f12</run_address>
         <size>0x8</size>
         <input_file_ref idref="fl-e"/>
      </object_component>
      <object_component id="oc-17f">
         <name>.text:UARTIntEnable</name>
         <load_address>0x2f1a</load_address>
         <run_address>0x2f1a</run_address>
         <size>0x8</size>
         <input_file_ref idref="fl-11"/>
      </object_component>
      <object_component id="oc-1eb">
         <name>.text:__aeabi_errno_addr</name>
         <load_address>0x2f24</load_address>
         <run_address>0x2f24</run_address>
         <size>0x8</size>
         <input_file_ref idref="fl-d5"/>
      </object_component>
      <object_component id="oc-de">
         <name>.text:SysCtlDelay</name>
         <load_address>0x2f2c</load_address>
         <run_address>0x2f2c</run_address>
         <size>0x6</size>
         <input_file_ref idref="fl-10"/>
      </object_component>
      <object_component id="oc-25b">
         <name>.text:I2CMasterControl</name>
         <load_address>0x2f32</load_address>
         <run_address>0x2f32</run_address>
         <size>0x4</size>
         <input_file_ref idref="fl-e"/>
      </object_component>
      <object_component id="oc-261">
         <name>.text:I2CMasterDataGet</name>
         <load_address>0x2f36</load_address>
         <run_address>0x2f36</run_address>
         <size>0x4</size>
         <input_file_ref idref="fl-e"/>
      </object_component>
      <object_component id="oc-24f">
         <name>.text:I2CMasterDataPut</name>
         <load_address>0x2f3a</load_address>
         <run_address>0x2f3a</run_address>
         <size>0x4</size>
         <input_file_ref idref="fl-e"/>
      </object_component>
      <object_component id="oc-92">
         <name>.text:_system_pre_init</name>
         <load_address>0x2f3e</load_address>
         <run_address>0x2f3e</run_address>
         <size>0x4</size>
         <input_file_ref idref="fl-db"/>
      </object_component>
      <object_component id="oc-10f">
         <name>.text:abort:abort</name>
         <load_address>0x2f42</load_address>
         <run_address>0x2f42</run_address>
         <size>0x4</size>
         <input_file_ref idref="fl-dd"/>
      </object_component>
      <object_component id="oc-28d">
         <name>.const:$O1$$</name>
         <load_address>0x2f48</load_address>
         <run_address>0x2f48</run_address>
         <size>0x98</size>
         <input_file_ref idref="fl-ca"/>
      </object_component>
      <object_component id="oc-21f">
         <name>.const:g_pui32GPIOBaseAddrs</name>
         <load_address>0x2fe0</load_address>
         <run_address>0x2fe0</run_address>
         <size>0x90</size>
         <input_file_ref idref="fl-d"/>
      </object_component>
      <object_component id="oc-23c">
         <name>.const</name>
         <load_address>0x3070</load_address>
         <run_address>0x3070</run_address>
         <size>0x70</size>
         <input_file_ref idref="fl-f"/>
      </object_component>
      <object_component id="oc-231">
         <name>.const:g_pui32Xtals</name>
         <load_address>0x30e0</load_address>
         <run_address>0x30e0</run_address>
         <size>0x6c</size>
         <input_file_ref idref="fl-10"/>
      </object_component>
      <object_component id="oc-282">
         <name>.const:.string</name>
         <load_address>0x314c</load_address>
         <run_address>0x314c</run_address>
         <size>0x12</size>
         <input_file_ref idref="fl-7"/>
      </object_component>
      <object_component id="oc-1c3">
         <name>.const:g_ui32UARTBase</name>
         <load_address>0x3160</load_address>
         <run_address>0x3160</run_address>
         <size>0xc</size>
         <input_file_ref idref="fl-7"/>
      </object_component>
      <object_component id="oc-1bd">
         <name>.const:g_ui32UARTPeriph</name>
         <load_address>0x316c</load_address>
         <run_address>0x316c</run_address>
         <size>0xc</size>
         <input_file_ref idref="fl-7"/>
      </object_component>
      <object_component id="oc-10b">
         <name>.const</name>
         <load_address>0x3178</load_address>
         <run_address>0x3178</run_address>
         <size>0x4</size>
         <input_file_ref idref="fl-5"/>
      </object_component>
      <object_component id="oc-1cb">
         <name>.const</name>
         <load_address>0x317c</load_address>
         <run_address>0x317c</run_address>
         <size>0x4</size>
         <input_file_ref idref="fl-7"/>
      </object_component>
      <object_component id="oc-326">
         <name>.cinit..data.load</name>
         <load_address>0x3180</load_address>
         <run_address>0x3180</run_address>
         <size>0x18</size>
      </object_component>
      <object_component id="oc-324">
         <name>__TI_handler_table</name>
         <load_address>0x3198</load_address>
         <run_address>0x3198</run_address>
         <size>0xc</size>
      </object_component>
      <object_component id="oc-327">
         <name>.cinit..bss.load</name>
         <load_address>0x31a8</load_address>
         <run_address>0x31a8</run_address>
         <size>0x8</size>
      </object_component>
      <object_component id="oc-325">
         <name>__TI_cinit_table</name>
         <load_address>0x31b0</load_address>
         <run_address>0x31b0</run_address>
         <size>0x10</size>
      </object_component>
      <object_component id="oc-19a">
         <name>.data:magSensitivity</name>
         <load_address>0x20000290</load_address>
         <run_address>0x20000290</run_address>
         <size>0x10</size>
         <input_file_ref idref="fl-2"/>
      </object_component>
      <object_component id="oc-1c0">
         <name>.data</name>
         <load_address>0x200002a0</load_address>
         <run_address>0x200002a0</run_address>
         <size>0x5</size>
         <input_file_ref idref="fl-7"/>
      </object_component>
      <object_component id="oc-298">
         <name>.data</name>
         <load_address>0x200002a8</load_address>
         <run_address>0x200002a8</run_address>
         <size>0x4</size>
         <input_file_ref idref="fl-d5"/>
      </object_component>
      <object_component id="oc-18c">
         <name>.common:device</name>
         <uninitialized>true</uninitialized>
         <run_address>0x2000027c</run_address>
         <size>0x3</size>
      </object_component>
      <object_component id="oc-18d">
         <name>.common:gyro</name>
         <uninitialized>true</uninitialized>
         <run_address>0x20000200</run_address>
         <size>0x12</size>
      </object_component>
      <object_component id="oc-18e">
         <name>.common:accel</name>
         <uninitialized>true</uninitialized>
         <run_address>0x20000244</run_address>
         <size>0x9</size>
      </object_component>
      <object_component id="oc-18f">
         <name>.common:mag</name>
         <uninitialized>true</uninitialized>
         <run_address>0x20000266</run_address>
         <size>0x8</size>
      </object_component>
      <object_component id="oc-190">
         <name>.common:temp</name>
         <uninitialized>true</uninitialized>
         <run_address>0x2000024d</run_address>
         <size>0x1</size>
      </object_component>
      <object_component id="oc-108">
         <name>.common:gx</name>
         <uninitialized>true</uninitialized>
         <run_address>0x20000282</run_address>
         <size>0x2</size>
      </object_component>
      <object_component id="oc-109">
         <name>.common:gy</name>
         <uninitialized>true</uninitialized>
         <run_address>0x20000284</run_address>
         <size>0x2</size>
      </object_component>
      <object_component id="oc-10a">
         <name>.common:gz</name>
         <uninitialized>true</uninitialized>
         <run_address>0x20000286</run_address>
         <size>0x2</size>
      </object_component>
      <object_component id="oc-e2">
         <name>.common:ax</name>
         <uninitialized>true</uninitialized>
         <run_address>0x20000212</run_address>
         <size>0x2</size>
      </object_component>
      <object_component id="oc-e3">
         <name>.common:ay</name>
         <uninitialized>true</uninitialized>
         <run_address>0x2000026e</run_address>
         <size>0x2</size>
      </object_component>
      <object_component id="oc-e4">
         <name>.common:az</name>
         <uninitialized>true</uninitialized>
         <run_address>0x20000280</run_address>
         <size>0x2</size>
      </object_component>
      <object_component id="oc-e6">
         <name>.common:mx</name>
         <uninitialized>true</uninitialized>
         <run_address>0x20000288</run_address>
         <size>0x2</size>
      </object_component>
      <object_component id="oc-e5">
         <name>.common:my</name>
         <uninitialized>true</uninitialized>
         <run_address>0x2000028a</run_address>
         <size>0x2</size>
      </object_component>
      <object_component id="oc-e7">
         <name>.common:mz</name>
         <uninitialized>true</uninitialized>
         <run_address>0x2000028c</run_address>
         <size>0x2</size>
      </object_component>
      <object_component id="oc-19d">
         <name>.common:temperature</name>
         <uninitialized>true</uninitialized>
         <run_address>0x2000028e</run_address>
         <size>0x2</size>
      </object_component>
      <object_component id="oc-191">
         <name>.common:gBias</name>
         <uninitialized>true</uninitialized>
         <run_address>0x20000220</run_address>
         <size>0xc</size>
      </object_component>
      <object_component id="oc-192">
         <name>.common:aBias</name>
         <uninitialized>true</uninitialized>
         <run_address>0x20000214</run_address>
         <size>0xc</size>
      </object_component>
      <object_component id="oc-193">
         <name>.common:mBias</name>
         <uninitialized>true</uninitialized>
         <run_address>0x2000022c</run_address>
         <size>0xc</size>
      </object_component>
      <object_component id="oc-194">
         <name>.common:gBiasRaw</name>
         <uninitialized>true</uninitialized>
         <run_address>0x20000256</run_address>
         <size>0x8</size>
      </object_component>
      <object_component id="oc-195">
         <name>.common:aBiasRaw</name>
         <uninitialized>true</uninitialized>
         <run_address>0x2000024e</run_address>
         <size>0x8</size>
      </object_component>
      <object_component id="oc-196">
         <name>.common:mBiasRaw</name>
         <uninitialized>true</uninitialized>
         <run_address>0x2000025e</run_address>
         <size>0x8</size>
      </object_component>
      <object_component id="oc-197">
         <name>.common:gRes</name>
         <uninitialized>true</uninitialized>
         <run_address>0x20000274</run_address>
         <size>0x4</size>
      </object_component>
      <object_component id="oc-198">
         <name>.common:aRes</name>
         <uninitialized>true</uninitialized>
         <run_address>0x20000270</run_address>
         <size>0x4</size>
      </object_component>
      <object_component id="oc-199">
         <name>.common:mRes</name>
         <uninitialized>true</uninitialized>
         <run_address>0x20000278</run_address>
         <size>0x4</size>
      </object_component>
      <object_component id="oc-df">
         <name>.common:rev_data</name>
         <uninitialized>true</uninitialized>
         <run_address>0x20000238</run_address>
         <size>0xc</size>
      </object_component>
      <object_component id="oc-21">
         <name>.stack</name>
         <uninitialized>true</uninitialized>
         <run_address>0x20000000</run_address>
         <size>0x4</size>
         <input_file_ref idref="fl-d6"/>
      </object_component>
      <object_component id="oc-328">
         <name>.stack</name>
         <uninitialized>true</uninitialized>
         <run_address>0x20000000</run_address>
         <size>0x0</size>
      </object_component>
      <object_component id="oc-b4">
         <name>.debug_info</name>
         <load_address>0x0</load_address>
         <run_address>0x0</run_address>
         <size>0x5ae</size>
         <input_file_ref idref="fl-2"/>
      </object_component>
      <object_component id="oc-19b">
         <name>.debug_info</name>
         <load_address>0x5ae</load_address>
         <run_address>0x5ae</run_address>
         <size>0xdf</size>
         <input_file_ref idref="fl-2"/>
      </object_component>
      <object_component id="oc-d3">
         <name>.debug_info</name>
         <load_address>0x68d</load_address>
         <run_address>0x68d</run_address>
         <size>0x144b</size>
         <input_file_ref idref="fl-2"/>
      </object_component>
      <object_component id="oc-6d">
         <name>.debug_info</name>
         <load_address>0x1ad8</load_address>
         <run_address>0x1ad8</run_address>
         <size>0x26b</size>
         <input_file_ref idref="fl-2"/>
      </object_component>
      <object_component id="oc-af">
         <name>.debug_info</name>
         <load_address>0x1d43</load_address>
         <run_address>0x1d43</run_address>
         <size>0x8b</size>
         <input_file_ref idref="fl-2"/>
      </object_component>
      <object_component id="oc-aa">
         <name>.debug_info</name>
         <load_address>0x1dce</load_address>
         <run_address>0x1dce</run_address>
         <size>0x297</size>
         <input_file_ref idref="fl-2"/>
      </object_component>
      <object_component id="oc-72">
         <name>.debug_info</name>
         <load_address>0x2065</load_address>
         <run_address>0x2065</run_address>
         <size>0xbb</size>
         <input_file_ref idref="fl-2"/>
      </object_component>
      <object_component id="oc-1d0">
         <name>.debug_info</name>
         <load_address>0x2120</load_address>
         <run_address>0x2120</run_address>
         <size>0x2c</size>
         <input_file_ref idref="fl-2"/>
      </object_component>
      <object_component id="oc-14f">
         <name>.debug_info</name>
         <load_address>0x214c</load_address>
         <run_address>0x214c</run_address>
         <size>0x6c1</size>
         <input_file_ref idref="fl-2"/>
      </object_component>
      <object_component id="oc-cd">
         <name>.debug_info</name>
         <load_address>0x280d</load_address>
         <run_address>0x280d</run_address>
         <size>0x200</size>
         <input_file_ref idref="fl-3"/>
      </object_component>
      <object_component id="oc-268">
         <name>.debug_info</name>
         <load_address>0x2a0d</load_address>
         <run_address>0x2a0d</run_address>
         <size>0x3fe</size>
         <input_file_ref idref="fl-4"/>
      </object_component>
      <object_component id="oc-188">
         <name>.debug_info</name>
         <load_address>0x2e0b</load_address>
         <run_address>0x2e0b</run_address>
         <size>0x891</size>
         <input_file_ref idref="fl-4"/>
      </object_component>
      <object_component id="oc-e0">
         <name>.debug_info</name>
         <load_address>0x369c</load_address>
         <run_address>0x369c</run_address>
         <size>0x54e</size>
         <input_file_ref idref="fl-5"/>
      </object_component>
      <object_component id="oc-10c">
         <name>.debug_info</name>
         <load_address>0x3bea</load_address>
         <run_address>0x3bea</run_address>
         <size>0xc4</size>
         <input_file_ref idref="fl-5"/>
      </object_component>
      <object_component id="oc-9a">
         <name>.debug_info</name>
         <load_address>0x3cae</load_address>
         <run_address>0x3cae</run_address>
         <size>0x765</size>
         <input_file_ref idref="fl-5"/>
      </object_component>
      <object_component id="oc-2c">
         <name>.debug_info</name>
         <load_address>0x4413</load_address>
         <run_address>0x4413</run_address>
         <size>0x2ad</size>
         <input_file_ref idref="fl-6"/>
      </object_component>
      <object_component id="oc-10">
         <name>.debug_info</name>
         <load_address>0x46c0</load_address>
         <run_address>0x46c0</run_address>
         <size>0xec</size>
         <input_file_ref idref="fl-6"/>
      </object_component>
      <object_component id="oc-25">
         <name>.debug_info</name>
         <load_address>0x47ac</load_address>
         <run_address>0x47ac</run_address>
         <size>0x268</size>
         <input_file_ref idref="fl-6"/>
      </object_component>
      <object_component id="oc-33">
         <name>.debug_info</name>
         <load_address>0x4a14</load_address>
         <run_address>0x4a14</run_address>
         <size>0x84</size>
         <input_file_ref idref="fl-6"/>
      </object_component>
      <object_component id="oc-1cf">
         <name>.debug_info</name>
         <load_address>0x4a98</load_address>
         <run_address>0x4a98</run_address>
         <size>0x406</size>
         <input_file_ref idref="fl-7"/>
      </object_component>
      <object_component id="oc-1c1">
         <name>.debug_info</name>
         <load_address>0x4e9e</load_address>
         <run_address>0x4e9e</run_address>
         <size>0xfd</size>
         <input_file_ref idref="fl-7"/>
      </object_component>
      <object_component id="oc-1cc">
         <name>.debug_info</name>
         <load_address>0x4f9b</load_address>
         <run_address>0x4f9b</run_address>
         <size>0xf7</size>
         <input_file_ref idref="fl-7"/>
      </object_component>
      <object_component id="oc-1c4">
         <name>.debug_info</name>
         <load_address>0x5092</load_address>
         <run_address>0x5092</run_address>
         <size>0x105</size>
         <input_file_ref idref="fl-7"/>
      </object_component>
      <object_component id="oc-1be">
         <name>.debug_info</name>
         <load_address>0x5197</load_address>
         <run_address>0x5197</run_address>
         <size>0x109</size>
         <input_file_ref idref="fl-7"/>
      </object_component>
      <object_component id="oc-db">
         <name>.debug_info</name>
         <load_address>0x52a0</load_address>
         <run_address>0x52a0</run_address>
         <size>0x962</size>
         <input_file_ref idref="fl-7"/>
      </object_component>
      <object_component id="oc-223">
         <name>.debug_info</name>
         <load_address>0x5c02</load_address>
         <run_address>0x5c02</run_address>
         <size>0x240</size>
         <input_file_ref idref="fl-d"/>
      </object_component>
      <object_component id="oc-220">
         <name>.debug_info</name>
         <load_address>0x5e42</load_address>
         <run_address>0x5e42</run_address>
         <size>0x15b</size>
         <input_file_ref idref="fl-d"/>
      </object_component>
      <object_component id="oc-227">
         <name>.debug_info</name>
         <load_address>0x5f9d</load_address>
         <run_address>0x5f9d</run_address>
         <size>0x2b3</size>
         <input_file_ref idref="fl-d"/>
      </object_component>
      <object_component id="oc-22d">
         <name>.debug_info</name>
         <load_address>0x6250</load_address>
         <run_address>0x6250</run_address>
         <size>0x316</size>
         <input_file_ref idref="fl-d"/>
      </object_component>
      <object_component id="oc-16a">
         <name>.debug_info</name>
         <load_address>0x6566</load_address>
         <run_address>0x6566</run_address>
         <size>0x27b</size>
         <input_file_ref idref="fl-d"/>
      </object_component>
      <object_component id="oc-162">
         <name>.debug_info</name>
         <load_address>0x67e1</load_address>
         <run_address>0x67e1</run_address>
         <size>0x280</size>
         <input_file_ref idref="fl-d"/>
      </object_component>
      <object_component id="oc-155">
         <name>.debug_info</name>
         <load_address>0x6a61</load_address>
         <run_address>0x6a61</run_address>
         <size>0x18b</size>
         <input_file_ref idref="fl-d"/>
      </object_component>
      <object_component id="oc-2d7">
         <name>.debug_info</name>
         <load_address>0x6bec</load_address>
         <run_address>0x6bec</run_address>
         <size>0x231</size>
         <input_file_ref idref="fl-e"/>
      </object_component>
      <object_component id="oc-24b">
         <name>.debug_info</name>
         <load_address>0x6e1d</load_address>
         <run_address>0x6e1d</run_address>
         <size>0x2ce</size>
         <input_file_ref idref="fl-e"/>
      </object_component>
      <object_component id="oc-251">
         <name>.debug_info</name>
         <load_address>0x70eb</load_address>
         <run_address>0x70eb</run_address>
         <size>0x27e</size>
         <input_file_ref idref="fl-e"/>
      </object_component>
      <object_component id="oc-263">
         <name>.debug_info</name>
         <load_address>0x7369</load_address>
         <run_address>0x7369</run_address>
         <size>0x254</size>
         <input_file_ref idref="fl-e"/>
      </object_component>
      <object_component id="oc-25d">
         <name>.debug_info</name>
         <load_address>0x75bd</load_address>
         <run_address>0x75bd</run_address>
         <size>0x27e</size>
         <input_file_ref idref="fl-e"/>
      </object_component>
      <object_component id="oc-257">
         <name>.debug_info</name>
         <load_address>0x783b</load_address>
         <run_address>0x783b</run_address>
         <size>0x24e</size>
         <input_file_ref idref="fl-e"/>
      </object_component>
      <object_component id="oc-240">
         <name>.debug_info</name>
         <load_address>0x7a89</load_address>
         <run_address>0x7a89</run_address>
         <size>0x20e</size>
         <input_file_ref idref="fl-f"/>
      </object_component>
      <object_component id="oc-23d">
         <name>.debug_info</name>
         <load_address>0x7c97</load_address>
         <run_address>0x7c97</run_address>
         <size>0x210</size>
         <input_file_ref idref="fl-f"/>
      </object_component>
      <object_component id="oc-175">
         <name>.debug_info</name>
         <load_address>0x7ea7</load_address>
         <run_address>0x7ea7</run_address>
         <size>0x23e</size>
         <input_file_ref idref="fl-f"/>
      </object_component>
      <object_component id="oc-245">
         <name>.debug_info</name>
         <load_address>0x80e5</load_address>
         <run_address>0x80e5</run_address>
         <size>0x240</size>
         <input_file_ref idref="fl-f"/>
      </object_component>
      <object_component id="oc-17b">
         <name>.debug_info</name>
         <load_address>0x8325</load_address>
         <run_address>0x8325</run_address>
         <size>0x268</size>
         <input_file_ref idref="fl-f"/>
      </object_component>
      <object_component id="oc-15a">
         <name>.debug_info</name>
         <load_address>0x858d</load_address>
         <run_address>0x858d</run_address>
         <size>0x298</size>
         <input_file_ref idref="fl-10"/>
      </object_component>
      <object_component id="oc-232">
         <name>.debug_info</name>
         <load_address>0x8825</load_address>
         <run_address>0x8825</run_address>
         <size>0x14d</size>
         <input_file_ref idref="fl-10"/>
      </object_component>
      <object_component id="oc-1a0">
         <name>.debug_info</name>
         <load_address>0x8972</load_address>
         <run_address>0x8972</run_address>
         <size>0x283</size>
         <input_file_ref idref="fl-10"/>
      </object_component>
      <object_component id="oc-15c">
         <name>.debug_info</name>
         <load_address>0x8bf5</load_address>
         <run_address>0x8bf5</run_address>
         <size>0x27d</size>
         <input_file_ref idref="fl-10"/>
      </object_component>
      <object_component id="oc-c7">
         <name>.debug_info</name>
         <load_address>0x8e72</load_address>
         <run_address>0x8e72</run_address>
         <size>0x2db</size>
         <input_file_ref idref="fl-10"/>
      </object_component>
      <object_component id="oc-16e">
         <name>.debug_info</name>
         <load_address>0x914d</load_address>
         <run_address>0x914d</run_address>
         <size>0x2b5</size>
         <input_file_ref idref="fl-10"/>
      </object_component>
      <object_component id="oc-219">
         <name>.debug_info</name>
         <load_address>0x9402</load_address>
         <run_address>0x9402</run_address>
         <size>0x5f</size>
         <input_file_ref idref="fl-10"/>
      </object_component>
      <object_component id="oc-242">
         <name>.debug_info</name>
         <load_address>0x9461</load_address>
         <run_address>0x9461</run_address>
         <size>0x227</size>
         <input_file_ref idref="fl-11"/>
      </object_component>
      <object_component id="oc-180">
         <name>.debug_info</name>
         <load_address>0x9688</load_address>
         <run_address>0x9688</run_address>
         <size>0x28f</size>
         <input_file_ref idref="fl-11"/>
      </object_component>
      <object_component id="oc-1ac">
         <name>.debug_info</name>
         <load_address>0x9917</load_address>
         <run_address>0x9917</run_address>
         <size>0x247</size>
         <input_file_ref idref="fl-11"/>
      </object_component>
      <object_component id="oc-26d">
         <name>.debug_info</name>
         <load_address>0x9b5e</load_address>
         <run_address>0x9b5e</run_address>
         <size>0x249</size>
         <input_file_ref idref="fl-11"/>
      </object_component>
      <object_component id="oc-1a6">
         <name>.debug_info</name>
         <load_address>0x9da7</load_address>
         <run_address>0x9da7</run_address>
         <size>0x326</size>
         <input_file_ref idref="fl-11"/>
      </object_component>
      <object_component id="oc-1b2">
         <name>.debug_info</name>
         <load_address>0xa0cd</load_address>
         <run_address>0xa0cd</run_address>
         <size>0x273</size>
         <input_file_ref idref="fl-11"/>
      </object_component>
      <object_component id="oc-1b8">
         <name>.debug_info</name>
         <load_address>0xa340</load_address>
         <run_address>0xa340</run_address>
         <size>0x24d</size>
         <input_file_ref idref="fl-11"/>
      </object_component>
      <object_component id="oc-238">
         <name>.debug_info</name>
         <load_address>0xa58d</load_address>
         <run_address>0xa58d</run_address>
         <size>0x212</size>
         <input_file_ref idref="fl-12"/>
      </object_component>
      <object_component id="oc-2d1">
         <name>.debug_info</name>
         <load_address>0xa79f</load_address>
         <run_address>0xa79f</run_address>
         <size>0x20f</size>
         <input_file_ref idref="fl-12"/>
      </object_component>
      <object_component id="oc-1e4">
         <name>.debug_info</name>
         <load_address>0xa9ae</load_address>
         <run_address>0xa9ae</run_address>
         <size>0x2a3</size>
         <input_file_ref idref="fl-c8"/>
      </object_component>
      <object_component id="oc-ee">
         <name>.debug_info</name>
         <load_address>0xac51</load_address>
         <run_address>0xac51</run_address>
         <size>0x23c</size>
         <input_file_ref idref="fl-c8"/>
      </object_component>
      <object_component id="oc-293">
         <name>.debug_info</name>
         <load_address>0xae8d</load_address>
         <run_address>0xae8d</run_address>
         <size>0x46</size>
         <input_file_ref idref="fl-c8"/>
      </object_component>
      <object_component id="oc-1e5">
         <name>.debug_info</name>
         <load_address>0xaed3</load_address>
         <run_address>0xaed3</run_address>
         <size>0x39</size>
         <input_file_ref idref="fl-c8"/>
      </object_component>
      <object_component id="oc-1f2">
         <name>.debug_info</name>
         <load_address>0xaf0c</load_address>
         <run_address>0xaf0c</run_address>
         <size>0x2bf</size>
         <input_file_ref idref="fl-c9"/>
      </object_component>
      <object_component id="oc-f9">
         <name>.debug_info</name>
         <load_address>0xb1cb</load_address>
         <run_address>0xb1cb</run_address>
         <size>0x242</size>
         <input_file_ref idref="fl-c9"/>
      </object_component>
      <object_component id="oc-2e3">
         <name>.debug_info</name>
         <load_address>0xb40d</load_address>
         <run_address>0xb40d</run_address>
         <size>0x2ec</size>
         <input_file_ref idref="fl-ca"/>
      </object_component>
      <object_component id="oc-28e">
         <name>.debug_info</name>
         <load_address>0xb6f9</load_address>
         <run_address>0xb6f9</run_address>
         <size>0x126</size>
         <input_file_ref idref="fl-ca"/>
      </object_component>
      <object_component id="oc-1de">
         <name>.debug_info</name>
         <load_address>0xb81f</load_address>
         <run_address>0xb81f</run_address>
         <size>0x4a1</size>
         <input_file_ref idref="fl-ca"/>
      </object_component>
      <object_component id="oc-1c7">
         <name>.debug_info</name>
         <load_address>0xbcc0</load_address>
         <run_address>0xbcc0</run_address>
         <size>0x13a</size>
         <input_file_ref idref="fl-cb"/>
      </object_component>
      <object_component id="oc-1db">
         <name>.debug_info</name>
         <load_address>0xbdfa</load_address>
         <run_address>0xbdfa</run_address>
         <size>0x144</size>
         <input_file_ref idref="fl-cc"/>
      </object_component>
      <object_component id="oc-28a">
         <name>.debug_info</name>
         <load_address>0xbf3e</load_address>
         <run_address>0xbf3e</run_address>
         <size>0x122</size>
         <input_file_ref idref="fl-cd"/>
      </object_component>
      <object_component id="oc-100">
         <name>.debug_info</name>
         <load_address>0xc060</load_address>
         <run_address>0xc060</run_address>
         <size>0x132</size>
         <input_file_ref idref="fl-ce"/>
      </object_component>
      <object_component id="oc-106">
         <name>.debug_info</name>
         <load_address>0xc192</load_address>
         <run_address>0xc192</run_address>
         <size>0x132</size>
         <input_file_ref idref="fl-cf"/>
      </object_component>
      <object_component id="oc-f4">
         <name>.debug_info</name>
         <load_address>0xc2c4</load_address>
         <run_address>0xc2c4</run_address>
         <size>0x136</size>
         <input_file_ref idref="fl-d0"/>
      </object_component>
      <object_component id="oc-e9">
         <name>.debug_info</name>
         <load_address>0xc3fa</load_address>
         <run_address>0xc3fa</run_address>
         <size>0x124</size>
         <input_file_ref idref="fl-d1"/>
      </object_component>
      <object_component id="oc-8b">
         <name>.debug_info</name>
         <load_address>0xc51e</load_address>
         <run_address>0xc51e</run_address>
         <size>0x313</size>
         <input_file_ref idref="fl-d2"/>
      </object_component>
      <object_component id="oc-46">
         <name>.debug_info</name>
         <load_address>0xc831</load_address>
         <run_address>0xc831</run_address>
         <size>0x1b4</size>
         <input_file_ref idref="fl-d2"/>
      </object_component>
      <object_component id="oc-86">
         <name>.debug_info</name>
         <load_address>0xc9e5</load_address>
         <run_address>0xc9e5</run_address>
         <size>0x46</size>
         <input_file_ref idref="fl-d2"/>
      </object_component>
      <object_component id="oc-bd">
         <name>.debug_info</name>
         <load_address>0xca2b</load_address>
         <run_address>0xca2b</run_address>
         <size>0x2c</size>
         <input_file_ref idref="fl-d2"/>
      </object_component>
      <object_component id="oc-43">
         <name>.debug_info</name>
         <load_address>0xca57</load_address>
         <run_address>0xca57</run_address>
         <size>0x29d</size>
         <input_file_ref idref="fl-d3"/>
      </object_component>
      <object_component id="oc-1a">
         <name>.debug_info</name>
         <load_address>0xccf4</load_address>
         <run_address>0xccf4</run_address>
         <size>0x1df</size>
         <input_file_ref idref="fl-d3"/>
      </object_component>
      <object_component id="oc-3e">
         <name>.debug_info</name>
         <load_address>0xced3</load_address>
         <run_address>0xced3</run_address>
         <size>0x46</size>
         <input_file_ref idref="fl-d3"/>
      </object_component>
      <object_component id="oc-7e">
         <name>.debug_info</name>
         <load_address>0xcf19</load_address>
         <run_address>0xcf19</run_address>
         <size>0x2c</size>
         <input_file_ref idref="fl-d3"/>
      </object_component>
      <object_component id="oc-7c">
         <name>.debug_info</name>
         <load_address>0xcf45</load_address>
         <run_address>0xcf45</run_address>
         <size>0x293</size>
         <input_file_ref idref="fl-d4"/>
      </object_component>
      <object_component id="oc-14">
         <name>.debug_info</name>
         <load_address>0xd1d8</load_address>
         <run_address>0xd1d8</run_address>
         <size>0x245</size>
         <input_file_ref idref="fl-d4"/>
      </object_component>
      <object_component id="oc-2e">
         <name>.debug_info</name>
         <load_address>0xd41d</load_address>
         <run_address>0xd41d</run_address>
         <size>0x60</size>
         <input_file_ref idref="fl-d4"/>
      </object_component>
      <object_component id="oc-b6">
         <name>.debug_info</name>
         <load_address>0xd47d</load_address>
         <run_address>0xd47d</run_address>
         <size>0x46</size>
         <input_file_ref idref="fl-d4"/>
      </object_component>
      <object_component id="oc-77">
         <name>.debug_info</name>
         <load_address>0xd4c3</load_address>
         <run_address>0xd4c3</run_address>
         <size>0x39</size>
         <input_file_ref idref="fl-d4"/>
      </object_component>
      <object_component id="oc-29c">
         <name>.debug_info</name>
         <load_address>0xd4fc</load_address>
         <run_address>0xd4fc</run_address>
         <size>0x27e</size>
         <input_file_ref idref="fl-d5"/>
      </object_component>
      <object_component id="oc-299">
         <name>.debug_info</name>
         <load_address>0xd77a</load_address>
         <run_address>0xd77a</run_address>
         <size>0x103</size>
         <input_file_ref idref="fl-d5"/>
      </object_component>
      <object_component id="oc-1ee">
         <name>.debug_info</name>
         <load_address>0xd87d</load_address>
         <run_address>0xd87d</run_address>
         <size>0x143</size>
         <input_file_ref idref="fl-d5"/>
      </object_component>
      <object_component id="oc-22">
         <name>.debug_info</name>
         <load_address>0xd9c0</load_address>
         <run_address>0xd9c0</run_address>
         <size>0x100</size>
         <input_file_ref idref="fl-d6"/>
      </object_component>
      <object_component id="oc-57">
         <name>.debug_info</name>
         <load_address>0xdac0</load_address>
         <run_address>0xdac0</run_address>
         <size>0x1a4</size>
         <input_file_ref idref="fl-d6"/>
      </object_component>
      <object_component id="oc-27d">
         <name>.debug_info</name>
         <load_address>0xdc64</load_address>
         <run_address>0xdc64</run_address>
         <size>0x10d</size>
         <input_file_ref idref="fl-d7"/>
      </object_component>
      <object_component id="oc-3b">
         <name>.debug_info</name>
         <load_address>0xdd71</load_address>
         <run_address>0xdd71</run_address>
         <size>0x111</size>
         <input_file_ref idref="fl-d9"/>
      </object_component>
      <object_component id="oc-202">
         <name>.debug_info</name>
         <load_address>0xde82</load_address>
         <run_address>0xde82</run_address>
         <size>0x547</size>
         <input_file_ref idref="fl-da"/>
      </object_component>
      <object_component id="oc-11d">
         <name>.debug_info</name>
         <load_address>0xe3c9</load_address>
         <run_address>0xe3c9</run_address>
         <size>0x19b</size>
         <input_file_ref idref="fl-da"/>
      </object_component>
      <object_component id="oc-2af">
         <name>.debug_info</name>
         <load_address>0xe564</load_address>
         <run_address>0xe564</run_address>
         <size>0x39</size>
         <input_file_ref idref="fl-da"/>
      </object_component>
      <object_component id="oc-2ec">
         <name>.debug_info</name>
         <load_address>0xe59d</load_address>
         <run_address>0xe59d</run_address>
         <size>0x39</size>
         <input_file_ref idref="fl-da"/>
      </object_component>
      <object_component id="oc-2b4">
         <name>.debug_info</name>
         <load_address>0xe5d6</load_address>
         <run_address>0xe5d6</run_address>
         <size>0x39</size>
         <input_file_ref idref="fl-da"/>
      </object_component>
      <object_component id="oc-2b9">
         <name>.debug_info</name>
         <load_address>0xe60f</load_address>
         <run_address>0xe60f</run_address>
         <size>0xcd</size>
         <input_file_ref idref="fl-da"/>
      </object_component>
      <object_component id="oc-93">
         <name>.debug_info</name>
         <load_address>0xe6dc</load_address>
         <run_address>0xe6dc</run_address>
         <size>0x148</size>
         <input_file_ref idref="fl-db"/>
      </object_component>
      <object_component id="oc-111">
         <name>.debug_info</name>
         <load_address>0xe824</load_address>
         <run_address>0xe824</run_address>
         <size>0x117</size>
         <input_file_ref idref="fl-dd"/>
      </object_component>
      <object_component id="oc-329">
         <name>.debug_info</name>
         <load_address>0xe93b</load_address>
         <run_address>0xe93b</run_address>
         <size>0xa2</size>
      </object_component>
      <object_component id="oc-14e">
         <name>.debug_line</name>
         <load_address>0x0</load_address>
         <run_address>0x0</run_address>
         <size>0x3c</size>
         <input_file_ref idref="fl-2"/>
      </object_component>
      <object_component id="oc-26a">
         <name>.debug_line</name>
         <load_address>0x3c</load_address>
         <run_address>0x3c</run_address>
         <size>0x30</size>
         <input_file_ref idref="fl-2"/>
      </object_component>
      <object_component id="oc-d7">
         <name>.debug_line</name>
         <load_address>0x6c</load_address>
         <run_address>0x6c</run_address>
         <size>0x560</size>
         <input_file_ref idref="fl-2"/>
      </object_component>
      <object_component id="oc-70">
         <name>.debug_line</name>
         <load_address>0x5cc</load_address>
         <run_address>0x5cc</run_address>
         <size>0x69</size>
         <input_file_ref idref="fl-2"/>
      </object_component>
      <object_component id="oc-b2">
         <name>.debug_line</name>
         <load_address>0x635</load_address>
         <run_address>0x635</run_address>
         <size>0x20</size>
         <input_file_ref idref="fl-2"/>
      </object_component>
      <object_component id="oc-ad">
         <name>.debug_line</name>
         <load_address>0x655</load_address>
         <run_address>0x655</run_address>
         <size>0x6d</size>
         <input_file_ref idref="fl-2"/>
      </object_component>
      <object_component id="oc-75">
         <name>.debug_line</name>
         <load_address>0x6c2</load_address>
         <run_address>0x6c2</run_address>
         <size>0x6a</size>
         <input_file_ref idref="fl-2"/>
      </object_component>
      <object_component id="oc-1d3">
         <name>.debug_line</name>
         <load_address>0x72c</load_address>
         <run_address>0x72c</run_address>
         <size>0x65</size>
         <input_file_ref idref="fl-2"/>
      </object_component>
      <object_component id="oc-152">
         <name>.debug_line</name>
         <load_address>0x791</load_address>
         <run_address>0x791</run_address>
         <size>0x36</size>
         <input_file_ref idref="fl-2"/>
      </object_component>
      <object_component id="oc-d0">
         <name>.debug_line</name>
         <load_address>0x7c7</load_address>
         <run_address>0x7c7</run_address>
         <size>0x55</size>
         <input_file_ref idref="fl-3"/>
      </object_component>
      <object_component id="oc-2dd">
         <name>.debug_line</name>
         <load_address>0x81c</load_address>
         <run_address>0x81c</run_address>
         <size>0xc8</size>
         <input_file_ref idref="fl-4"/>
      </object_component>
      <object_component id="oc-187">
         <name>.debug_line</name>
         <load_address>0x8e4</load_address>
         <run_address>0x8e4</run_address>
         <size>0x19a</size>
         <input_file_ref idref="fl-4"/>
      </object_component>
      <object_component id="oc-1d6">
         <name>.debug_line</name>
         <load_address>0xa7e</load_address>
         <run_address>0xa7e</run_address>
         <size>0x107</size>
         <input_file_ref idref="fl-5"/>
      </object_component>
      <object_component id="oc-1f6">
         <name>.debug_line</name>
         <load_address>0xb85</load_address>
         <run_address>0xb85</run_address>
         <size>0x2d</size>
         <input_file_ref idref="fl-5"/>
      </object_component>
      <object_component id="oc-99">
         <name>.debug_line</name>
         <load_address>0xbb2</load_address>
         <run_address>0xbb2</run_address>
         <size>0x105</size>
         <input_file_ref idref="fl-5"/>
      </object_component>
      <object_component id="oc-6c">
         <name>.debug_line</name>
         <load_address>0xcb7</load_address>
         <run_address>0xcb7</run_address>
         <size>0x41</size>
         <input_file_ref idref="fl-6"/>
      </object_component>
      <object_component id="oc-2b">
         <name>.debug_line</name>
         <load_address>0xcf8</load_address>
         <run_address>0xcf8</run_address>
         <size>0x41</size>
         <input_file_ref idref="fl-6"/>
      </object_component>
      <object_component id="oc-29">
         <name>.debug_line</name>
         <load_address>0xd39</load_address>
         <run_address>0xd39</run_address>
         <size>0xa1</size>
         <input_file_ref idref="fl-6"/>
      </object_component>
      <object_component id="oc-36">
         <name>.debug_line</name>
         <load_address>0xdda</load_address>
         <run_address>0xdda</run_address>
         <size>0x20</size>
         <input_file_ref idref="fl-6"/>
      </object_component>
      <object_component id="oc-286">
         <name>.debug_line</name>
         <load_address>0xdfa</load_address>
         <run_address>0xdfa</run_address>
         <size>0x8e</size>
         <input_file_ref idref="fl-7"/>
      </object_component>
      <object_component id="oc-279">
         <name>.debug_line</name>
         <load_address>0xe88</load_address>
         <run_address>0xe88</run_address>
         <size>0x57</size>
         <input_file_ref idref="fl-7"/>
      </object_component>
      <object_component id="oc-284">
         <name>.debug_line</name>
         <load_address>0xedf</load_address>
         <run_address>0xedf</run_address>
         <size>0x57</size>
         <input_file_ref idref="fl-7"/>
      </object_component>
      <object_component id="oc-27b">
         <name>.debug_line</name>
         <load_address>0xf36</load_address>
         <run_address>0xf36</run_address>
         <size>0x57</size>
         <input_file_ref idref="fl-7"/>
      </object_component>
      <object_component id="oc-277">
         <name>.debug_line</name>
         <load_address>0xf8d</load_address>
         <run_address>0xf8d</run_address>
         <size>0x57</size>
         <input_file_ref idref="fl-7"/>
      </object_component>
      <object_component id="oc-d9">
         <name>.debug_line</name>
         <load_address>0xfe4</load_address>
         <run_address>0xfe4</run_address>
         <size>0x2a8</size>
         <input_file_ref idref="fl-7"/>
      </object_component>
      <object_component id="oc-2c3">
         <name>.debug_line</name>
         <load_address>0x128c</load_address>
         <run_address>0x128c</run_address>
         <size>0x82</size>
         <input_file_ref idref="fl-d"/>
      </object_component>
      <object_component id="oc-2c1">
         <name>.debug_line</name>
         <load_address>0x130e</load_address>
         <run_address>0x130e</run_address>
         <size>0x7d</size>
         <input_file_ref idref="fl-d"/>
      </object_component>
      <object_component id="oc-225">
         <name>.debug_line</name>
         <load_address>0x138b</load_address>
         <run_address>0x138b</run_address>
         <size>0x95</size>
         <input_file_ref idref="fl-d"/>
      </object_component>
      <object_component id="oc-22b">
         <name>.debug_line</name>
         <load_address>0x1420</load_address>
         <run_address>0x1420</run_address>
         <size>0xd1</size>
         <input_file_ref idref="fl-d"/>
      </object_component>
      <object_component id="oc-168">
         <name>.debug_line</name>
         <load_address>0x14f1</load_address>
         <run_address>0x14f1</run_address>
         <size>0x93</size>
         <input_file_ref idref="fl-d"/>
      </object_component>
      <object_component id="oc-165">
         <name>.debug_line</name>
         <load_address>0x1584</load_address>
         <run_address>0x1584</run_address>
         <size>0xa7</size>
         <input_file_ref idref="fl-d"/>
      </object_component>
      <object_component id="oc-158">
         <name>.debug_line</name>
         <load_address>0x162b</load_address>
         <run_address>0x162b</run_address>
         <size>0x69</size>
         <input_file_ref idref="fl-d"/>
      </object_component>
      <object_component id="oc-2fa">
         <name>.debug_line</name>
         <load_address>0x1694</load_address>
         <run_address>0x1694</run_address>
         <size>0x82</size>
         <input_file_ref idref="fl-e"/>
      </object_component>
      <object_component id="oc-24e">
         <name>.debug_line</name>
         <load_address>0x1716</load_address>
         <run_address>0x1716</run_address>
         <size>0x91</size>
         <input_file_ref idref="fl-e"/>
      </object_component>
      <object_component id="oc-254">
         <name>.debug_line</name>
         <load_address>0x17a7</load_address>
         <run_address>0x17a7</run_address>
         <size>0x91</size>
         <input_file_ref idref="fl-e"/>
      </object_component>
      <object_component id="oc-266">
         <name>.debug_line</name>
         <load_address>0x1838</load_address>
         <run_address>0x1838</run_address>
         <size>0x91</size>
         <input_file_ref idref="fl-e"/>
      </object_component>
      <object_component id="oc-260">
         <name>.debug_line</name>
         <load_address>0x18c9</load_address>
         <run_address>0x18c9</run_address>
         <size>0x91</size>
         <input_file_ref idref="fl-e"/>
      </object_component>
      <object_component id="oc-25a">
         <name>.debug_line</name>
         <load_address>0x195a</load_address>
         <run_address>0x195a</run_address>
         <size>0x91</size>
         <input_file_ref idref="fl-e"/>
      </object_component>
      <object_component id="oc-2cc">
         <name>.debug_line</name>
         <load_address>0x19eb</load_address>
         <run_address>0x19eb</run_address>
         <size>0x7c</size>
         <input_file_ref idref="fl-f"/>
      </object_component>
      <object_component id="oc-2ca">
         <name>.debug_line</name>
         <load_address>0x1a67</load_address>
         <run_address>0x1a67</run_address>
         <size>0x82</size>
         <input_file_ref idref="fl-f"/>
      </object_component>
      <object_component id="oc-177">
         <name>.debug_line</name>
         <load_address>0x1ae9</load_address>
         <run_address>0x1ae9</run_address>
         <size>0x97</size>
         <input_file_ref idref="fl-f"/>
      </object_component>
      <object_component id="oc-247">
         <name>.debug_line</name>
         <load_address>0x1b80</load_address>
         <run_address>0x1b80</run_address>
         <size>0x97</size>
         <input_file_ref idref="fl-f"/>
      </object_component>
      <object_component id="oc-17d">
         <name>.debug_line</name>
         <load_address>0x1c17</load_address>
         <run_address>0x1c17</run_address>
         <size>0xc2</size>
         <input_file_ref idref="fl-f"/>
      </object_component>
      <object_component id="oc-218">
         <name>.debug_line</name>
         <load_address>0x1cd9</load_address>
         <run_address>0x1cd9</run_address>
         <size>0x13d</size>
         <input_file_ref idref="fl-10"/>
      </object_component>
      <object_component id="oc-2c7">
         <name>.debug_line</name>
         <load_address>0x1e16</load_address>
         <run_address>0x1e16</run_address>
         <size>0x7f</size>
         <input_file_ref idref="fl-10"/>
      </object_component>
      <object_component id="oc-1a3">
         <name>.debug_line</name>
         <load_address>0x1e95</load_address>
         <run_address>0x1e95</run_address>
         <size>0x94</size>
         <input_file_ref idref="fl-10"/>
      </object_component>
      <object_component id="oc-15f">
         <name>.debug_line</name>
         <load_address>0x1f29</load_address>
         <run_address>0x1f29</run_address>
         <size>0x94</size>
         <input_file_ref idref="fl-10"/>
      </object_component>
      <object_component id="oc-ca">
         <name>.debug_line</name>
         <load_address>0x1fbd</load_address>
         <run_address>0x1fbd</run_address>
         <size>0xee</size>
         <input_file_ref idref="fl-10"/>
      </object_component>
      <object_component id="oc-171">
         <name>.debug_line</name>
         <load_address>0x20ab</load_address>
         <run_address>0x20ab</run_address>
         <size>0x11a</size>
         <input_file_ref idref="fl-10"/>
      </object_component>
      <object_component id="oc-21c">
         <name>.debug_line</name>
         <load_address>0x21c5</load_address>
         <run_address>0x21c5</run_address>
         <size>0x7f</size>
         <input_file_ref idref="fl-10"/>
      </object_component>
      <object_component id="oc-2ce">
         <name>.debug_line</name>
         <load_address>0x2244</load_address>
         <run_address>0x2244</run_address>
         <size>0x82</size>
         <input_file_ref idref="fl-11"/>
      </object_component>
      <object_component id="oc-183">
         <name>.debug_line</name>
         <load_address>0x22c6</load_address>
         <run_address>0x22c6</run_address>
         <size>0x92</size>
         <input_file_ref idref="fl-11"/>
      </object_component>
      <object_component id="oc-1af">
         <name>.debug_line</name>
         <load_address>0x2358</load_address>
         <run_address>0x2358</run_address>
         <size>0x93</size>
         <input_file_ref idref="fl-11"/>
      </object_component>
      <object_component id="oc-270">
         <name>.debug_line</name>
         <load_address>0x23eb</load_address>
         <run_address>0x23eb</run_address>
         <size>0x96</size>
         <input_file_ref idref="fl-11"/>
      </object_component>
      <object_component id="oc-1a9">
         <name>.debug_line</name>
         <load_address>0x2481</load_address>
         <run_address>0x2481</run_address>
         <size>0xb3</size>
         <input_file_ref idref="fl-11"/>
      </object_component>
      <object_component id="oc-1b5">
         <name>.debug_line</name>
         <load_address>0x2534</load_address>
         <run_address>0x2534</run_address>
         <size>0x93</size>
         <input_file_ref idref="fl-11"/>
      </object_component>
      <object_component id="oc-1bb">
         <name>.debug_line</name>
         <load_address>0x25c7</load_address>
         <run_address>0x25c7</run_address>
         <size>0x93</size>
         <input_file_ref idref="fl-11"/>
      </object_component>
      <object_component id="oc-236">
         <name>.debug_line</name>
         <load_address>0x265a</load_address>
         <run_address>0x265a</run_address>
         <size>0x91</size>
         <input_file_ref idref="fl-12"/>
      </object_component>
      <object_component id="oc-2d0">
         <name>.debug_line</name>
         <load_address>0x26eb</load_address>
         <run_address>0x26eb</run_address>
         <size>0x91</size>
         <input_file_ref idref="fl-12"/>
      </object_component>
      <object_component id="oc-292">
         <name>.debug_line</name>
         <load_address>0x277c</load_address>
         <run_address>0x277c</run_address>
         <size>0x2a</size>
         <input_file_ref idref="fl-c8"/>
      </object_component>
      <object_component id="oc-f1">
         <name>.debug_line</name>
         <load_address>0x27a6</load_address>
         <run_address>0x27a6</run_address>
         <size>0xe3</size>
         <input_file_ref idref="fl-c8"/>
      </object_component>
      <object_component id="oc-296">
         <name>.debug_line</name>
         <load_address>0x2889</load_address>
         <run_address>0x2889</run_address>
         <size>0x92</size>
         <input_file_ref idref="fl-c8"/>
      </object_component>
      <object_component id="oc-1e8">
         <name>.debug_line</name>
         <load_address>0x291b</load_address>
         <run_address>0x291b</run_address>
         <size>0x8f</size>
         <input_file_ref idref="fl-c8"/>
      </object_component>
      <object_component id="oc-29e">
         <name>.debug_line</name>
         <load_address>0x29aa</load_address>
         <run_address>0x29aa</run_address>
         <size>0x89</size>
         <input_file_ref idref="fl-c9"/>
      </object_component>
      <object_component id="oc-fc">
         <name>.debug_line</name>
         <load_address>0x2a33</load_address>
         <run_address>0x2a33</run_address>
         <size>0x12d</size>
         <input_file_ref idref="fl-c9"/>
      </object_component>
      <object_component id="oc-2fc">
         <name>.debug_line</name>
         <load_address>0x2b60</load_address>
         <run_address>0x2b60</run_address>
         <size>0x20</size>
         <input_file_ref idref="fl-ca"/>
      </object_component>
      <object_component id="oc-2e2">
         <name>.debug_line</name>
         <load_address>0x2b80</load_address>
         <run_address>0x2b80</run_address>
         <size>0x2c</size>
         <input_file_ref idref="fl-ca"/>
      </object_component>
      <object_component id="oc-1e2">
         <name>.debug_line</name>
         <load_address>0x2bac</load_address>
         <run_address>0x2bac</run_address>
         <size>0xca</size>
         <input_file_ref idref="fl-ca"/>
      </object_component>
      <object_component id="oc-1ca">
         <name>.debug_line</name>
         <load_address>0x2c76</load_address>
         <run_address>0x2c76</run_address>
         <size>0x5b</size>
         <input_file_ref idref="fl-cb"/>
      </object_component>
      <object_component id="oc-1da">
         <name>.debug_line</name>
         <load_address>0x2cd1</load_address>
         <run_address>0x2cd1</run_address>
         <size>0xd2</size>
         <input_file_ref idref="fl-cc"/>
      </object_component>
      <object_component id="oc-289">
         <name>.debug_line</name>
         <load_address>0x2da3</load_address>
         <run_address>0x2da3</run_address>
         <size>0x77</size>
         <input_file_ref idref="fl-cd"/>
      </object_component>
      <object_component id="oc-ff">
         <name>.debug_line</name>
         <load_address>0x2e1a</load_address>
         <run_address>0x2e1a</run_address>
         <size>0xa8</size>
         <input_file_ref idref="fl-ce"/>
      </object_component>
      <object_component id="oc-105">
         <name>.debug_line</name>
         <load_address>0x2ec2</load_address>
         <run_address>0x2ec2</run_address>
         <size>0x8e</size>
         <input_file_ref idref="fl-cf"/>
      </object_component>
      <object_component id="oc-f7">
         <name>.debug_line</name>
         <load_address>0x2f50</load_address>
         <run_address>0x2f50</run_address>
         <size>0x67</size>
         <input_file_ref idref="fl-d0"/>
      </object_component>
      <object_component id="oc-ec">
         <name>.debug_line</name>
         <load_address>0x2fb7</load_address>
         <run_address>0x2fb7</run_address>
         <size>0x57</size>
         <input_file_ref idref="fl-d1"/>
      </object_component>
      <object_component id="oc-c3">
         <name>.debug_line</name>
         <load_address>0x300e</load_address>
         <run_address>0x300e</run_address>
         <size>0x9e</size>
         <input_file_ref idref="fl-d2"/>
      </object_component>
      <object_component id="oc-45">
         <name>.debug_line</name>
         <load_address>0x30ac</load_address>
         <run_address>0x30ac</run_address>
         <size>0x4f</size>
         <input_file_ref idref="fl-d2"/>
      </object_component>
      <object_component id="oc-89">
         <name>.debug_line</name>
         <load_address>0x30fb</load_address>
         <run_address>0x30fb</run_address>
         <size>0x34</size>
         <input_file_ref idref="fl-d2"/>
      </object_component>
      <object_component id="oc-c0">
         <name>.debug_line</name>
         <load_address>0x312f</load_address>
         <run_address>0x312f</run_address>
         <size>0x8a</size>
         <input_file_ref idref="fl-d2"/>
      </object_component>
      <object_component id="oc-84">
         <name>.debug_line</name>
         <load_address>0x31b9</load_address>
         <run_address>0x31b9</run_address>
         <size>0x20</size>
         <input_file_ref idref="fl-d3"/>
      </object_component>
      <object_component id="oc-19">
         <name>.debug_line</name>
         <load_address>0x31d9</load_address>
         <run_address>0x31d9</run_address>
         <size>0x55</size>
         <input_file_ref idref="fl-d3"/>
      </object_component>
      <object_component id="oc-41">
         <name>.debug_line</name>
         <load_address>0x322e</load_address>
         <run_address>0x322e</run_address>
         <size>0x3a</size>
         <input_file_ref idref="fl-d3"/>
      </object_component>
      <object_component id="oc-81">
         <name>.debug_line</name>
         <load_address>0x3268</load_address>
         <run_address>0x3268</run_address>
         <size>0x8a</size>
         <input_file_ref idref="fl-d3"/>
      </object_component>
      <object_component id="oc-bc">
         <name>.debug_line</name>
         <load_address>0x32f2</load_address>
         <run_address>0x32f2</run_address>
         <size>0x20</size>
         <input_file_ref idref="fl-d4"/>
      </object_component>
      <object_component id="oc-16">
         <name>.debug_line</name>
         <load_address>0x3312</load_address>
         <run_address>0x3312</run_address>
         <size>0xa9</size>
         <input_file_ref idref="fl-d4"/>
      </object_component>
      <object_component id="oc-31">
         <name>.debug_line</name>
[...]
      <symbol id="sm-124">
         <name>device</name>
         <value>0x2000027c</value>
      </symbol>
      <symbol id="sm-125">
         <name>gyro</name>
         <value>0x20000200</value>
      </symbol>
      <symbol id="sm-126">
         <name>accel</name>
         <value>0x20000244</value>
      </symbol>
      <symbol id="sm-127">
         <name>mag</name>
         <value>0x20000266</value>
      </symbol>
      <symbol id="sm-128">
         <name>temp</name>
         <value>0x2000024d</value>
      </symbol>
      <symbol id="sm-129">
         <name>gx</name>
         <value>0x20000282</value>
      </symbol>
      <symbol id="sm-12a">
         <name>gy</name>
         <value>0x20000284</value>
      </symbol>
      <symbol id="sm-12b">
         <name>gz</name>
         <value>0x20000286</value>
      </symbol>
      <symbol id="sm-12c">
         <name>ax</name>
         <value>0x20000212</value>
      </symbol>
      <symbol id="sm-12d">
         <name>ay</name>
         <value>0x2000026e</value>
      </symbol>
      <symbol id="sm-12e">
         <name>az</name>
         <value>0x20000280</value>
      </symbol>
      <symbol id="sm-12f">
         <name>mx</name>
         <value>0x20000288</value>
      </symbol>
      <symbol id="sm-130">
         <name>my</name>
         <value>0x2000028a</value>
      </symbol>
      <symbol id="sm-131">
         <name>mz</name>
         <value>0x2000028c</value>
      </symbol>
      <symbol id="sm-132">
         <name>temperature</name>
         <value>0x2000028e</value>
      </symbol>
      <symbol id="sm-133">
         <name>gBias</name>
         <value>0x20000220</value>
      </symbol>
      <symbol id="sm-134">
         <name>aBias</name>
         <value>0x20000214</value>
      </symbol>
      <symbol id="sm-135">
         <name>mBias</name>
         <value>0x2000022c</value>
      </symbol>
      <symbol id="sm-136">
         <name>gBiasRaw</name>
         <value>0x20000256</value>
      </symbol>
      <symbol id="sm-137">
         <name>aBiasRaw</name>
         <value>0x2000024e</value>
      </symbol>
      <symbol id="sm-138">
         <name>mBiasRaw</name>
         <value>0x2000025e</value>
      </symbol>
      <symbol id="sm-139">
         <name>gRes</name>
         <value>0x20000274</value>
      </symbol>
      <symbol id="sm-13a">
         <name>aRes</name>
         <value>0x20000270</value>
      </symbol>
      <symbol id="sm-13b">
         <name>mRes</name>
         <value>0x20000278</value>
      </symbol>
      <symbol id="sm-13c">
         <name>xgReadByte</name>
         <value>0xdd7</value>
         <object_component_ref idref="oc-d2"/>
      </symbol>
      <symbol id="sm-13d">
         <name>accelAvailable</name>
         <value>0x8a5</value>
         <object_component_ref idref="oc-d2"/>
      </symbol>
      <symbol id="sm-13e">
         <name>gyroAvailable</name>
         <value>0x8bb</value>
         <object_component_ref idref="oc-d2"/>
      </symbol>
      <symbol id="sm-13f">
         <name>magSensitivity</name>
         <value>0x20000290</value>
         <object_component_ref idref="oc-19a"/>
      </symbol>
      <symbol id="sm-140">
         <name>xgReadBytes</name>
         <value>0xe09</value>
         <object_component_ref idref="oc-d2"/>
      </symbol>
      <symbol id="sm-141">
         <name>setGyroScale</name>
         <value>0xa49</value>
         <object_component_ref idref="oc-d2"/>
      </symbol>
      <symbol id="sm-142">
         <name>setAccelODR</name>
         <value>0xc4d</value>
         <object_component_ref idref="oc-d2"/>
      </symbol>
      <symbol id="sm-143">
         <name>xgWriteByte</name>
         <value>0xd81</value>
         <object_component_ref idref="oc-d2"/>
      </symbol>
      <symbol id="sm-144">
         <name>LSM9DS1_begin</name>
         <value>0x45b</value>
         <object_component_ref idref="oc-d2"/>
      </symbol>
      <symbol id="sm-145">
         <name>readAccel</name>
         <value>0x8eb</value>
         <object_component_ref idref="oc-d2"/>
      </symbol>
      <symbol id="sm-146">
         <name>constrainScales</name>
         <value>0xd11</value>
         <object_component_ref idref="oc-d2"/>
      </symbol>
      <symbol id="sm-147">
         <name>initAccel</name>
         <value>0x699</value>
         <object_component_ref idref="oc-d2"/>
      </symbol>
      <symbol id="sm-148">
         <name>readMag</name>
         <value>0x929</value>
         <object_component_ref idref="oc-d2"/>
      </symbol>
      <symbol id="sm-149">
         <name>IMU_readWHOAMI_AG</name>
         <value>0x26d</value>
         <object_component_ref idref="oc-d2"/>
      </symbol>
      <symbol id="sm-14a">
         <name>mReadByte</name>
         <value>0xe3d</value>
         <object_component_ref idref="oc-d2"/>
      </symbol>
      <symbol id="sm-14b">
         <name>IMU_readWHOAMI_M</name>
         <value>0x289</value>
         <object_component_ref idref="oc-d2"/>
      </symbol>
      <symbol id="sm-14c">
         <name>setMagScale</name>
         <value>0xb69</value>
         <object_component_ref idref="oc-d2"/>
      </symbol>
      <symbol id="sm-14d">
         <name>readGyro</name>
         <value>0x985</value>
         <object_component_ref idref="oc-d2"/>
      </symbol>
      <symbol id="sm-14e">
         <name>setMagODR</name>
         <value>0xcb1</value>
         <object_component_ref idref="oc-d2"/>
      </symbol>
      <symbol id="sm-14f">
         <name>setAccelScale</name>
         <value>0xad5</value>
         <object_component_ref idref="oc-d2"/>
      </symbol>
      <symbol id="sm-150">
         <name>mReadBytes</name>
         <value>0xe69</value>
         <object_component_ref idref="oc-d2"/>
      </symbol>
      <symbol id="sm-151">
         <name>calcGyro</name>
         <value>0x9c9</value>
         <object_component_ref idref="oc-d2"/>
      </symbol>
      <symbol id="sm-152">
         <name>setGyroODR</name>
         <value>0xbed</value>
         <object_component_ref idref="oc-d2"/>
      </symbol>
      <symbol id="sm-153">
         <name>readTemp</name>
         <value>0x967</value>
         <object_component_ref idref="oc-d2"/>
      </symbol>
      <symbol id="sm-154">
         <name>tempAvailable</name>
         <value>0x8d3</value>
         <object_component_ref idref="oc-d2"/>
      </symbol>
      <symbol id="sm-155">
         <name>calcaRes</name>
         <value>0x3fb</value>
         <object_component_ref idref="oc-d2"/>
      </symbol>
      <symbol id="sm-156">
         <name>calcAccel</name>
         <value>0x9eb</value>
         <object_component_ref idref="oc-d2"/>
      </symbol>
      <symbol id="sm-157">
         <name>calcgRes</name>
         <value>0x3dd</value>
         <object_component_ref idref="oc-d2"/>
      </symbol>
      <symbol id="sm-158">
         <name>initMag</name>
         <value>0x7a9</value>
         <object_component_ref idref="oc-d2"/>
      </symbol>
      <symbol id="sm-159">
         <name>mWriteByte</name>
         <value>0xdad</value>
         <object_component_ref idref="oc-d2"/>
      </symbol>
      <symbol id="sm-15a">
         <name>calcmRes</name>
         <value>0x419</value>
         <object_component_ref idref="oc-d2"/>
      </symbol>
      <symbol id="sm-15b">
         <name>initGyro</name>
         <value>0x48d</value>
         <object_component_ref idref="oc-d2"/>
      </symbol>
      <symbol id="sm-15c">
         <name>IMU_init</name>
         <value>0x2a5</value>
         <object_component_ref idref="oc-d2"/>
      </symbol>
      <symbol id="sm-15d">
         <name>calcMag</name>
         <value>0xa15</value>
         <object_component_ref idref="oc-d2"/>
      </symbol>
      <symbol id="sm-16b">
         <name>UART_init</name>
         <value>0x2bd9</value>
         <object_component_ref idref="oc-cc"/>
      </symbol>
      <symbol id="sm-1ab">
         <name>I2C_Write</name>
         <value>0x19f1</value>
         <object_component_ref idref="oc-186"/>
      </symbol>
      <symbol id="sm-1ac">
         <name>I2C_Init</name>
         <value>0x17c5</value>
         <object_component_ref idref="oc-186"/>
      </symbol>
      <symbol id="sm-1ad">
         <name>I2C_Read</name>
         <value>0x1add</value>
         <object_component_ref idref="oc-186"/>
      </symbol>
      <symbol id="sm-1ef">
         <name>rev_data</name>
         <value>0x20000238</value>
      </symbol>
      <symbol id="sm-1f0">
         <name>printGyro</name>
         <value>0x1425</value>
         <object_component_ref idref="oc-98"/>
      </symbol>
      <symbol id="sm-1f1">
         <name>printAccel</name>
         <value>0x13f3</value>
         <object_component_ref idref="oc-98"/>
      </symbol>
      <symbol id="sm-1f2">
         <name>PI</name>
         <value>0x3178</value>
         <object_component_ref idref="oc-10b"/>
      </symbol>
      <symbol id="sm-1f3">
         <name>main</name>
         <value>0x1351</value>
         <object_component_ref idref="oc-98"/>
      </symbol>
      <symbol id="sm-1f4">
         <name>printAttitude</name>
         <value>0x14cd</value>
         <object_component_ref idref="oc-98"/>
      </symbol>
      <symbol id="sm-1f5">
         <name>printMag</name>
         <value>0x1457</value>
         <object_component_ref idref="oc-98"/>
      </symbol>
      <symbol id="sm-216">
         <name>ResetISR</name>
         <value>0x2eeb</value>
         <object_component_ref idref="oc-24"/>
      </symbol>
      <symbol id="sm-217">
         <name>g_pfnVectors</name>
         <value>0x0</value>
         <object_component_ref idref="oc-f"/>
      </symbol>
      <symbol id="sm-286">
         <name>UARTgetc</name>
         <value>0xffb</value>
         <object_component_ref idref="oc-d8"/>
      </symbol>
      <symbol id="sm-287">
         <name>UARTgets</name>
         <value>0xf41</value>
         <object_component_ref idref="oc-d8"/>
      </symbol>
      <symbol id="sm-288">
         <name>UARTStdioConfig</name>
         <value>0xeb5</value>
         <object_component_ref idref="oc-d8"/>
      </symbol>
      <symbol id="sm-289">
         <name>UARTwrite</name>
         <value>0xefb</value>
         <object_component_ref idref="oc-d8"/>
      </symbol>
      <symbol id="sm-28a">
         <name>UARTprintf</name>
         <value>0x131b</value>
         <object_component_ref idref="oc-d8"/>
      </symbol>
      <symbol id="sm-28b">
         <name>UARTvprintf</name>
         <value>0x1021</value>
         <object_component_ref idref="oc-d8"/>
      </symbol>
      <symbol id="sm-2c2">
         <name>GPIOPinConfigure</name>
         <value>0x2c31</value>
         <object_component_ref idref="oc-161"/>
      </symbol>
      <symbol id="sm-2c3">
         <name>GPIOPinTypeUART</name>
         <value>0x2e81</value>
         <object_component_ref idref="oc-167"/>
      </symbol>
      <symbol id="sm-2c4">
         <name>GPIODirModeSet</name>
         <value>0x2e21</value>
         <object_component_ref idref="oc-224"/>
      </symbol>
      <symbol id="sm-2c5">
         <name>GPIOPadConfigSet</name>
         <value>0x2547</value>
         <object_component_ref idref="oc-22a"/>
      </symbol>
      <symbol id="sm-2f2">
         <name>I2CMasterDataPut</name>
         <value>0x2f3b</value>
         <object_component_ref idref="oc-24f"/>
      </symbol>
      <symbol id="sm-2f3">
         <name>I2CMasterSlaveAddrSet</name>
         <value>0x2f13</value>
         <object_component_ref idref="oc-249"/>
      </symbol>
      <symbol id="sm-2f4">
         <name>I2CMasterDataGet</name>
         <value>0x2f37</value>
         <object_component_ref idref="oc-261"/>
      </symbol>
      <symbol id="sm-2f5">
         <name>I2CMasterControl</name>
         <value>0x2f33</value>
         <object_component_ref idref="oc-25b"/>
      </symbol>
      <symbol id="sm-2f6">
         <name>I2CMasterBusy</name>
         <value>0x2f0b</value>
         <object_component_ref idref="oc-255"/>
      </symbol>
      <symbol id="sm-32f">
         <name>IntEnable</name>
         <value>0x2b09</value>
         <object_component_ref idref="oc-179"/>
      </symbol>
      <symbol id="sm-330">
         <name>IntMasterDisable</name>
         <value>0x2ea5</value>
         <object_component_ref idref="oc-243"/>
      </symbol>
      <symbol id="sm-331">
         <name>IntMasterEnable</name>
         <value>0x2eb5</value>
         <object_component_ref idref="oc-173"/>
      </symbol>
      <symbol id="sm-38e">
         <name>SysCtlPeripheralPresent</name>
         <value>0x2d45</value>
         <object_component_ref idref="oc-19f"/>
      </symbol>
      <symbol id="sm-38f">
         <name>SysCtlClockSet</name>
         <value>0x2885</value>
         <object_component_ref idref="oc-c6"/>
      </symbol>
      <symbol id="sm-390">
         <name>SysCtlDelay</name>
         <value>0x2f2d</value>
         <object_component_ref idref="oc-de"/>
      </symbol>
      <symbol id="sm-391">
         <name>SysCtlPeripheralEnable</name>
         <value>0x2ded</value>
         <object_component_ref idref="oc-15b"/>
      </symbol>
      <symbol id="sm-392">
         <name>SysCtlClockGet</name>
         <value>0x2679</value>
         <object_component_ref idref="oc-16d"/>
      </symbol>
      <symbol id="sm-3cd">
         <name>UARTConfigSetExpClk</name>
         <value>0x2c79</value>
         <object_component_ref idref="oc-1a5"/>
      </symbol>
      <symbol id="sm-3ce">
         <name>UARTDisable</name>
         <value>0x2e4d</value>
         <object_component_ref idref="oc-26c"/>
      </symbol>
      <symbol id="sm-3cf">
         <name>UARTIntEnable</name>
         <value>0x2f1b</value>
         <object_component_ref idref="oc-17f"/>
      </symbol>
      <symbol id="sm-3d0">
         <name>UARTCharPut</name>
         <value>0x2f01</value>
         <object_component_ref idref="oc-1b1"/>
      </symbol>
      <symbol id="sm-3d1">
         <name>UARTEnable</name>
         <value>0x2e6d</value>
         <object_component_ref idref="oc-1ab"/>
      </symbol>
      <symbol id="sm-3d2">
         <name>UARTCharGet</name>
         <value>0x2ef7</value>
         <object_component_ref idref="oc-1b7"/>
      </symbol>
      <symbol id="sm-3e4">
         <name>CPUcpsie</name>
         <value>0x2edf</value>
         <object_component_ref idref="oc-235"/>
      </symbol>
      <symbol id="sm-3e5">
         <name>CPUcpsid</name>
         <value>0x2ed3</value>
         <object_component_ref idref="oc-2cf"/>
      </symbol>
      <symbol id="sm-429">
         <name>atan2</name>
         <value>0x1f15</value>
         <object_component_ref idref="oc-ed"/>
      </symbol>
      <symbol id="sm-42a">
         <name>atan2l</name>
         <value>0x1f15</value>
         <object_component_ref idref="oc-ed"/>
      </symbol>
      <symbol id="sm-44c">
         <name>sqrtl</name>
         <value>0x22b9</value>
         <object_component_ref idref="oc-f8"/>
      </symbol>
      <symbol id="sm-44d">
         <name>sqrt</name>
         <value>0x22b9</value>
         <object_component_ref idref="oc-f8"/>
      </symbol>
      <symbol id="sm-483">
         <name>atanl</name>
         <value>0x1c29</value>
         <object_component_ref idref="oc-1dd"/>
      </symbol>
      <symbol id="sm-484">
         <name>atan</name>
         <value>0x1c29</value>
         <object_component_ref idref="oc-1dd"/>
      </symbol>
      <symbol id="sm-493">
         <name>__aeabi_uidivmod</name>
         <value>0x2d05</value>
         <object_component_ref idref="oc-1c6"/>
      </symbol>
      <symbol id="sm-494">
         <name>__aeabi_uidiv</name>
         <value>0x2d05</value>
         <object_component_ref idref="oc-1c6"/>
      </symbol>
      <symbol id="sm-4ab">
         <name>__aeabi_dsub</name>
         <value>0x2101</value>
         <object_component_ref idref="oc-1d8"/>
      </symbol>
      <symbol id="sm-4ac">
         <name>__aeabi_dadd</name>
         <value>0x210b</value>
         <object_component_ref idref="oc-1d8"/>
      </symbol>
      <symbol id="sm-4be">
         <name>__aeabi_cdrcmple</name>
         <value>0x2a15</value>
         <object_component_ref idref="oc-288"/>
      </symbol>
      <symbol id="sm-4d2">
         <name>__aeabi_ddiv</name>
         <value>0x2411</value>
         <object_component_ref idref="oc-fe"/>
      </symbol>
      <symbol id="sm-4dd">
         <name>__aeabi_dmul</name>
         <value>0x2789</value>
         <object_component_ref idref="oc-103"/>
      </symbol>
      <symbol id="sm-4e9">
         <name>__aeabi_d2f</name>
         <value>0x2a9b</value>
         <object_component_ref idref="oc-f3"/>
      </symbol>
      <symbol id="sm-4f4">
         <name>__aeabi_f2d</name>
         <value>0x2db5</value>
         <object_component_ref idref="oc-e8"/>
      </symbol>
      <symbol id="sm-50d">
         <name>__TI_zero_init_nomemset</name>
         <value>0x2e93</value>
         <object_component_ref idref="oc-44"/>
      </symbol>
      <symbol id="sm-524">
         <name>__TI_decompress_none</name>
         <value>0x2ec5</value>
         <object_component_ref idref="oc-18"/>
      </symbol>
      <symbol id="sm-547">
         <name>__TI_decompress_lzss</name>
         <value>0x2b71</value>
         <object_component_ref idref="oc-12"/>
      </symbol>
      <symbol id="sm-55d">
         <name>__aeabi_errno_addr</name>
         <value>0x2f25</value>
         <object_component_ref idref="oc-1eb"/>
      </symbol>
      <symbol id="sm-55e">
         <name>errno</name>
         <value>0x200002a8</value>
         <object_component_ref idref="oc-298"/>
      </symbol>
      <symbol id="sm-571">
         <name>__stack</name>
         <value>0x20000000</value>
         <object_component_ref idref="oc-21"/>
      </symbol>
      <symbol id="sm-572">
         <name>_c_int00_noargs</name>
         <value>0x2d7d</value>
         <object_component_ref idref="oc-56"/>
      </symbol>
      <symbol id="sm-57c">
         <name>__aeabi_idiv0</name>
         <value>0x22b7</value>
         <object_component_ref idref="oc-27c"/>
      </symbol>
      <symbol id="sm-57d">
         <name>__aeabi_ldiv0</name>
         <value>0x22b7</value>
         <object_component_ref idref="oc-27c"/>
      </symbol>
      <symbol id="sm-599">
         <name>memcpy</name>
         <value>0x2979</value>
         <object_component_ref idref="oc-38"/>
      </symbol>
      <symbol id="sm-59a">
         <name>__aeabi_memcpy</name>
         <value>0x2979</value>
         <object_component_ref idref="oc-38"/>
      </symbol>
      <symbol id="sm-59b">
         <name>__aeabi_memcpy8</name>
         <value>0x2979</value>
         <object_component_ref idref="oc-38"/>
      </symbol>
      <symbol id="sm-59c">
         <name>__aeabi_memcpy4</name>
         <value>0x2979</value>
         <object_component_ref idref="oc-38"/>
      </symbol>
      <symbol id="sm-5c4">
         <name>__TI_auto_init_nobinit_nopinit</name>
         <value>0x2cc1</value>
         <object_component_ref idref="oc-11b"/>
      </symbol>
      <symbol id="sm-5ce">
         <name>_system_pre_init</name>
         <value>0x2f3f</value>
         <object_component_ref idref="oc-92"/>
      </symbol>
      <symbol id="sm-5da">
         <name>C$$EXIT</name>
         <value>0x2f43</value>
         <object_component_ref idref="oc-10f"/>
      </symbol>
      <symbol id="sm-5db">
         <name>abort</name>
         <value>0x2f43</value>
         <object_component_ref idref="oc-10f"/>
      </symbol>
      <symbol id="sm-5de">
         <name>__TI_static_base__</name>
         <value>0x0</value>
      </symbol>
      <symbol id="sm-5e1">
         <name>__mpu_init</name>
         <value>0x0</value>
      </symbol>
      <symbol id="sm-5e2">
         <name>_system_post_cinit</name>
         <value>0x0</value>
      </symbol>
   </symbol_table>
   <title>Link successful</title>
</link_info>
